c:\users\jackf\onedrive\documents\github\busmaster\sources\busmaster\frameprocessor\release\vc143.pdb
c:\users\jackf\onedrive\documents\github\busmaster\sources\busmaster\bin\dumpfiles\release\obj\frameprocessor\logobjectlin.obj
c:\users\jackf\onedrive\documents\github\busmaster\sources\busmaster\bin\dumpfiles\release\obj\frameprocessor\logobjectj1939.obj
c:\users\jackf\onedrive\documents\github\busmaster\sources\busmaster\bin\dumpfiles\release\obj\frameprocessor\logobjectcan.obj
c:\users\jackf\onedrive\documents\github\busmaster\sources\busmaster\bin\dumpfiles\release\obj\frameprocessor\frameprocessor_lin.obj
c:\users\jackf\onedrive\documents\github\busmaster\sources\busmaster\bin\dumpfiles\release\obj\frameprocessor\frameprocessor_j1939.obj
c:\users\jackf\onedrive\documents\github\busmaster\sources\busmaster\bin\dumpfiles\release\obj\frameprocessor\frameprocessor_common.obj
c:\users\jackf\onedrive\documents\github\busmaster\sources\busmaster\bin\dumpfiles\release\obj\frameprocessor\frameprocessor_can.obj
c:\users\jackf\onedrive\documents\github\busmaster\sources\busmaster\bin\dumpfiles\release\obj\frameprocessor\frameprocessor.obj
c:\users\jackf\onedrive\documents\github\busmaster\sources\busmaster\bin\dumpfiles\release\obj\frameprocessor\formatmsglin.obj
c:\users\jackf\onedrive\documents\github\busmaster\sources\busmaster\bin\dumpfiles\release\obj\frameprocessor\formatmsgj1939.obj
c:\users\jackf\onedrive\documents\github\busmaster\sources\busmaster\bin\dumpfiles\release\obj\frameprocessor\formatmsgcommon.obj
c:\users\jackf\onedrive\documents\github\busmaster\sources\busmaster\bin\dumpfiles\release\obj\frameprocessor\formatmsgcan.obj
c:\users\jackf\onedrive\documents\github\busmaster\sources\busmaster\bin\dumpfiles\release\obj\frameprocessor\configmsgloglindlg.obj
c:\users\jackf\onedrive\documents\github\busmaster\sources\busmaster\bin\dumpfiles\release\obj\frameprocessor\configmsglogj1939dlg.obj
c:\users\jackf\onedrive\documents\github\busmaster\sources\busmaster\bin\dumpfiles\release\obj\frameprocessor\configmsglogdlg.obj
c:\users\jackf\onedrive\documents\github\busmaster\sources\busmaster\bin\dumpfiles\release\obj\frameprocessor\configmsglogcandlg.obj
c:\users\jackf\onedrive\documents\github\busmaster\sources\busmaster\bin\dumpfiles\release\obj\frameprocessor\baselogobject.obj
c:\users\jackf\onedrive\documents\github\busmaster\sources\busmaster\bin\release\frameprocessor.dll
c:\users\jackf\onedrive\documents\github\busmaster\sources\busmaster\bin\dumpfiles\release\pdb\frameprocessor.pdb
c:\users\jackf\onedrive\documents\github\busmaster\sources\busmaster\frameprocessor\release\frameprocessor.res
c:\users\jackf\onedrive\documents\github\busmaster\sources\busmaster\bin\libs\release\frameprocessor.lib
c:\users\jackf\onedrive\documents\github\busmaster\sources\busmaster\bin\libs\release\frameprocessor.exp
c:\users\jackf\onedrive\documents\github\busmaster\sources\busmaster\frameprocessor\release\frameprocessor.tlog\cl.command.1.tlog
c:\users\jackf\onedrive\documents\github\busmaster\sources\busmaster\frameprocessor\release\frameprocessor.tlog\cl.items.tlog
c:\users\jackf\onedrive\documents\github\busmaster\sources\busmaster\frameprocessor\release\frameprocessor.tlog\cl.read.1.tlog
c:\users\jackf\onedrive\documents\github\busmaster\sources\busmaster\frameprocessor\release\frameprocessor.tlog\cl.write.1.tlog
c:\users\jackf\onedrive\documents\github\busmaster\sources\busmaster\frameprocessor\release\frameprocessor.tlog\link.command.1.tlog
c:\users\jackf\onedrive\documents\github\busmaster\sources\busmaster\frameprocessor\release\frameprocessor.tlog\link.read.1.tlog
c:\users\jackf\onedrive\documents\github\busmaster\sources\busmaster\frameprocessor\release\frameprocessor.tlog\link.secondary.1.tlog
c:\users\jackf\onedrive\documents\github\busmaster\sources\busmaster\frameprocessor\release\frameprocessor.tlog\link.write.1.tlog
c:\users\jackf\onedrive\documents\github\busmaster\sources\busmaster\frameprocessor\release\frameprocessor.tlog\rc.command.1.tlog
c:\users\jackf\onedrive\documents\github\busmaster\sources\busmaster\frameprocessor\release\frameprocessor.tlog\rc.read.1.tlog
c:\users\jackf\onedrive\documents\github\busmaster\sources\busmaster\frameprocessor\release\frameprocessor.tlog\rc.write.1.tlog
