c:\users\jackf\onedrive\documents\github\busmaster\sources\busmaster\uds_protocol\release\vc143.pdb
c:\users\jackf\onedrive\documents\github\busmaster\sources\busmaster\bin\dumpfiles\release\obj\uds_protocol\uds_timmingwnd.obj
c:\users\jackf\onedrive\documents\github\busmaster\sources\busmaster\bin\dumpfiles\release\obj\uds_protocol\stdafx.obj
c:\users\jackf\onedrive\documents\github\busmaster\sources\busmaster\bin\dumpfiles\release\obj\uds_protocol\udssettingswnd.obj
c:\users\jackf\onedrive\documents\github\busmaster\sources\busmaster\bin\dumpfiles\release\obj\uds_protocol\udsmainwnd.obj
c:\users\jackf\onedrive\documents\github\busmaster\sources\busmaster\bin\dumpfiles\release\obj\uds_protocol\uds_protocol.obj
c:\users\jackf\onedrive\documents\github\busmaster\sources\busmaster\bin\dumpfiles\release\obj\uds_protocol\uds_negrespmng.obj
c:\users\jackf\onedrive\documents\github\busmaster\sources\busmaster\bin\release\uds_protocol.dll
c:\users\jackf\onedrive\documents\github\busmaster\sources\busmaster\bin\dumpfiles\release\pdb\uds_protocol.pdb
c:\users\jackf\onedrive\documents\github\busmaster\sources\busmaster\uds_protocol\release\uds.res
c:\users\jackf\onedrive\documents\github\busmaster\sources\busmaster\bin\libs\release\uds_protocol.lib
c:\users\jackf\onedrive\documents\github\busmaster\sources\busmaster\bin\libs\release\uds_protocol.exp
c:\users\jackf\onedrive\documents\github\busmaster\sources\busmaster\uds_protocol\release\uds_protocol.tlog\cl.command.1.tlog
c:\users\jackf\onedrive\documents\github\busmaster\sources\busmaster\uds_protocol\release\uds_protocol.tlog\cl.items.tlog
c:\users\jackf\onedrive\documents\github\busmaster\sources\busmaster\uds_protocol\release\uds_protocol.tlog\cl.read.1.tlog
c:\users\jackf\onedrive\documents\github\busmaster\sources\busmaster\uds_protocol\release\uds_protocol.tlog\cl.write.1.tlog
c:\users\jackf\onedrive\documents\github\busmaster\sources\busmaster\uds_protocol\release\uds_protocol.tlog\link.command.1.tlog
c:\users\jackf\onedrive\documents\github\busmaster\sources\busmaster\uds_protocol\release\uds_protocol.tlog\link.read.1.tlog
c:\users\jackf\onedrive\documents\github\busmaster\sources\busmaster\uds_protocol\release\uds_protocol.tlog\link.secondary.1.tlog
c:\users\jackf\onedrive\documents\github\busmaster\sources\busmaster\uds_protocol\release\uds_protocol.tlog\link.write.1.tlog
c:\users\jackf\onedrive\documents\github\busmaster\sources\busmaster\uds_protocol\release\uds_protocol.tlog\rc.command.1.tlog
c:\users\jackf\onedrive\documents\github\busmaster\sources\busmaster\uds_protocol\release\uds_protocol.tlog\rc.read.1.tlog
c:\users\jackf\onedrive\documents\github\busmaster\sources\busmaster\uds_protocol\release\uds_protocol.tlog\rc.write.1.tlog
