c:\users\jackf\onedrive\documents\github\busmaster\sources\busmaster\filter\release\vc143.pdb
c:\users\jackf\onedrive\documents\github\busmaster\sources\busmaster\bin\dumpfiles\release\obj\filter\multilanguage.obj
c:\users\jackf\onedrive\documents\github\busmaster\sources\busmaster\bin\dumpfiles\release\obj\filter\mainsublistdlg.obj
c:\users\jackf\onedrive\documents\github\busmaster\sources\busmaster\bin\dumpfiles\release\obj\filter\filterconfigdlg.obj
c:\users\jackf\onedrive\documents\github\busmaster\sources\busmaster\bin\dumpfiles\release\obj\filter\filter.obj
c:\users\jackf\onedrive\documents\github\busmaster\sources\busmaster\bin\dumpfiles\release\obj\filter\flexlistctrl.obj
c:\users\jackf\onedrive\documents\github\busmaster\sources\busmaster\bin\release\filter.dll
c:\users\jackf\onedrive\documents\github\busmaster\sources\busmaster\bin\dumpfiles\release\pdb\filter.pdb
c:\users\jackf\onedrive\documents\github\busmaster\sources\busmaster\filter\release\filter.res
c:\users\jackf\onedrive\documents\github\busmaster\sources\busmaster\bin\libs\release\filter.lib
c:\users\jackf\onedrive\documents\github\busmaster\sources\busmaster\bin\libs\release\filter.exp
c:\users\jackf\onedrive\documents\github\busmaster\sources\busmaster\filter\release\filter.tlog\cl.command.1.tlog
c:\users\jackf\onedrive\documents\github\busmaster\sources\busmaster\filter\release\filter.tlog\cl.items.tlog
c:\users\jackf\onedrive\documents\github\busmaster\sources\busmaster\filter\release\filter.tlog\cl.read.1.tlog
c:\users\jackf\onedrive\documents\github\busmaster\sources\busmaster\filter\release\filter.tlog\cl.write.1.tlog
c:\users\jackf\onedrive\documents\github\busmaster\sources\busmaster\filter\release\filter.tlog\link.command.1.tlog
c:\users\jackf\onedrive\documents\github\busmaster\sources\busmaster\filter\release\filter.tlog\link.read.1.tlog
c:\users\jackf\onedrive\documents\github\busmaster\sources\busmaster\filter\release\filter.tlog\link.secondary.1.tlog
c:\users\jackf\onedrive\documents\github\busmaster\sources\busmaster\filter\release\filter.tlog\link.write.1.tlog
c:\users\jackf\onedrive\documents\github\busmaster\sources\busmaster\filter\release\filter.tlog\rc.command.1.tlog
c:\users\jackf\onedrive\documents\github\busmaster\sources\busmaster\filter\release\filter.tlog\rc.read.1.tlog
c:\users\jackf\onedrive\documents\github\busmaster\sources\busmaster\filter\release\filter.tlog\rc.write.1.tlog
