c:\users\jackf\onedrive\documents\github\busmaster\sources\busmaster\siggrphwnd\release\vc143.pdb
c:\users\jackf\onedrive\documents\github\busmaster\sources\busmaster\bin\dumpfiles\release\obj\siggrphwnd\siggrphwnd.obj
c:\users\jackf\onedrive\documents\github\busmaster\sources\busmaster\bin\dumpfiles\release\obj\siggrphwnd\graphrightview.obj
c:\users\jackf\onedrive\documents\github\busmaster\sources\busmaster\bin\dumpfiles\release\obj\siggrphwnd\graphleftview.obj
c:\users\jackf\onedrive\documents\github\busmaster\sources\busmaster\bin\dumpfiles\release\obj\siggrphwnd\graphexportdlg.obj
c:\users\jackf\onedrive\documents\github\busmaster\sources\busmaster\bin\dumpfiles\release\obj\siggrphwnd\graphchildframe.obj
c:\users\jackf\onedrive\documents\github\busmaster\sources\busmaster\bin\dumpfiles\release\obj\siggrphwnd\graphbottomview.obj
c:\users\jackf\onedrive\documents\github\busmaster\sources\busmaster\bin\dumpfiles\release\obj\siggrphwnd\multilanguage.obj
c:\users\jackf\onedrive\documents\github\busmaster\sources\busmaster\bin\dumpfiles\release\obj\siggrphwnd\messagelist.obj
c:\users\jackf\onedrive\documents\github\busmaster\sources\busmaster\bin\dumpfiles\release\obj\siggrphwnd\mdichildbase.obj
c:\users\jackf\onedrive\documents\github\busmaster\sources\busmaster\bin\dumpfiles\release\obj\siggrphwnd\graphsink.obj
c:\users\jackf\onedrive\documents\github\busmaster\sources\busmaster\bin\dumpfiles\release\obj\siggrphwnd\graphparameters.obj
c:\users\jackf\onedrive\documents\github\busmaster\sources\busmaster\bin\dumpfiles\release\obj\siggrphwnd\graphlist.obj
c:\users\jackf\onedrive\documents\github\busmaster\sources\busmaster\bin\dumpfiles\release\obj\siggrphwnd\graphelement.obj
c:\users\jackf\onedrive\documents\github\busmaster\sources\busmaster\bin\dumpfiles\release\obj\siggrphwnd\graphconfiguration.obj
c:\users\jackf\onedrive\documents\github\busmaster\sources\busmaster\bin\release\siggrphwnd.dll
c:\users\jackf\onedrive\documents\github\busmaster\sources\busmaster\bin\dumpfiles\release\pdb\siggrphwnd.pdb
c:\users\jackf\onedrive\documents\github\busmaster\sources\busmaster\siggrphwnd\release\siggrphwnd.res
c:\users\jackf\onedrive\documents\github\busmaster\sources\busmaster\bin\libs\release\siggrphwnd.lib
c:\users\jackf\onedrive\documents\github\busmaster\sources\busmaster\bin\libs\release\siggrphwnd.exp
c:\users\jackf\onedrive\documents\github\busmaster\sources\busmaster\siggrphwnd\release\siggrphwnd.tlog\cl.command.1.tlog
c:\users\jackf\onedrive\documents\github\busmaster\sources\busmaster\siggrphwnd\release\siggrphwnd.tlog\cl.items.tlog
c:\users\jackf\onedrive\documents\github\busmaster\sources\busmaster\siggrphwnd\release\siggrphwnd.tlog\cl.read.1.tlog
c:\users\jackf\onedrive\documents\github\busmaster\sources\busmaster\siggrphwnd\release\siggrphwnd.tlog\cl.write.1.tlog
c:\users\jackf\onedrive\documents\github\busmaster\sources\busmaster\siggrphwnd\release\siggrphwnd.tlog\link.command.1.tlog
c:\users\jackf\onedrive\documents\github\busmaster\sources\busmaster\siggrphwnd\release\siggrphwnd.tlog\link.read.1.tlog
c:\users\jackf\onedrive\documents\github\busmaster\sources\busmaster\siggrphwnd\release\siggrphwnd.tlog\link.secondary.1.tlog
c:\users\jackf\onedrive\documents\github\busmaster\sources\busmaster\siggrphwnd\release\siggrphwnd.tlog\link.write.1.tlog
c:\users\jackf\onedrive\documents\github\busmaster\sources\busmaster\siggrphwnd\release\siggrphwnd.tlog\rc.command.1.tlog
c:\users\jackf\onedrive\documents\github\busmaster\sources\busmaster\siggrphwnd\release\siggrphwnd.tlog\rc.read.1.tlog
c:\users\jackf\onedrive\documents\github\busmaster\sources\busmaster\siggrphwnd\release\siggrphwnd.tlog\rc.write.1.tlog
