c:\users\jackf\onedrive\documents\github\busmaster\sources\busmaster\external\dmgraph\stdafx.pch
c:\users\jackf\onedrive\documents\github\busmaster\sources\busmaster\external\dmgraph\releaseuminsize\stdafx.obj
c:\users\jackf\onedrive\documents\github\busmaster\sources\busmaster\external\dmgraph\releaseuminsize\recttracker.obj
c:\users\jackf\onedrive\documents\github\busmaster\sources\busmaster\external\dmgraph\releaseuminsize\proppagebasewnd.obj
c:\users\jackf\onedrive\documents\github\busmaster\sources\busmaster\external\dmgraph\releaseuminsize\graphelement.obj
c:\users\jackf\onedrive\documents\github\busmaster\sources\busmaster\external\dmgraph\releaseuminsize\graphcursor.obj
c:\users\jackf\onedrive\documents\github\busmaster\sources\busmaster\external\dmgraph\releaseuminsize\graphcollection.obj
c:\users\jackf\onedrive\documents\github\busmaster\sources\busmaster\external\dmgraph\releaseuminsize\graphaxis.obj
c:\users\jackf\onedrive\documents\github\busmaster\sources\busmaster\external\dmgraph\releaseuminsize\graphanno.obj
c:\users\jackf\onedrive\documents\github\busmaster\sources\busmaster\external\dmgraph\releaseuminsize\formatproppage.obj
c:\users\jackf\onedrive\documents\github\busmaster\sources\busmaster\external\dmgraph\releaseuminsize\elementproppage.obj
c:\users\jackf\onedrive\documents\github\busmaster\sources\busmaster\external\dmgraph\releaseuminsize\drawfct.obj
c:\users\jackf\onedrive\documents\github\busmaster\sources\busmaster\external\dmgraph\releaseuminsize\dmgraphproppage.obj
c:\users\jackf\onedrive\documents\github\busmaster\sources\busmaster\external\dmgraph\releaseuminsize\dmgraphcursorstate.obj
c:\users\jackf\onedrive\documents\github\busmaster\sources\busmaster\external\dmgraph\releaseuminsize\dmgraphctrl.obj
c:\users\jackf\onedrive\documents\github\busmaster\sources\busmaster\external\dmgraph\releaseuminsize\dmgraph.obj
c:\users\jackf\onedrive\documents\github\busmaster\sources\busmaster\external\dmgraph\releaseuminsize\cursorproppage.obj
c:\users\jackf\onedrive\documents\github\busmaster\sources\busmaster\external\dmgraph\releaseuminsize\colpickerbtn.obj
c:\users\jackf\onedrive\documents\github\busmaster\sources\busmaster\external\dmgraph\releaseuminsize\annoproppage.obj
c:\users\jackf\onedrive\documents\github\busmaster\sources\busmaster\external\dmgraph\releaseuminsize\regsvr32.trg
c:\users\jackf\onedrive\documents\github\busmaster\sources\busmaster\bin\releaseuminsize\dmgraph.dll
c:\users\jackf\onedrive\documents\github\busmaster\sources\busmaster\external\dmgraph\releaseuminsize\dmgraph.pdb
c:\users\jackf\onedrive\documents\github\busmaster\sources\busmaster\external\dmgraph\dmgraph.tlb
c:\users\jackf\onedrive\documents\github\busmaster\sources\busmaster\external\dmgraph\dmgraph_p.c
c:\users\jackf\onedrive\documents\github\busmaster\sources\busmaster\external\dmgraph\dmgraph_i.c
c:\users\jackf\onedrive\documents\github\busmaster\sources\busmaster\external\dmgraph\dmgraph.h
c:\users\jackf\onedrive\documents\github\busmaster\sources\busmaster\external\dmgraph\releaseuminsize\dmgraph.res
c:\users\jackf\onedrive\documents\github\busmaster\sources\busmaster\bin\releaseuminsize\dmgraph.lib
c:\users\jackf\onedrive\documents\github\busmaster\sources\busmaster\bin\releaseuminsize\dmgraph.exp
c:\users\jackf\onedrive\documents\github\busmaster\sources\busmaster\bin\releaseuminsize\dmgraph.ilk
c:\users\jackf\onedrive\documents\github\busmaster\sources\busmaster\external\dmgraph\releaseuminsize\dmgraph.tlog\cl.command.1.tlog
c:\users\jackf\onedrive\documents\github\busmaster\sources\busmaster\external\dmgraph\releaseuminsize\dmgraph.tlog\cl.items.tlog
c:\users\jackf\onedrive\documents\github\busmaster\sources\busmaster\external\dmgraph\releaseuminsize\dmgraph.tlog\cl.read.1.tlog
c:\users\jackf\onedrive\documents\github\busmaster\sources\busmaster\external\dmgraph\releaseuminsize\dmgraph.tlog\cl.write.1.tlog
c:\users\jackf\onedrive\documents\github\busmaster\sources\busmaster\external\dmgraph\releaseuminsize\dmgraph.tlog\custombuildstep.read.1u.tlog
c:\users\jackf\onedrive\documents\github\busmaster\sources\busmaster\external\dmgraph\releaseuminsize\dmgraph.tlog\custombuildstep.write.1u.tlog
c:\users\jackf\onedrive\documents\github\busmaster\sources\busmaster\external\dmgraph\releaseuminsize\dmgraph.tlog\link.command.1.tlog
c:\users\jackf\onedrive\documents\github\busmaster\sources\busmaster\external\dmgraph\releaseuminsize\dmgraph.tlog\link.read.1.tlog
c:\users\jackf\onedrive\documents\github\busmaster\sources\busmaster\external\dmgraph\releaseuminsize\dmgraph.tlog\link.secondary.1.tlog
c:\users\jackf\onedrive\documents\github\busmaster\sources\busmaster\external\dmgraph\releaseuminsize\dmgraph.tlog\link.write.1.tlog
c:\users\jackf\onedrive\documents\github\busmaster\sources\busmaster\external\dmgraph\releaseuminsize\dmgraph.tlog\midl.command.1.tlog
c:\users\jackf\onedrive\documents\github\busmaster\sources\busmaster\external\dmgraph\releaseuminsize\dmgraph.tlog\midl.read.1.tlog
c:\users\jackf\onedrive\documents\github\busmaster\sources\busmaster\external\dmgraph\releaseuminsize\dmgraph.tlog\midl.write.1.tlog
c:\users\jackf\onedrive\documents\github\busmaster\sources\busmaster\external\dmgraph\releaseuminsize\dmgraph.tlog\rc.command.1.tlog
c:\users\jackf\onedrive\documents\github\busmaster\sources\busmaster\external\dmgraph\releaseuminsize\dmgraph.tlog\rc.read.1.tlog
c:\users\jackf\onedrive\documents\github\busmaster\sources\busmaster\external\dmgraph\releaseuminsize\dmgraph.tlog\rc.write.1.tlog
