c:\users\jackf\onedrive\documents\github\busmaster\sources\busmaster\busemulation\release\vc143.pdb
c:\users\jackf\onedrive\documents\github\busmaster\sources\busmaster\bin\dumpfiles\release\obj\busemulation\simeng.obj
c:\users\jackf\onedrive\documents\github\busmaster\sources\busmaster\bin\dumpfiles\release\obj\busemulation\busemulation.obj
c:\users\jackf\onedrive\documents\github\busmaster\sources\busmaster\bin\dumpfiles\release\obj\busemulation\busemulation_i.obj
c:\users\jackf\onedrive\documents\github\busmaster\sources\busmaster\bin\dumpfiles\release\obj\busemulation\dlldata.obj
c:\users\jackf\onedrive\documents\github\busmaster\sources\busmaster\bin\dumpfiles\release\obj\busemulation\busemulation_p.obj
c:\users\jackf\onedrive\documents\github\busmaster\sources\busmaster\bin\release\busemulation.exe
c:\users\jackf\onedrive\documents\github\busmaster\sources\busmaster\bin\dumpfiles\release\pdb\busemulation.pdb
c:\users\jackf\onedrive\documents\github\busmaster\sources\busmaster\busemulation\release\busemulation.tlb
c:\users\jackf\onedrive\documents\github\busmaster\sources\busmaster\busemulation\busemulation_p.c
c:\users\jackf\onedrive\documents\github\busmaster\sources\busmaster\busemulation\busemulation_i.c
c:\users\jackf\onedrive\documents\github\busmaster\sources\busmaster\busemulation\busemulation.h
c:\users\jackf\onedrive\documents\github\busmaster\sources\busmaster\busemulation\release\busemulation.res
c:\users\jackf\onedrive\documents\github\busmaster\sources\busmaster\busemulation\release\busemulation.tlog\cl.command.1.tlog
c:\users\jackf\onedrive\documents\github\busmaster\sources\busmaster\busemulation\release\busemulation.tlog\cl.items.tlog
c:\users\jackf\onedrive\documents\github\busmaster\sources\busmaster\busemulation\release\busemulation.tlog\cl.read.1.tlog
c:\users\jackf\onedrive\documents\github\busmaster\sources\busmaster\busemulation\release\busemulation.tlog\cl.write.1.tlog
c:\users\jackf\onedrive\documents\github\busmaster\sources\busmaster\busemulation\release\busemulation.tlog\link.command.1.tlog
c:\users\jackf\onedrive\documents\github\busmaster\sources\busmaster\busemulation\release\busemulation.tlog\link.read.1.tlog
c:\users\jackf\onedrive\documents\github\busmaster\sources\busmaster\busemulation\release\busemulation.tlog\link.secondary.1.tlog
c:\users\jackf\onedrive\documents\github\busmaster\sources\busmaster\busemulation\release\busemulation.tlog\link.write.1.tlog
c:\users\jackf\onedrive\documents\github\busmaster\sources\busmaster\busemulation\release\busemulation.tlog\midl.command.1.tlog
c:\users\jackf\onedrive\documents\github\busmaster\sources\busmaster\busemulation\release\busemulation.tlog\midl.read.1.tlog
c:\users\jackf\onedrive\documents\github\busmaster\sources\busmaster\busemulation\release\busemulation.tlog\midl.write.1.tlog
c:\users\jackf\onedrive\documents\github\busmaster\sources\busmaster\busemulation\release\busemulation.tlog\rc.command.1.tlog
c:\users\jackf\onedrive\documents\github\busmaster\sources\busmaster\busemulation\release\busemulation.tlog\rc.read.1.tlog
c:\users\jackf\onedrive\documents\github\busmaster\sources\busmaster\busemulation\release\busemulation.tlog\rc.write.1.tlog
