c:\users\jackf\onedrive\documents\github\busmaster\sources\busmaster\bin\release\busmaster.pch
c:\users\jackf\onedrive\documents\github\busmaster\sources\busmaster\application\release\vc143.pdb
c:\users\jackf\onedrive\documents\github\busmaster\sources\busmaster\bin\dumpfiles\release\obj\busmaster\stdafx.obj
c:\users\jackf\onedrive\documents\github\busmaster\sources\busmaster\bin\dumpfiles\release\obj\busmaster\driverinfodlg.obj
c:\users\jackf\onedrive\documents\github\busmaster\sources\busmaster\bin\dumpfiles\release\obj\busmaster\displayintmsg.obj
c:\users\jackf\onedrive\documents\github\busmaster\sources\busmaster\bin\dumpfiles\release\obj\busmaster\dbcdatabasesupport.obj
c:\users\jackf\onedrive\documents\github\busmaster\sources\busmaster\bin\dumpfiles\release\obj\busmaster\databasedissociatedlg.obj
c:\users\jackf\onedrive\documents\github\busmaster\sources\busmaster\bin\dumpfiles\release\obj\busmaster\configmsgdispproppg.obj
c:\users\jackf\onedrive\documents\github\busmaster\sources\busmaster\bin\dumpfiles\release\obj\busmaster\configdata.obj
c:\users\jackf\onedrive\documents\github\busmaster\sources\busmaster\bin\dumpfiles\release\obj\busmaster\cnvtctoolbar.obj
c:\users\jackf\onedrive\documents\github\busmaster\sources\busmaster\bin\dumpfiles\release\obj\busmaster\cnvtcimagelist.obj
c:\users\jackf\onedrive\documents\github\busmaster\sources\busmaster\bin\dumpfiles\release\obj\busmaster\clientmanager.obj
c:\users\jackf\onedrive\documents\github\busmaster\sources\busmaster\bin\dumpfiles\release\obj\busmaster\cansignalextractor.obj
c:\users\jackf\onedrive\documents\github\busmaster\sources\busmaster\bin\dumpfiles\release\obj\busmaster\busstatisticsdlg.obj
c:\users\jackf\onedrive\documents\github\busmaster\sources\busmaster\bin\dumpfiles\release\obj\busmaster\busstatistics.obj
c:\users\jackf\onedrive\documents\github\busmaster\sources\busmaster\bin\dumpfiles\release\obj\busmaster\busstatisticlin.obj
c:\users\jackf\onedrive\documents\github\busmaster\sources\busmaster\bin\dumpfiles\release\obj\busmaster\busstatisticcan.obj
c:\users\jackf\onedrive\documents\github\busmaster\sources\busmaster\bin\dumpfiles\release\obj\busmaster\busmasterpluginmanager.obj
c:\users\jackf\onedrive\documents\github\busmaster\sources\busmaster\bin\dumpfiles\release\obj\busmaster\busmasterdump.obj
c:\users\jackf\onedrive\documents\github\busmaster\sources\busmaster\bin\dumpfiles\release\obj\busmaster\busmaster.obj
c:\users\jackf\onedrive\documents\github\busmaster\sources\busmaster\bin\dumpfiles\release\obj\busmaster\appservices_impl.obj
c:\users\jackf\onedrive\documents\github\busmaster\sources\busmaster\bin\dumpfiles\release\obj\busmaster\application.obj
c:\users\jackf\onedrive\documents\github\busmaster\sources\busmaster\bin\dumpfiles\release\obj\busmaster\aboutdlg.obj
c:\users\jackf\onedrive\documents\github\busmaster\sources\busmaster\bin\dumpfiles\release\obj\busmaster\messagewindowsettingsdialog.obj
c:\users\jackf\onedrive\documents\github\busmaster\sources\busmaster\bin\dumpfiles\release\obj\busmaster\messagelist.obj
c:\users\jackf\onedrive\documents\github\busmaster\sources\busmaster\bin\dumpfiles\release\obj\busmaster\messageinterpretation.obj
c:\users\jackf\onedrive\documents\github\busmaster\sources\busmaster\bin\dumpfiles\release\obj\busmaster\messagedetailsdlg.obj
c:\users\jackf\onedrive\documents\github\busmaster\sources\busmaster\bin\dumpfiles\release\obj\busmaster\messageattrib.obj
c:\users\jackf\onedrive\documents\github\busmaster\sources\busmaster\bin\dumpfiles\release\obj\busmaster\mdichildbase.obj
c:\users\jackf\onedrive\documents\github\busmaster\sources\busmaster\bin\dumpfiles\release\obj\busmaster\mainfrm.obj
c:\users\jackf\onedrive\documents\github\busmaster\sources\busmaster\bin\dumpfiles\release\obj\busmaster\linsignalextractor.obj
c:\users\jackf\onedrive\documents\github\busmaster\sources\busmaster\bin\dumpfiles\release\obj\busmaster\linbusstatisticsdlg.obj
c:\users\jackf\onedrive\documents\github\busmaster\sources\busmaster\bin\dumpfiles\release\obj\busmaster\j1939timeoutcfg.obj
c:\users\jackf\onedrive\documents\github\busmaster\sources\busmaster\bin\dumpfiles\release\obj\busmaster\interfacegetter.obj
c:\users\jackf\onedrive\documents\github\busmaster\sources\busmaster\bin\dumpfiles\release\obj\busmaster\importlogtoolbar.obj
c:\users\jackf\onedrive\documents\github\busmaster\sources\busmaster\bin\dumpfiles\release\obj\busmaster\graphparameters.obj
c:\users\jackf\onedrive\documents\github\busmaster\sources\busmaster\bin\dumpfiles\release\obj\busmaster\graphlist.obj
c:\users\jackf\onedrive\documents\github\busmaster\sources\busmaster\bin\dumpfiles\release\obj\busmaster\graphelement.obj
c:\users\jackf\onedrive\documents\github\busmaster\sources\busmaster\bin\dumpfiles\release\obj\busmaster\graphconfiguration.obj
c:\users\jackf\onedrive\documents\github\busmaster\sources\busmaster\bin\dumpfiles\release\obj\busmaster\flextxhandler.obj
c:\users\jackf\onedrive\documents\github\busmaster\sources\busmaster\bin\dumpfiles\release\obj\busmaster\flags.obj
c:\users\jackf\onedrive\documents\github\busmaster\sources\busmaster\bin\dumpfiles\release\obj\busmaster\channelconfigurationdlg.obj
c:\users\jackf\onedrive\documents\github\busmaster\sources\busmaster\bin\dumpfiles\release\obj\busmaster\elementselection.obj
c:\users\jackf\onedrive\documents\github\busmaster\sources\busmaster\bin\dumpfiles\release\obj\busmaster\siggrphconfigdlg.obj
c:\users\jackf\onedrive\documents\github\busmaster\sources\busmaster\bin\dumpfiles\release\obj\busmaster\rxmsglist.obj
c:\users\jackf\onedrive\documents\github\busmaster\sources\busmaster\bin\dumpfiles\release\obj\busmaster\properties.obj
c:\users\jackf\onedrive\documents\github\busmaster\sources\busmaster\bin\dumpfiles\release\obj\busmaster\progressbardlg.obj
c:\users\jackf\onedrive\documents\github\busmaster\sources\busmaster\bin\dumpfiles\release\obj\busmaster\ppagemessage.obj
c:\users\jackf\onedrive\documents\github\busmaster\sources\busmaster\bin\dumpfiles\release\obj\busmaster\notificwnd.obj
c:\users\jackf\onedrive\documents\github\busmaster\sources\busmaster\bin\dumpfiles\release\obj\busmaster\notificlistbox.obj
c:\users\jackf\onedrive\documents\github\busmaster\sources\busmaster\bin\dumpfiles\release\obj\busmaster\networkstatistics.obj
c:\users\jackf\onedrive\documents\github\busmaster\sources\busmaster\bin\dumpfiles\release\obj\busmaster\multilanguage.obj
c:\users\jackf\onedrive\documents\github\busmaster\sources\busmaster\bin\dumpfiles\release\obj\busmaster\msgwndthread.obj
c:\users\jackf\onedrive\documents\github\busmaster\sources\busmaster\bin\dumpfiles\release\obj\busmaster\msgwndhdrinfo.obj
c:\users\jackf\onedrive\documents\github\busmaster\sources\busmaster\bin\dumpfiles\release\obj\busmaster\msgsignaldbwnd.obj
c:\users\jackf\onedrive\documents\github\busmaster\sources\busmaster\bin\dumpfiles\release\obj\busmaster\msgsignal.obj
c:\users\jackf\onedrive\documents\github\busmaster\sources\busmaster\bin\dumpfiles\release\obj\busmaster\msgsgtreeview.obj
c:\users\jackf\onedrive\documents\github\busmaster\sources\busmaster\bin\dumpfiles\release\obj\busmaster\msgsgdetview.obj
c:\users\jackf\onedrive\documents\github\busmaster\sources\busmaster\bin\dumpfiles\release\obj\busmaster\msgidattr.obj
c:\users\jackf\onedrive\documents\github\busmaster\sources\busmaster\bin\dumpfiles\release\obj\busmaster\msgfrmtwnd.obj
c:\users\jackf\onedrive\documents\github\busmaster\sources\busmaster\bin\dumpfiles\release\obj\busmaster\msgfilterconfigpage.obj
c:\users\jackf\onedrive\documents\github\busmaster\sources\busmaster\bin\dumpfiles\release\obj\busmaster\msgbufferconfigpage.obj
c:\users\jackf\onedrive\documents\github\busmaster\sources\busmaster\bin\dumpfiles\release\obj\busmaster\mfcribbonbarex.obj
c:\users\jackf\onedrive\documents\github\busmaster\sources\busmaster\bin\dumpfiles\release\obj\busmaster\wrappererrorlogger.obj
c:\users\jackf\onedrive\documents\github\busmaster\sources\busmaster\bin\dumpfiles\release\obj\busmaster\waveformtransmitter.obj
c:\users\jackf\onedrive\documents\github\busmaster\sources\busmaster\bin\dumpfiles\release\obj\busmaster\waveformselectiondlg.obj
c:\users\jackf\onedrive\documents\github\busmaster\sources\busmaster\bin\dumpfiles\release\obj\busmaster\waveformdatahandler.obj
c:\users\jackf\onedrive\documents\github\busmaster\sources\busmaster\bin\dumpfiles\release\obj\busmaster\variablelayer.obj
c:\users\jackf\onedrive\documents\github\busmaster\sources\busmaster\bin\dumpfiles\release\obj\busmaster\valuedescriptiondlg.obj
c:\users\jackf\onedrive\documents\github\busmaster\sources\busmaster\bin\dumpfiles\release\obj\busmaster\utility.obj
c:\users\jackf\onedrive\documents\github\busmaster\sources\busmaster\bin\dumpfiles\release\obj\busmaster\uicreator.obj
c:\users\jackf\onedrive\documents\github\busmaster\sources\busmaster\bin\dumpfiles\release\obj\busmaster\uithread.obj
c:\users\jackf\onedrive\documents\github\busmaster\sources\busmaster\bin\dumpfiles\release\obj\busmaster\txmsgwndj1939.obj
c:\users\jackf\onedrive\documents\github\busmaster\sources\busmaster\bin\dumpfiles\release\obj\busmaster\tsexecutorhandler.obj
c:\users\jackf\onedrive\documents\github\busmaster\sources\busmaster\bin\dumpfiles\release\obj\busmaster\tseditorhandler.obj
c:\users\jackf\onedrive\documents\github\busmaster\sources\busmaster\bin\dumpfiles\release\obj\busmaster\treeitemparam.obj
c:\users\jackf\onedrive\documents\github\busmaster\sources\busmaster\bin\dumpfiles\release\obj\busmaster\struct.obj
c:\users\jackf\onedrive\documents\github\busmaster\sources\busmaster\bin\dumpfiles\release\obj\busmaster\splfiledlg.obj
c:\users\jackf\onedrive\documents\github\busmaster\sources\busmaster\bin\dumpfiles\release\obj\busmaster\splash.obj
c:\users\jackf\onedrive\documents\github\busmaster\sources\busmaster\bin\dumpfiles\release\obj\busmaster\signaldetailsdlg.obj
c:\users\jackf\onedrive\documents\github\busmaster\sources\busmaster\bin\dumpfiles\release\obj\busmaster\siggrphwndhandler.obj
c:\users\jackf\onedrive\documents\github\busmaster\sources\busmaster\bin\dumpfiles\release\obj\busmaster\menus.obj
c:\users\jackf\onedrive\documents\github\busmaster\sources\busmaster\bin\dumpfiles\release\obj\busmaster\menucreator.obj
c:\users\jackf\onedrive\documents\github\busmaster\sources\busmaster\bin\dumpfiles\release\obj\busmaster\iidgenerator.obj
c:\users\jackf\onedrive\documents\github\busmaster\sources\busmaster\bin\dumpfiles\release\obj\busmaster\idgenerator.obj
c:\users\jackf\onedrive\documents\github\busmaster\sources\busmaster\bin\dumpfiles\release\obj\busmaster\busmastermenuitem.obj
c:\users\jackf\onedrive\documents\github\busmaster\sources\busmaster\bin\release\busmaster.exe
c:\users\jackf\onedrive\documents\github\busmaster\sources\busmaster\bin\dumpfiles\bin\release\busmaster.pdb
c:\users\jackf\onedrive\documents\github\busmaster\sources\busmaster\application\busmaster.tlb
c:\users\jackf\onedrive\documents\github\busmaster\sources\busmaster\application\busmaster_interface.c
c:\users\jackf\onedrive\documents\github\busmaster\sources\busmaster\application\busmaster_interface.h
c:\users\jackf\onedrive\documents\github\busmaster\sources\busmaster\application\release\busmaster.res
c:\users\jackf\onedrive\documents\github\busmaster\sources\busmaster\bin\release\busmaster.ilk
c:\users\jackf\onedrive\documents\github\busmaster\sources\busmaster\bin\release\busmaster.exe.manifest
c:\users\jackf\onedrive\documents\github\busmaster\sources\busmaster\application\release\busmaster.tlog\cl.command.1.tlog
c:\users\jackf\onedrive\documents\github\busmaster\sources\busmaster\application\release\busmaster.tlog\cl.items.tlog
c:\users\jackf\onedrive\documents\github\busmaster\sources\busmaster\application\release\busmaster.tlog\cl.read.1.tlog
c:\users\jackf\onedrive\documents\github\busmaster\sources\busmaster\application\release\busmaster.tlog\cl.write.1.tlog
c:\users\jackf\onedrive\documents\github\busmaster\sources\busmaster\application\release\busmaster.tlog\link.command.1.tlog
c:\users\jackf\onedrive\documents\github\busmaster\sources\busmaster\application\release\busmaster.tlog\link.read.1.tlog
c:\users\jackf\onedrive\documents\github\busmaster\sources\busmaster\application\release\busmaster.tlog\link.secondary.1.tlog
c:\users\jackf\onedrive\documents\github\busmaster\sources\busmaster\application\release\busmaster.tlog\link.write.1.tlog
c:\users\jackf\onedrive\documents\github\busmaster\sources\busmaster\application\release\busmaster.tlog\midl.command.1.tlog
c:\users\jackf\onedrive\documents\github\busmaster\sources\busmaster\application\release\busmaster.tlog\midl.read.1.tlog
c:\users\jackf\onedrive\documents\github\busmaster\sources\busmaster\application\release\busmaster.tlog\midl.write.1.tlog
c:\users\jackf\onedrive\documents\github\busmaster\sources\busmaster\application\release\busmaster.tlog\rc.command.1.tlog
c:\users\jackf\onedrive\documents\github\busmaster\sources\busmaster\application\release\busmaster.tlog\rc.read.1.tlog
c:\users\jackf\onedrive\documents\github\busmaster\sources\busmaster\application\release\busmaster.tlog\rc.write.1.tlog
