 CAN_IXXAT_VCI

 Timestamp is 6a9f748e (Tue Sep  8 12:35:58 2026)

 Preferred load address is 10000000

 Start         Length     Name                   Class
 0001:00000000 000008b0H .text$di                CODE
 0001:000008b0 0000bb40H .text$mn                CODE
 0001:0000c3f0 00000db0H .text$x                 CODE
 0001:0000d1a0 00000657H .text$yd                CODE
 0002:00000000 00000554H .idata$5                DATA
 0002:00000554 00000008H .00cfg                  DATA
 0002:0000055c 00000004H .CRT$XCA                DATA
 0002:00000560 00000008H .CRT$XCL                DATA
 0002:00000568 00000040H .CRT$XCU                DATA
 0002:000005a8 00000004H .CRT$XCZ                DATA
 0002:000005ac 00000004H .CRT$XIA                DATA
 0002:000005b0 00000004H .CRT$XIZ                DATA
 0002:000005b4 00000004H .CRT$XLA                DATA
 0002:000005b8 00000004H .CRT$XLZ                DATA
 0002:000005bc 00000004H .CRT$XPA                DATA
 0002:000005c0 00000004H .CRT$XPZ                DATA
 0002:000005c4 00000004H .CRT$XTA                DATA
 0002:000005c8 00000018H .CRT$XTZ                DATA
 0002:000005cc 00000000H .gfids$y                DATA
 0002:000005e0 00003d20H .rdata                  DATA
 0002:00004300 00000000H .rdata$CastGuardVftablesA DATA
 0002:00004300 00000000H .rdata$CastGuardVftablesC DATA
 0002:00004300 00000018H .rdata$T                DATA
 0002:00004318 00000938H .rdata$r                DATA
 0002:00004c50 000000ccH .rdata$sxdata           DATA
 0002:00004d1c 000000b4H .rdata$voltmd           DATA
 0002:00004dd0 000003e8H .rdata$zzzdbg           DATA
 0002:000051b8 00000004H .rtc$IAA                DATA
 0002:000051bc 00000004H .rtc$IZZ                DATA
 0002:000051c0 00000004H .rtc$TAA                DATA
 0002:000051c4 00000004H .rtc$TZZ                DATA
 0002:000051c8 00000004H .tls                    DATA
 0002:000051cc 00000004H .tls$                   DATA
 0002:000051d0 00000008H .tls$ZZZ                DATA
 0002:000051d8 00000bd8H .xdata$x                DATA
 0002:00005da8 00000000H ATL$__a                 DATA
 0002:00005da8 00000000H ATL$__z                 DATA
 0002:00005db0 0000005cH .edata                  DATA
 0002:00005e0c 000000f0H .idata$2                DATA
 0002:00005efc 00000014H .idata$3                DATA
 0002:00005f10 00000554H .idata$4                DATA
 0002:00006464 00000cdcH .idata$6                DATA
 0003:00000000 000000a0H .data                   DATA
 0003:000000a0 00000080H .data$r                 DATA
 0003:00000120 000003f8H .data$rs                DATA
 0003:00000518 000093dcH .bss                    DATA
 0004:00000000 00000190H .rsrc$01                DATA
 0004:00000190 000011c8H .rsrc$02                DATA

  Address         Publics by Value              Rva+Base       Lib:Object

 0000:00000000       ___AbsoluteZero            00000000     <absolute>
 0000:00000000       ___arm64x_extra_rfe_table  00000000     <absolute>
 0000:00000000       ___arm64x_extra_rfe_table_size 00000000     <absolute>
 0000:00000000       ___arm64x_native_entrypoint 00000000     <absolute>
 0000:00000000       ___arm64x_redirection_metadata 00000000     <absolute>
 0000:00000000       ___arm64x_redirection_metadata_count 00000000     <absolute>
 0000:00000000       ___dynamic_value_reloc_table 00000000     <absolute>
 0000:00000000       ___enclave_config          00000000     <absolute>
 0000:00000000       ___guard_check_icall_a64n_fptr 00000000     <absolute>
 0000:00000000       ___guard_eh_cont_count     00000000     <absolute>
 0000:00000000       ___guard_eh_cont_table     00000000     <absolute>
 0000:00000000       ___guard_fids_count        00000000     <absolute>
 0000:00000000       ___guard_fids_table        00000000     <absolute>
 0000:00000000       ___guard_iat_count         00000000     <absolute>
 0000:00000000       ___guard_iat_table         00000000     <absolute>
 0000:00000000       ___guard_longjmp_count     00000000     <absolute>
 0000:00000000       ___guard_longjmp_table     00000000     <absolute>
 0000:00000000       ___hybrid_auxiliary_delayload_iat 00000000     <absolute>
 0000:00000000       ___hybrid_auxiliary_delayload_iat_copy 00000000     <absolute>
 0000:00000000       ___hybrid_auxiliary_iat    00000000     <absolute>
 0000:00000000       ___hybrid_auxiliary_iat_copy 00000000     <absolute>
 0000:00000000       ___hybrid_code_map         00000000     <absolute>
 0000:00000000       ___hybrid_code_map_count   00000000     <absolute>
 0000:00000000       ___hybrid_image_info_bitfield 00000000     <absolute>
 0000:00000000       ___x64_code_ranges_to_entry_points 00000000     <absolute>
 0000:00000000       ___x64_code_ranges_to_entry_points_count 00000000     <absolute>
 0000:0000002c       __tls_array                0000002c     <absolute>
 0000:00000033       ___safe_se_handler_count   00000033     <absolute>
 0000:00000100       ___guard_flags             00000100     <absolute>
 0000:00000000       ___ImageBase               10000000     <linker-defined>
 0001:000008b0       ?Init@CComCriticalSection@ATL@@QAEJXZ 100018b0 f i HardwareListingCAN.obj
 0001:000008e0       ?CAN_DeselectHwInterface@CDIL_CAN_IXXAT_VCI@@UAEJXZ 100018e0 f i DIL_CAN_IXXAT_VCI.obj
 0001:000008e0       ?GetApplicationRecoveryParameter@CWinApp@@UAEPAXXZ 100018e0 f i CAN_IXXAT_VCI.obj
 0001:000008e0       ?GetApplicationRestartFlags@CWinApp@@UAEKXZ 100018e0 f i CAN_IXXAT_VCI.obj
 0001:000008e0       ?_AfxInitManaged@@YAHXZ    100018e0 f i HardwareListingCAN.obj
 0001:000008e0       ___scrt_stub_for_is_c_termination_complete 100018e0 f i msvcrt:ucrt_stubs.obj
 0001:000008e0       __is_c_termination_complete 100018e0 f i msvcrt:ucrt_stubs.obj
 0001:000008f0       ?DoDataExchange@CWnd@@MAEXPAVCDataExchange@@@Z 100018f0 f i HardwareListingCAN.obj
 0001:000008f0       ?Dump@CObject@@UBEXAAVCDumpContext@@@Z 100018f0 f i HardwareListingCAN.obj
 0001:000008f0       ?Serialize@CObject@@UAEXAAVCArchive@@@Z 100018f0 f i HardwareListingCAN.obj
 0001:00000900       ??3CObject@@SGXPAX@Z       10001900 f i HardwareListingCAN.obj
 0001:00000920       ?AssertValid@CObject@@UBEXXZ 10001920 f i HardwareListingCAN.obj
 0001:00000920       ?__empty_global_delete@@YAXPAXI@Z 10001920 f i HardwareListingCAN.obj
 0001:00000920       ?__global_delete@@YAXPAXI@Z 10001920 f i * CIL library *:* CIL module *
 0001:00000920       @_guard_check_icall_nop@4  10001920 f i msvcrt:guard_support.obj
 0001:00000930       ?BeginModalState@CWnd@@UAEXXZ 10001930 f i HardwareListingCAN.obj
 0001:00000940       ?EndModalState@CWnd@@UAEXXZ 10001940 f i HardwareListingCAN.obj
 0001:00000950       ?Create@CDialog@@UAEHIPAVCWnd@@@Z 10001950 f i HardwareListingCAN.obj
 0001:00000970       ??_ECEdit@@UAEPAXI@Z       10001970 f i * CIL library *:* CIL module *
 0001:00000970       ??_GCEdit@@UAEPAXI@Z       10001970 f i HardwareListingCAN.obj
 0001:000009b0       ??_ECListCtrl@@UAEPAXI@Z   100019b0 f i * CIL library *:* CIL module *
 0001:000009b0       ??_GCListCtrl@@UAEPAXI@Z   100019b0 f i HardwareListingCAN.obj
 0001:000009f0       ??0exception@std@@QAE@ABV01@@Z 100019f0 f i HardwareListingCAN.obj
 0001:00000a20       ?what@exception@std@@UBEPBDXZ 10001a20 f i HardwareListingCAN.obj
 0001:00000a30       ??_Ebad_alloc@std@@UAEPAXI@Z 10001a30 f i * CIL library *:* CIL module *
 0001:00000a30       ??_Ebad_array_new_length@std@@UAEPAXI@Z 10001a30 f i * CIL library *:* CIL module *
 0001:00000a30       ??_Eexception@std@@UAEPAXI@Z 10001a30 f i * CIL library *:* CIL module *
 0001:00000a30       ??_Gbad_alloc@std@@UAEPAXI@Z 10001a30 f i HardwareListingCAN.obj
 0001:00000a30       ??_Gbad_array_new_length@std@@UAEPAXI@Z 10001a30 f i HardwareListingCAN.obj
 0001:00000a30       ??_Gexception@std@@UAEPAXI@Z 10001a30 f i HardwareListingCAN.obj
 0001:00000a70       ??0bad_array_new_length@std@@QAE@XZ 10001a70 f i HardwareListingCAN.obj
 0001:00000a90       ??1bad_array_new_length@std@@UAE@XZ 10001a90 f i HardwareListingCAN.obj
 0001:00000ab0       ?_Throw_bad_array_new_length@std@@YAXXZ 10001ab0 f i HardwareListingCAN.obj
 0001:00000ad0       ??0bad_array_new_length@std@@QAE@ABV01@@Z 10001ad0 f i HardwareListingCAN.obj
 0001:00000b10       ??0bad_alloc@std@@QAE@ABV01@@Z 10001b10 f i HardwareListingCAN.obj
 0001:00000b50       ?_Xlen_string@std@@YAXXZ   10001b50 f i HardwareListingCAN.obj
 0001:00000b60       ??0CHANNEL_DETAILS@@QAE@XZ 10001b60 f i HardwareListingCAN.obj
 0001:00000c00       ??1CHANNEL_DETAILS@@QAE@XZ 10001c00 f i HardwareListingCAN.obj
 0001:00000ca0       ?_Throw_tree_length_error@std@@YAXXZ 10001ca0 f i HardwareListingCAN.obj
 0001:00000cb0       ??0CHardwareListingCAN@@QAE@PAVINTERFACE_HW@@HPAHW4ETYPE_BUS@@HPAVCWnd@@PAVSCONTROLLER_DETAILS@@PAVIChangeRegisters@@@Z 10001cb0 f   HardwareListingCAN.obj
 0001:00000f10       ??_ECHardwareListingCAN@@UAEPAXI@Z 10001f10 f i * CIL library *:* CIL module *
 0001:00000f10       ??_GCHardwareListingCAN@@UAEPAXI@Z 10001f10 f i HardwareListingCAN.obj
 0001:00000f50       ??1CHardwareListingCAN@@UAE@XZ 10001f50 f i HardwareListingCAN.obj
 0001:000010b0       ??0SCONTROLLER_DETAILS@@QAE@XZ 100020b0 f i HardwareListingCAN.obj
 0001:00001370       ??1SCONTROLLER_DETAILS@@QAE@XZ 10002370 f i HardwareListingCAN.obj
 0001:000018c0       ??1?$map@HHU?$less@H@std@@V?$allocator@U?$pair@$$CBHH@std@@@2@@std@@QAE@XZ 100028c0 f i CANControllerConfigDlg.obj
 0001:000018c0       ??1?$map@HPAUtagHardwareContainer@CHardwareListingCAN@@U?$less@H@std@@V?$allocator@U?$pair@$$CBHPAUtagHardwareContainer@CHardwareListingCAN@@@std@@@4@@std@@QAE@XZ 100028c0 f i HardwareListingCAN.obj
 0001:00001900       ?DoDataExchange@CHardwareListingCAN@@MAEXPAVCDataExchange@@@Z 10002900 f   HardwareListingCAN.obj
 0001:000019e0       ?GetMessageMap@CHardwareListingCAN@@MBEPBUAFX_MSGMAP@@XZ 100029e0 f   HardwareListingCAN.obj
 0001:000019f0       ?PreTranslateMessage@CHardwareListingCAN@@MAEHPAUtagMSG@@@Z 100029f0 f   HardwareListingCAN.obj
 0001:00001b20       ?vCalculateConfigParams@CHardwareListingCAN@@AAEXXZ 10002b20 f   HardwareListingCAN.obj
 0001:00001ee0       ?vSetHardwareList@CHardwareListingCAN@@QAEXPAVINTERFACE_HW@@H@Z 10002ee0 f   HardwareListingCAN.obj
 0001:000021f0       ?OnInitDialog@CHardwareListingCAN@@MAEHXZ 100031f0 f   HardwareListingCAN.obj
 0001:00002340       ??4SCONTROLLER_DETAILS@@QAEAAV0@ABV0@@Z 10003340 f i HardwareListingCAN.obj
 0001:00002810       ?OnItemchangedHWList@CHardwareListingCAN@@IAEXPAUtagNMHDR@@PAJ@Z 10003810 f   HardwareListingCAN.obj
 0001:00002860       ?vUpdateHwDetails@CHardwareListingCAN@@QAEXH@Z 10003860 f   HardwareListingCAN.obj
 0001:00002920       ?vMoveItemToSelectedList@CHardwareListingCAN@@IAEXXZ 10003920 f   HardwareListingCAN.obj
 0001:00002b00       ?OnButtonSelect@CHardwareListingCAN@@IAEXXZ 10003b00 f   HardwareListingCAN.obj
 0001:00002b10       ?vMoveItemFromSelectedList@CHardwareListingCAN@@IAEXXZ 10003b10 f   HardwareListingCAN.obj
 0001:00002da0       ?OnButtonRemove@CHardwareListingCAN@@IAEXXZ 10003da0 f   HardwareListingCAN.obj
 0001:00002db0       ?OnOK@CHardwareListingCAN@@MAEXXZ 10003db0 f   HardwareListingCAN.obj
 0001:00002ec0       ?OnCancel@CHardwareListingCAN@@MAEXXZ 10003ec0 f   HardwareListingCAN.obj
 0001:00002f50       ?vEnableDisableButtons@CHardwareListingCAN@@AAEXXZ 10003f50 f   HardwareListingCAN.obj
 0001:00003040       ?vEnableBTRParams@CHardwareListingCAN@@AAEXH@Z 10004040 f   HardwareListingCAN.obj
 0001:000030f0       ?OnItemchangedLstcSelectedHwList@CHardwareListingCAN@@IAEXPAUtagNMHDR@@PAJ@Z 100040f0 f   HardwareListingCAN.obj
 0001:000031e0       ?vSetSelectedList@CHardwareListingCAN@@QAEXXZ 100041e0 f   HardwareListingCAN.obj
 0001:00003440       ?OnNMClickLstcHwList@CHardwareListingCAN@@QAEXPAUtagNMHDR@@PAJ@Z 10004440 f   HardwareListingCAN.obj
 0001:00003490       ?OnNMClickLstcSelectedHwList@CHardwareListingCAN@@QAEXPAUtagNMHDR@@PAJ@Z 10004490 f   HardwareListingCAN.obj
 0001:00003550       ?vSortHardwareItems@CHardwareListingCAN@@QAEXXZ 10004550 f   HardwareListingCAN.obj
 0001:00003870       ?OnEnKillfocusCanEditBaudRate@CHardwareListingCAN@@QAEXXZ 10004870 f   HardwareListingCAN.obj
 0001:00003950       ?vUpdateControllerDetails@CHardwareListingCAN@@AAEXXZ 10004950 f   HardwareListingCAN.obj
 0001:00003a50       ?vFillControllerConfigDetails@CHardwareListingCAN@@AAEXXZ 10004a50 f   HardwareListingCAN.obj
 0001:00003bb0       ?OnBnClickedButtonAdvance@CHardwareListingCAN@@QAEXXZ 10004bb0 f   HardwareListingCAN.obj
 0001:00003da0       ?vValidateBaudRate@CHardwareListingCAN@@AAEXXZ 10004da0 f   HardwareListingCAN.obj
 0001:00003e90       ?OnNMDblclkLstcHwList@CHardwareListingCAN@@QAEXPAUtagNMHDR@@PAJ@Z 10004e90 f   HardwareListingCAN.obj
 0001:00003ea0       ?OnNMDblclkLstcSelectedHwList@CHardwareListingCAN@@QAEXPAUtagNMHDR@@PAJ@Z 10004ea0 f   HardwareListingCAN.obj
 0001:00003eb0       ?nFillChannelDetails@CHardwareListingCAN@@QAEHXZ 10004eb0 f   HardwareListingCAN.obj
 0001:00004050       ?InitializeControllerDetails@CHardwareListingCAN@@IAEXH@Z 10005050 f   HardwareListingCAN.obj
 0001:00004400       ?clear@?$_Tree@V?$_Tmap_traits@HPAUtagHardwareContainer@CHardwareListingCAN@@U?$less@H@std@@V?$allocator@U?$pair@$$CBHPAUtagHardwareContainer@CHardwareListingCAN@@@std@@@4@$0A@@std@@@std@@QAEXXZ 10005400 f i HardwareListingCAN.obj
 0001:00004400       ?clear@?$_Tree@V?$_Tmap_traits@KPAVCClientBuffer@@U?$less@K@std@@V?$allocator@U?$pair@$$CBKPAVCClientBuffer@@@std@@@3@$0A@@std@@@std@@QAEXXZ 10005400 f i ClientList.obj
 0001:00004450       ??1?$basic_string@DU?$char_traits@D@std@@V?$allocator@D@2@@std@@QAE@XZ 10005450 f i HardwareListingCAN.obj
 0001:00004450       ??1sCiaBaud@CCANControllerConfigDlg@@QAE@XZ 10005450 f i CANControllerConfigDlg.obj
 0001:000044b0       ??0?$basic_string@DU?$char_traits@D@std@@V?$allocator@D@2@@std@@QAE@QBD@Z 100054b0 f i HardwareListingCAN.obj
 0001:000045c0       ??0?$basic_string@DU?$char_traits@D@std@@V?$allocator@D@2@@std@@QAE@XZ 100055c0 f i HardwareListingCAN.obj
 0001:000045c0       ??0sCiaBaud@CCANControllerConfigDlg@@QAE@XZ 100055c0 f i CANControllerConfigDlg.obj
 0001:000045e0       ??$emplace@U?$pair@HPAUtagHardwareContainer@CHardwareListingCAN@@@std@@@?$_Tree@V?$_Tmap_traits@HPAUtagHardwareContainer@CHardwareListingCAN@@U?$less@H@std@@V?$allocator@U?$pair@$$CBHPAUtagHardwareContainer@CHardwareListingCAN@@@std@@@4@$0A@@std@@@std@@QAE?AU?$pair@V?$_Tree_iterator@V?$_Tree_val@U?$_Tree_simple_types@U?$pair@$$CBHPAUtagHardwareContainer@CHardwareListingCAN@@@std@@@std@@@std@@@std@@_N@1@$$QAU?$pair@HPAUtagHardwareContainer@CHardwareListingCAN@@@1@@Z 100055e0 f i HardwareListingCAN.obj
 0001:000046d0       ??$_Erase_tree@V?$allocator@U?$_Tree_node@U?$pair@$$CBHH@std@@PAX@std@@@std@@@?$_Tree_val@U?$_Tree_simple_types@U?$pair@$$CBHH@std@@@std@@@std@@QAEXAAV?$allocator@U?$_Tree_node@U?$pair@$$CBHH@std@@PAX@std@@@1@PAU?$_Tree_node@U?$pair@$$CBHH@std@@PAX@1@@Z 100056d0 f i CANControllerConfigDlg.obj
 0001:000046d0       ??$_Erase_tree@V?$allocator@U?$_Tree_node@U?$pair@$$CBHPAUtagHardwareContainer@CHardwareListingCAN@@@std@@PAX@std@@@std@@@?$_Tree_val@U?$_Tree_simple_types@U?$pair@$$CBHPAUtagHardwareContainer@CHardwareListingCAN@@@std@@@std@@@std@@QAEXAAV?$allocator@U?$_Tree_node@U?$pair@$$CBHPAUtagHardwareContainer@CHardwareListingCAN@@@std@@PAX@std@@@1@PAU?$_Tree_node@U?$pair@$$CBHPAUtagHardwareContainer@CHardwareListingCAN@@@std@@PAX@1@@Z 100056d0 f i HardwareListingCAN.obj
 0001:000046d0       ??$_Erase_tree@V?$allocator@U?$_Tree_node@U?$pair@$$CBKPAVCClientBuffer@@@std@@PAX@std@@@std@@@?$_Tree_val@U?$_Tree_simple_types@U?$pair@$$CBKPAVCClientBuffer@@@std@@@std@@@std@@QAEXAAV?$allocator@U?$_Tree_node@U?$pair@$$CBKPAVCClientBuffer@@@std@@PAX@std@@@1@PAU?$_Tree_node@U?$pair@$$CBKPAVCClientBuffer@@@std@@PAX@1@@Z 100056d0 f i ClientList.obj
 0001:00004710       ?assign@?$basic_string@DU?$char_traits@D@std@@V?$allocator@D@2@@std@@QAEAAV12@QBDI@Z 10005710 f i HardwareListingCAN.obj
 0001:00004850       ?_Insert_node@?$_Tree_val@U?$_Tree_simple_types@U?$pair@$$CBHH@std@@@std@@@std@@QAEPAU?$_Tree_node@U?$pair@$$CBHH@std@@PAX@2@U?$_Tree_id@PAU?$_Tree_node@U?$pair@$$CBHH@std@@PAX@std@@@2@QAU32@@Z 10005850 f i CANControllerConfigDlg.obj
 0001:00004850       ?_Insert_node@?$_Tree_val@U?$_Tree_simple_types@U?$pair@$$CBHPAUtagHardwareContainer@CHardwareListingCAN@@@std@@@std@@@std@@QAEPAU?$_Tree_node@U?$pair@$$CBHPAUtagHardwareContainer@CHardwareListingCAN@@@std@@PAX@2@U?$_Tree_id@PAU?$_Tree_node@U?$pair@$$CBHPAUtagHardwareContainer@CHardwareListingCAN@@@std@@PAX@std@@@2@QAU32@@Z 10005850 f i HardwareListingCAN.obj
 0001:00004850       ?_Insert_node@?$_Tree_val@U?$_Tree_simple_types@U?$pair@$$CBKPAVCClientBuffer@@@std@@@std@@@std@@QAEPAU?$_Tree_node@U?$pair@$$CBKPAVCClientBuffer@@@std@@PAX@2@U?$_Tree_id@PAU?$_Tree_node@U?$pair@$$CBKPAVCClientBuffer@@@std@@PAX@std@@@2@QAU32@@Z 10005850 f i ClientList.obj
 0001:00004a40       ??1?$_Alloc_construct_ptr@V?$allocator@U?$_Tree_node@U?$pair@$$CBHH@std@@PAX@std@@@std@@@std@@QAE@XZ 10005a40 f i CANControllerConfigDlg.obj
 0001:00004a40       ??1?$_Alloc_construct_ptr@V?$allocator@U?$_Tree_node@U?$pair@$$CBHPAUtagHardwareContainer@CHardwareListingCAN@@@std@@PAX@std@@@std@@@std@@QAE@XZ 10005a40 f i HardwareListingCAN.obj
 0001:00004a40       ??1?$_Alloc_construct_ptr@V?$allocator@U?$_Tree_node@U?$pair@$$CBKPAVCClientBuffer@@@std@@PAX@std@@@std@@@std@@QAE@XZ 10005a40 f i ClientList.obj
 0001:00004a60       ?SupportsRestartManager@CWinApp@@UBEHXZ 10005a60 f i CAN_IXXAT_VCI.obj
 0001:00004a70       ?SupportsApplicationRecovery@CWinApp@@UBEHXZ 10005a70 f i CAN_IXXAT_VCI.obj
 0001:00004a80       ?SupportsAutosaveAtRestart@CWinApp@@UBEHXZ 10005a80 f i CAN_IXXAT_VCI.obj
 0001:00004a90       ?SupportsAutosaveAtInterval@CWinApp@@UBEHXZ 10005a90 f i CAN_IXXAT_VCI.obj
 0001:00004aa0       ?ReopenPreviousFilesAtRestart@CWinApp@@UBEHXZ 10005aa0 f i CAN_IXXAT_VCI.obj
 0001:00004ab0       ?RestoreAutosavedFilesAtRestart@CWinApp@@UBEHXZ 10005ab0 f i CAN_IXXAT_VCI.obj
 0001:00004ac0       ?GetApplicationRecoveryPingInterval@CWinApp@@UAEKXZ 10005ac0 f i CAN_IXXAT_VCI.obj
 0001:00004ad0       ?GetMessageMap@CCAN_IXXAT_VCIApp@@MBEPBUAFX_MSGMAP@@XZ 10005ad0 f   CAN_IXXAT_VCI.obj
 0001:00004ae0       ??_ECCAN_IXXAT_VCIApp@@UAEPAXI@Z 10005ae0 f i * CIL library *:* CIL module *
 0001:00004ae0       ??_GCCAN_IXXAT_VCIApp@@UAEPAXI@Z 10005ae0 f i CAN_IXXAT_VCI.obj
 0001:00004b20       ?InitInstance@CCAN_IXXAT_VCIApp@@UAEHXZ 10005b20 f   CAN_IXXAT_VCI.obj
 0001:00004d40       ?ExitInstance@CCAN_IXXAT_VCIApp@@UAEHXZ 10005d40 f   CAN_IXXAT_VCI.obj
 0001:00004d60       _GetIDIL_CAN_Controller    10005d60 f   CAN_IXXAT_VCI.obj
 0001:00004e60       ??_ECComboBox@@UAEPAXI@Z   10005e60 f i * CIL library *:* CIL module *
 0001:00004e60       ??_GCComboBox@@UAEPAXI@Z   10005e60 f i CANControllerConfigDlg.obj
 0001:00004ea0       ?_GetBaseClass@CCANControllerConfigDlg@@KGPAUCRuntimeClass@@XZ 10005ea0 f   CANControllerConfigDlg.obj
 0001:00004eb0       ?GetRuntimeClass@CCANControllerConfigDlg@@UBEPAUCRuntimeClass@@XZ 10005eb0 f   CANControllerConfigDlg.obj
 0001:00004ec0       ?GetMessageMap@CCANControllerConfigDlg@@MBEPBUAFX_MSGMAP@@XZ 10005ec0 f   CANControllerConfigDlg.obj
 0001:00004ed0       ??0CCANControllerConfigDlg@@QAE@V?$basic_string@DU?$char_traits@D@std@@V?$allocator@D@2@@std@@HPAVCWnd@@@Z 10005ed0 f   CANControllerConfigDlg.obj
 0001:000050b0       ??_ECCANControllerConfigDlg@@UAEPAXI@Z 100060b0 f i * CIL library *:* CIL module *
 0001:000050b0       ??_GCCANControllerConfigDlg@@UAEPAXI@Z 100060b0 f i CANControllerConfigDlg.obj
 0001:00005230       ?DoDataExchange@CCANControllerConfigDlg@@MAEXPAVCDataExchange@@@Z 10006230 f   CANControllerConfigDlg.obj
 0001:00005280       ?OnInitDialog@CCANControllerConfigDlg@@MAEHXZ 10006280 f   CANControllerConfigDlg.obj
 0001:000053c0       ?OnBnClickedButtonCancfgOk@CCANControllerConfigDlg@@QAEXXZ 100063c0 f   CANControllerConfigDlg.obj
 0001:000053d0       ?OnBnClickedButtonCancel@CCANControllerConfigDlg@@QAEXXZ 100063d0 f   CANControllerConfigDlg.obj
 0001:000053e0       ?FillBaudStruct@CCANControllerConfigDlg@@IAEXXZ 100063e0 f   CANControllerConfigDlg.obj
 0001:00005770       ?OnCbnSelendokComboCiaBaudSelection@CCANControllerConfigDlg@@QAEXXZ 10006770 f   CANControllerConfigDlg.obj
 0001:000057a0       ?UpdateBTRFields@CCANControllerConfigDlg@@IAEXH@Z 100067a0 f   CANControllerConfigDlg.obj
 0001:000058c0       ?GetListIndexFromBTRRegisters@CCANControllerConfigDlg@@IAEHXZ 100068c0 f   CANControllerConfigDlg.obj
 0001:00005970       ?OnEnChangeEditBitreg0@CCANControllerConfigDlg@@QAEXXZ 10006970 f   CANControllerConfigDlg.obj
 0001:000059a0       ?OnEnChangeEditBitreg1@CCANControllerConfigDlg@@QAEXXZ 100069a0 f   CANControllerConfigDlg.obj
 0001:000059d0       ?UpdateComboBoxIndexFromEditFields@CCANControllerConfigDlg@@IAEXXZ 100069d0 f   CANControllerConfigDlg.obj
 0001:00005ad0       ?InvokeAdavancedSettings@CCANControllerConfigDlg@@UAEHPAVSCONTROLLER_DETAILS@@II@Z 10006ad0 f   CANControllerConfigDlg.obj
 0001:00005c00       ?vValidateBaudRate@CCANControllerConfigDlg@@UAENNHI@Z 10006c00 f   CANControllerConfigDlg.obj
 0001:00005c90       ??0?$basic_string@DU?$char_traits@D@std@@V?$allocator@D@2@@std@@QAE@ABV01@@Z 10006c90 f i CANControllerConfigDlg.obj
 0001:00005d90       ??1?$vector@PAV?$CBaseMsgBufFSE@VSTCANDATA@@@@V?$allocator@PAV?$CBaseMsgBufFSE@VSTCANDATA@@@@@std@@@std@@QAE@XZ 10006d90 f i ClientBuffer.obj
 0001:00005df0       ??$_Emplace_reallocate@ABQAV?$CBaseMsgBufFSE@VSTCANDATA@@@@@?$vector@PAV?$CBaseMsgBufFSE@VSTCANDATA@@@@V?$allocator@PAV?$CBaseMsgBufFSE@VSTCANDATA@@@@@std@@@std@@AAEPAPAV?$CBaseMsgBufFSE@VSTCANDATA@@@@QAPAV2@ABQAV2@@Z 10006df0 f i ClientBuffer.obj
 0001:00005f60       ?_Xlength@?$vector@PAV?$CBaseMsgBufFSE@VSTCANDATA@@@@V?$allocator@PAV?$CBaseMsgBufFSE@VSTCANDATA@@@@@std@@@std@@CAXXZ 10006f60 f i ClientBuffer.obj
 0001:00005f70       ??_GCClientBuffer@@QAEPAXI@Z 10006f70 f i ClientList.obj
 0001:00006030       ?RegisterClient@CClientList@@QAEJAAKV?$basic_string@DU?$char_traits@D@std@@V?$allocator@D@2@@std@@@Z 10007030 f   ClientList.obj
 0001:00006300       ??A?$map@KPAVCClientBuffer@@U?$less@K@std@@V?$allocator@U?$pair@$$CBKPAVCClientBuffer@@@std@@@3@@std@@QAEAAPAVCClientBuffer@@ABK@Z 10007300 f i ClientList.obj
 0001:000063e0       ??E?$_Tree_unchecked_const_iterator@V?$_Tree_val@U?$_Tree_simple_types@U?$pair@$$CBKPAVCClientBuffer@@@std@@@std@@@std@@U_Iterator_base0@2@@std@@QAEAAV01@XZ 100073e0 f i ClientList.obj
 0001:00006440       ?_Extract@?$_Tree_val@U?$_Tree_simple_types@U?$pair@$$CBKPAVCClientBuffer@@@std@@@std@@@std@@QAEPAU?$_Tree_node@U?$pair@$$CBKPAVCClientBuffer@@@std@@PAX@2@V?$_Tree_unchecked_const_iterator@V?$_Tree_val@U?$_Tree_simple_types@U?$pair@$$CBKPAVCClientBuffer@@@std@@@std@@@std@@U_Iterator_base0@2@@2@@Z 10007440 f i ClientList.obj
 0001:000068a0       ___local_stdio_printf_options 100078a0 f i DIL_CAN_IXXAT_VCI.obj
 0001:000068b0       ??2CObject@@SGPAXI@Z       100078b0 f i DIL_CAN_IXXAT_VCI.obj
 0001:000068d0       ??_ECBaseDIL_CAN_Controller@@UAEPAXI@Z 100078d0 f i * CIL library *:* CIL module *
 0001:000068d0       ??_GCBaseDIL_CAN_Controller@@UAEPAXI@Z 100078d0 f i DIL_CAN_IXXAT_VCI.obj
 0001:00006900       ??0INTERFACE_HW@@QAE@XZ    10007900 f i DIL_CAN_IXXAT_VCI.obj
 0001:00006960       ??_ECDIL_CAN_IXXAT_VCI@@UAEPAXI@Z 10007960 f i * CIL library *:* CIL module *
 0001:00006960       ??_GCDIL_CAN_IXXAT_VCI@@UAEPAXI@Z 10007960 f i DIL_CAN_IXXAT_VCI.obj
 0001:00006ac0       ??1INTERFACE_HW@@QAE@XZ    10007ac0 f i DIL_CAN_IXXAT_VCI.obj
 0001:00006bf0       ?CAN_PerformInitOperations@CDIL_CAN_IXXAT_VCI@@UAEJXZ 10007bf0 f   DIL_CAN_IXXAT_VCI.obj
 0001:00006c20       ?CAN_PerformClosureOperations@CDIL_CAN_IXXAT_VCI@@UAEJXZ 10007c20 f   DIL_CAN_IXXAT_VCI.obj
 0001:00006c50       ?ListHardwareInterfaces@@YAHPAUHWND__@@PAVINTERFACE_HW@@PAHAAHPAVSCONTROLLER_DETAILS@@@Z 10007c50 f   DIL_CAN_IXXAT_VCI.obj
 0001:00006df0       ?CAN_ListHwInterfaces@CDIL_CAN_IXXAT_VCI@@UAEJAAY0BA@VINTERFACE_HW@@AAHPAVSCONTROLLER_DETAILS@@@Z 10007df0 f   DIL_CAN_IXXAT_VCI.obj
 0001:000070b0       ?CAN_SelectHwInterface@CDIL_CAN_IXXAT_VCI@@UAEJAAY0BA@$$CBVINTERFACE_HW@@H@Z 100080b0 f   DIL_CAN_IXXAT_VCI.obj
 0001:00007110       ?CAN_SetConfigData@CDIL_CAN_IXXAT_VCI@@UAEJPAVSCONTROLLER_DETAILS@@H@Z 10008110 f   DIL_CAN_IXXAT_VCI.obj
 0001:00007180       ?CAN_StartHardware@CDIL_CAN_IXXAT_VCI@@UAEJXZ 10008180 f   DIL_CAN_IXXAT_VCI.obj
 0001:00007270       ?CAN_StopHardware@CDIL_CAN_IXXAT_VCI@@UAEJXZ 10008270 f   DIL_CAN_IXXAT_VCI.obj
 0001:000072c0       ?CAN_GetCurrStatus@CDIL_CAN_IXXAT_VCI@@UAEJAAVSTATUSMSG@@@Z 100082c0 f   DIL_CAN_IXXAT_VCI.obj
 0001:00007340       ?CAN_SendMsg@CDIL_CAN_IXXAT_VCI@@UAEJKABVSTCAN_MSG@@@Z 10008340 f   DIL_CAN_IXXAT_VCI.obj
 0001:000074b0       ?CAN_GetLastErrorString@CDIL_CAN_IXXAT_VCI@@UAEJAAV?$basic_string@DU?$char_traits@D@std@@V?$allocator@D@2@@std@@@Z 100084b0 f   DIL_CAN_IXXAT_VCI.obj
 0001:000074c0       ?CAN_GetControllerParams@CDIL_CAN_IXXAT_VCI@@UAEJAAJIW4ECONTR_PARAM@@@Z 100084c0 f   DIL_CAN_IXXAT_VCI.obj
 0001:00007560       ?CAN_SetControllerParams@CDIL_CAN_IXXAT_VCI@@UAEJHW4ECONTR_PARAM@@@Z 10008560 f   DIL_CAN_IXXAT_VCI.obj
 0001:00007570       ?CAN_GetErrorCount@CDIL_CAN_IXXAT_VCI@@UAEJAAVSERROR_CNT@@IW4ECONTR_PARAM@@@Z 10008570 f   DIL_CAN_IXXAT_VCI.obj
 0001:000075c0       ?CAN_SetAppParams@CDIL_CAN_IXXAT_VCI@@UAEJPAUHWND__@@@Z 100085c0 f   DIL_CAN_IXXAT_VCI.obj
 0001:00007610       ?CAN_RegisterClient@CDIL_CAN_IXXAT_VCI@@UAEJHAAKPAD@Z 10008610 f   DIL_CAN_IXXAT_VCI.obj
 0001:000076f0       ?CAN_GetTimeModeMapping@CDIL_CAN_IXXAT_VCI@@UAEJAAU_SYSTEMTIME@@AA_KAAT_LARGE_INTEGER@@@Z 100086f0 f   DIL_CAN_IXXAT_VCI.obj
 0001:00007740       ?CAN_ManageMsgBuf@CDIL_CAN_IXXAT_VCI@@UAEJEKPAV?$CBaseMsgBufFSE@VSTCANDATA@@@@@Z 10008740 f   DIL_CAN_IXXAT_VCI.obj
 0001:000078c0       ?CAN_GetCntrlStatus@CDIL_CAN_IXXAT_VCI@@UAEJABQAXAAI@Z 100088c0 f   DIL_CAN_IXXAT_VCI.obj
 0001:000078d0       ?CAN_LoadDriverLibrary@CDIL_CAN_IXXAT_VCI@@UAEJXZ 100088d0 f   DIL_CAN_IXXAT_VCI.obj
 0001:00008030       ?CAN_UnloadDriverLibrary@CDIL_CAN_IXXAT_VCI@@UAEJXZ 10009030 f   DIL_CAN_IXXAT_VCI.obj
 0001:00008110       ?VciDeviceInfoAddToArray@CDIL_CAN_IXXAT_VCI@@IAEHHPAU_VCIDEVICEINFO@@AAY0BA@VINTERFACE_HW@@@Z 10009110 f   DIL_CAN_IXXAT_VCI.obj
 0001:000086b0       ??_D?$basic_ostringstream@DU?$char_traits@D@std@@V?$allocator@D@2@@std@@QAEXXZ 100096b0 f i DIL_CAN_IXXAT_VCI.obj
 0001:00008700       ?LogMessage@CDIL_CAN_IXXAT_VCI@@QAAXHPBDZZ 10009700 f   DIL_CAN_IXXAT_VCI.obj
 0001:00008750       ?CAN_SetHardwareChannel@CDIL_CAN_IXXAT_VCI@@UAEJPAVSCONTROLLER_DETAILS@@K_NI@Z 10009750 f   DIL_CAN_IXXAT_VCI.obj
 0001:00008760       ??$?6U?$char_traits@D@std@@@std@@YAAAV?$basic_ostream@DU?$char_traits@D@std@@@0@AAV10@PBD@Z 10009760 f i DIL_CAN_IXXAT_VCI.obj
 0001:00008970       ?seekpos@?$basic_stringbuf@DU?$char_traits@D@std@@V?$allocator@D@2@@std@@MAE?AV?$fpos@U_Mbstatet@@@2@V32@H@Z 10009970 f i DIL_CAN_IXXAT_VCI.obj
 0001:00008ab0       ?seekoff@?$basic_stringbuf@DU?$char_traits@D@std@@V?$allocator@D@2@@std@@MAE?AV?$fpos@U_Mbstatet@@@2@_JHH@Z 10009ab0 f i DIL_CAN_IXXAT_VCI.obj
 0001:00008c80       ?underflow@?$basic_stringbuf@DU?$char_traits@D@std@@V?$allocator@D@2@@std@@MAEHXZ 10009c80 f i DIL_CAN_IXXAT_VCI.obj
 0001:00008cf0       ?pbackfail@?$basic_stringbuf@DU?$char_traits@D@std@@V?$allocator@D@2@@std@@MAEHH@Z 10009cf0 f i DIL_CAN_IXXAT_VCI.obj
 0001:00008d50       ?overflow@?$basic_stringbuf@DU?$char_traits@D@std@@V?$allocator@D@2@@std@@MAEHH@Z 10009d50 f i DIL_CAN_IXXAT_VCI.obj
 0001:00008f50       ??_E?$basic_ostringstream@DU?$char_traits@D@std@@V?$allocator@D@2@@std@@UAEPAXI@Z 10009f50 f i * CIL library *:* CIL module *
 0001:00008f50       ??_G?$basic_ostringstream@DU?$char_traits@D@std@@V?$allocator@D@2@@std@@UAEPAXI@Z 10009f50 f i DIL_CAN_IXXAT_VCI.obj
 0001:00008fc0       ??_E?$basic_stringbuf@DU?$char_traits@D@std@@V?$allocator@D@2@@std@@UAEPAXI@Z 10009fc0 f i * CIL library *:* CIL module *
 0001:00008fc0       ??_G?$basic_stringbuf@DU?$char_traits@D@std@@V?$allocator@D@2@@std@@UAEPAXI@Z 10009fc0 f i DIL_CAN_IXXAT_VCI.obj
 0001:00009000       ??1sentry@?$basic_ostream@DU?$char_traits@D@std@@@std@@QAE@XZ 1000a000 f i DIL_CAN_IXXAT_VCI.obj
 0001:00009070       ?_Tidy@?$basic_stringbuf@DU?$char_traits@D@std@@V?$allocator@D@2@@std@@IAEXXZ 1000a070 f i DIL_CAN_IXXAT_VCI.obj
 0001:00009160       ??1_Sentry_base@?$basic_ostream@DU?$char_traits@D@std@@@std@@QAE@XZ 1000a160 f i DIL_CAN_IXXAT_VCI.obj
 0001:000091aa       ??_E?$basic_ostringstream@DU?$char_traits@D@std@@V?$allocator@D@2@@std@@$4PPPPPPPM@A@AEPAXI@Z 1000a1aa f i DIL_CAN_IXXAT_VCI.obj
 0001:000091c0       ??0CIxxatCanChannel@@QAE@XZ 1000a1c0 f   IxxatCanChannel.obj
 0001:00009240       ??_ECIxxatCanChannel@@UAEPAXI@Z 1000a240 f i * CIL library *:* CIL module *
 0001:00009240       ??_GCIxxatCanChannel@@UAEPAXI@Z 1000a240 f i IxxatCanChannel.obj
 0001:00009270       ??1CIxxatCanChannel@@UAE@XZ 1000a270 f   IxxatCanChannel.obj
 0001:00009280       ?ReleaseController@CIxxatCanChannel@@QAEJXZ 1000a280 f   IxxatCanChannel.obj
 0001:00009310       ?InitController@CIxxatCanChannel@@QAEJXZ 1000a310 f   IxxatCanChannel.obj
 0001:000094b0       ?HandleReceivedMessage@CIxxatCanChannel@@IAEXPAU_CANMSG@@@Z 1000a4b0 f   IxxatCanChannel.obj
 0001:000096d0       ?DispatchFrameToClients@CIxxatCanChannel@@IAEXPAVSTCANDATA@@@Z 1000a6d0 f   IxxatCanChannel.obj
 0001:00009770       ?ReceiveThread@@YAXPAX@Z   1000a770 f   IxxatCanChannel.obj
 0001:00009800       ___local_stdio_scanf_options 1000a800 f i MultiLanguage.obj
 0001:00009810       _sscanf                    1000a810 f i MultiLanguage.obj
 0001:00009840       ?AddLangId@CMultiLanguage@@KAKG@Z 1000a840 f   MultiLanguage.obj
 0001:000098b0       ?_AfxEnumResLangProc@CMultiLanguage@@KGHPAUHINSTANCE__@@PBD1GJ@Z 1000a8b0 f   MultiLanguage.obj
 0001:000098d0       ?LoadLangResourceDLL@CMultiLanguage@@SAPAUHINSTANCE__@@PBDG@Z 1000a8d0 f   MultiLanguage.obj
 0001:00009b00       _UnmapGeneralVciFunctions  1000ab00 f   vcinpldynl.obj
 0001:00009b70       _UnmapDeviceManagerFunctions 1000ab70 f   vcinpldynl.obj
 0001:00009be0       _UnmapCANControllerFunctions 1000abe0 f   vcinpldynl.obj
 0001:00009c60       _UnmapCANMessageChannelFunctions 1000ac60 f   vcinpldynl.obj
 0001:00009d00       ?nCalculateCANChannelParameters@CUtilFunctions@@SAHPAUsBTRTemp@@NGH@Z 1000ad00 f   Utils:UtilFunctions.obj
 0001:00009e30       ?nCalculateCANRegValues@CUtilFunctions@@CAHPAUsBTRTemp@@GGPAIH@Z 1000ae30 f   Utils:UtilFunctions.obj
 0001:00009fd0       ?ConvertText@@YAPADPAD@Z   1000afd0 f   Utils:MultiLanguageSupport.obj
 0001:0000a030       ??0CRadixEdit@@QAE@XZ      1000b030 f   Utils:RadixEdit.obj
 0001:0000a090       ??1CRadixEdit@@UAE@XZ      1000b090 f   Utils:RadixEdit.obj
 0001:0000a0a0       ??_ECRadixEdit@@UAEPAXI@Z  1000b0a0 f i Utils:RadixEdit.obj
 0001:0000a0a0       ??_GCRadixEdit@@UAEPAXI@Z  1000b0a0 f i Utils:RadixEdit.obj
 0001:0000a0f0       ?GetMessageMap@CRadixEdit@@MBEPBUAFX_MSGMAP@@XZ 1000b0f0 f   Utils:RadixEdit.obj
 0001:0000a100       ?OnChange@CRadixEdit@@IAEXXZ 1000b100 f   Utils:RadixEdit.obj
 0001:0000a300       ?OnChar@CRadixEdit@@IAEXIII@Z 1000b300 f   Utils:RadixEdit.obj
 0001:0000a660       ?vAcceptFloatingNum@CRadixEdit@@QAEX_N@Z 1000b660 f   Utils:RadixEdit.obj
 0001:0000a670       ?vSetBase@CRadixEdit@@QAEXH@Z 1000b670 f   Utils:RadixEdit.obj
 0001:0000a7b0       ?vSetSigned@CRadixEdit@@QAEX_N@Z 1000b7b0 f   Utils:RadixEdit.obj
 0001:0000a7c0       ??3@YAXPAX@Z               1000b7c0 f   mfc140:mfc140.dll
 0001:0000a7c6       ?GetMessageMap@CWnd@@MBEPBUAFX_MSGMAP@@XZ 1000b7c6 f   mfc140:mfc140.dll
 0001:0000a7cc       ?GetOccDialogInfo@CWnd@@MAEPAU_AFX_OCC_DIALOG_INFO@@XZ 1000b7cc f   mfc140:mfc140.dll
 0001:0000a7d2       ?SetOccDialogInfo@CWnd@@MAEHPAU_AFX_OCC_DIALOG_INFO@@@Z 1000b7d2 f   mfc140:mfc140.dll
 0001:0000a7d8       ?CreateControlSite@CWnd@@MAEHPAVCOleControlContainer@@PAPAVCOleControlSite@@IABU_GUID@@@Z 1000b7d8 f   mfc140:mfc140.dll
 0001:0000a7de       ?CreateControlContainer@CWnd@@MAEHPAPAVCOleControlContainer@@@Z 1000b7de f   mfc140:mfc140.dll
 0001:0000a7e4       ?OnFinalRelease@CWnd@@UAEXXZ 1000b7e4 f   mfc140:mfc140.dll
 0001:0000a7ea       ?IsFrameWnd@CWnd@@UBEHXZ   1000b7ea f   mfc140:mfc140.dll
 0001:0000a7f0       ?CheckAutoCenter@CWnd@@UAEHXZ 1000b7f0 f   mfc140:mfc140.dll
 0001:0000a7f6       ?ResizeDynamicLayout@CWnd@@MAEXXZ 1000b7f6 f   mfc140:mfc140.dll
 0001:0000a7fc       ?OnGesturePressAndTap@CWnd@@MAEHVCPoint@@J@Z 1000b7fc f   mfc140:mfc140.dll
 0001:0000a802       ?OnGestureTwoFingerTap@CWnd@@MAEHVCPoint@@@Z 1000b802 f   mfc140:mfc140.dll
 0001:0000a808       ?OnGestureRotate@CWnd@@MAEHVCPoint@@N@Z 1000b808 f   mfc140:mfc140.dll
 0001:0000a80e       ?OnGesturePan@CWnd@@MAEHVCPoint@@0@Z 1000b80e f   mfc140:mfc140.dll
 0001:0000a814       ?OnGestureZoom@CWnd@@MAEHVCPoint@@J@Z 1000b814 f   mfc140:mfc140.dll
 0001:0000a81a       ?GetGestureStatus@CWnd@@MAEKVCPoint@@@Z 1000b81a f   mfc140:mfc140.dll
 0001:0000a820       ?OnTouchInput@CWnd@@MAEHVCPoint@@HHPAUtagTOUCHINPUT@@@Z 1000b820 f   mfc140:mfc140.dll
 0001:0000a826       ?OnTouchInputs@CWnd@@MAEHIPAUtagTOUCHINPUT@@@Z 1000b826 f   mfc140:mfc140.dll
 0001:0000a82c       ?OnChildNotify@CWnd@@MAEHIIJPAJ@Z 1000b82c f   mfc140:mfc140.dll
 0001:0000a832       ?PostNcDestroy@CWnd@@MAEXXZ 1000b832 f   mfc140:mfc140.dll
 0001:0000a838       ?DefWindowProcA@CWnd@@MAEJIIJ@Z 1000b838 f   mfc140:mfc140.dll
 0001:0000a83e       ?OnWndMsg@CWnd@@MAEHIIJPAJ@Z 1000b83e f   mfc140:mfc140.dll
 0001:0000a844       ?WindowProc@CWnd@@MAEJIIJ@Z 1000b844 f   mfc140:mfc140.dll
 0001:0000a84a       ?OnAmbientProperty@CWnd@@UAEHPAVCOleControlSite@@JPAUtagVARIANT@@@Z 1000b84a f   mfc140:mfc140.dll
 0001:0000a850       ?PreTranslateMessage@CWnd@@UAEHPAUtagMSG@@@Z 1000b850 f   mfc140:mfc140.dll
 0001:0000a856       ?GetSuperWndProcAddr@CWnd@@MAEPAP6GJPAUHWND__@@IIJ@ZXZ 1000b856 f   mfc140:mfc140.dll
 0001:0000a85c       ?OnNotify@CWnd@@MAEHIJPAJ@Z 1000b85c f   mfc140:mfc140.dll
 0001:0000a862       ?OnCommand@CWnd@@MAEHIJ@Z  1000b862 f   mfc140:mfc140.dll
 0001:0000a868       ?CreateAccessibleProxy@CWnd@@UAEJIJPAJ@Z 1000b868 f   mfc140:mfc140.dll
 0001:0000a86e       ?SetProxy@CWnd@@UAEJPAUIAccessibleProxy@@@Z 1000b86e f   mfc140:mfc140.dll
 0001:0000a874       ?put_accValue@CWnd@@UAEJUtagVARIANT@@PA_W@Z 1000b874 f   mfc140:mfc140.dll
 0001:0000a87a       ?put_accName@CWnd@@UAEJUtagVARIANT@@PA_W@Z 1000b87a f   mfc140:mfc140.dll
 0001:0000a880       ?accDoDefaultAction@CWnd@@UAEJUtagVARIANT@@@Z 1000b880 f   mfc140:mfc140.dll
 0001:0000a886       ?accHitTest@CWnd@@UAEJJJPAUtagVARIANT@@@Z 1000b886 f   mfc140:mfc140.dll
 0001:0000a88c       ?accNavigate@CWnd@@UAEJJUtagVARIANT@@PAU2@@Z 1000b88c f   mfc140:mfc140.dll
 0001:0000a892       ?accLocation@CWnd@@UAEJPAJ000UtagVARIANT@@@Z 1000b892 f   mfc140:mfc140.dll
 0001:0000a898       ?accSelect@CWnd@@UAEJJUtagVARIANT@@@Z 1000b898 f   mfc140:mfc140.dll
 0001:0000a89e       ?get_accDefaultAction@CWnd@@UAEJUtagVARIANT@@PAPA_W@Z 1000b89e f   mfc140:mfc140.dll
 0001:0000a8a4       ?get_accSelection@CWnd@@UAEJPAUtagVARIANT@@@Z 1000b8a4 f   mfc140:mfc140.dll
 0001:0000a8aa       ?get_accFocus@CWnd@@UAEJPAUtagVARIANT@@@Z 1000b8aa f   mfc140:mfc140.dll
 0001:0000a8b0       ?get_accKeyboardShortcut@CWnd@@UAEJUtagVARIANT@@PAPA_W@Z 1000b8b0 f   mfc140:mfc140.dll
 0001:0000a8b6       ?get_accHelpTopic@CWnd@@UAEJPAPA_WUtagVARIANT@@PAJ@Z 1000b8b6 f   mfc140:mfc140.dll
 0001:0000a8bc       ?get_accHelp@CWnd@@UAEJUtagVARIANT@@PAPA_W@Z 1000b8bc f   mfc140:mfc140.dll
 0001:0000a8c2       ?get_accState@CWnd@@UAEJUtagVARIANT@@PAU2@@Z 1000b8c2 f   mfc140:mfc140.dll
 0001:0000a8c8       ?get_accRole@CWnd@@UAEJUtagVARIANT@@PAU2@@Z 1000b8c8 f   mfc140:mfc140.dll
 0001:0000a8ce       ?get_accDescription@CWnd@@UAEJUtagVARIANT@@PAPA_W@Z 1000b8ce f   mfc140:mfc140.dll
 0001:0000a8d4       ?get_accValue@CWnd@@UAEJUtagVARIANT@@PAPA_W@Z 1000b8d4 f   mfc140:mfc140.dll
 0001:0000a8da       ?get_accName@CWnd@@UAEJUtagVARIANT@@PAPA_W@Z 1000b8da f   mfc140:mfc140.dll
 0001:0000a8e0       ?get_accChild@CWnd@@UAEJUtagVARIANT@@PAPAUIDispatch@@@Z 1000b8e0 f   mfc140:mfc140.dll
 0001:0000a8e6       ?get_accChildCount@CWnd@@UAEJPAJ@Z 1000b8e6 f   mfc140:mfc140.dll
 0001:0000a8ec       ?get_accParent@CWnd@@UAEJPAPAUIDispatch@@@Z 1000b8ec f   mfc140:mfc140.dll
 0001:0000a8f2       ?EnsureStdObj@CWnd@@UAEJXZ 1000b8f2 f   mfc140:mfc140.dll
 0001:0000a8f8       ?GetInterfaceMap@CWnd@@MBEPBUAFX_INTERFACEMAP@@XZ 1000b8f8 f   mfc140:mfc140.dll
 0001:0000a8fe       ?OnDrawIconicThumbnailOrLivePreview@CWnd@@UAEXAAVCDC@@VCRect@@VCSize@@HAAH@Z 1000b8fe f   mfc140:mfc140.dll
 0001:0000a904       ?EndModalLoop@CWnd@@UAEXH@Z 1000b904 f   mfc140:mfc140.dll
 0001:0000a90a       ?ContinueModal@CWnd@@UAEHXZ 1000b90a f   mfc140:mfc140.dll
 0001:0000a910       ?WinHelpInternal@CWnd@@UAEXKI@Z 1000b910 f   mfc140:mfc140.dll
 0001:0000a916       ?HtmlHelpA@CWnd@@UAEXKI@Z  1000b916 f   mfc140:mfc140.dll
 0001:0000a91c       ?WinHelpA@CWnd@@UAEXKI@Z   1000b91c f   mfc140:mfc140.dll
 0001:0000a922       ?GetScrollBarCtrl@CWnd@@UBEPAVCScrollBar@@H@Z 1000b922 f   mfc140:mfc140.dll
 0001:0000a928       ?OnToolHitTest@CWnd@@UBEHVCPoint@@PAUtagTOOLINFOA@@@Z 1000b928 f   mfc140:mfc140.dll
 0001:0000a92e       ?SetMenu@CWnd@@UAEHPAVCMenu@@@Z 1000b92e f   mfc140:mfc140.dll
 0001:0000a934       ?GetMenu@CWnd@@UBEPAVCMenu@@XZ 1000b934 f   mfc140:mfc140.dll
 0001:0000a93a       ?GetWindowTextA@CWnd@@QBEXAAV?$CStringT@DV?$StrTraitMFC_DLL@DV?$ChTraitsCRT@D@ATL@@@@@ATL@@@Z 1000b93a f   mfc140:mfc140.dll
 0001:0000a940       ?CalcWindowRect@CWnd@@UAEXPAUtagRECT@@I@Z 1000b940 f   mfc140:mfc140.dll
 0001:0000a946       ?PreCreateWindow@CWnd@@UAEHAAUtagCREATESTRUCTA@@@Z 1000b946 f   mfc140:mfc140.dll
 0001:0000a94c       ?DestroyWindow@CWnd@@UAEHXZ 1000b94c f   mfc140:mfc140.dll
 0001:0000a952       ?CreateEx@CWnd@@UAEHKPBD0KHHHHPAUHWND__@@PAUHMENU__@@PAX@Z 1000b952 f   mfc140:mfc140.dll
 0001:0000a958       ?CreateEx@CWnd@@UAEHKPBD0KABUtagRECT@@PAV1@IPAX@Z 1000b958 f   mfc140:mfc140.dll
 0001:0000a95e       ?Create@CWnd@@UAEHPBD0KABUtagRECT@@PAV1@IPAUCCreateContext@@@Z 1000b95e f   mfc140:mfc140.dll
 0001:0000a964       ?PreSubclassWindow@CWnd@@UAEXXZ 1000b964 f   mfc140:mfc140.dll
 0001:0000a96a       ?FromHandle@CWnd@@SGPAV1@PAUHWND__@@@Z 1000b96a f   mfc140:mfc140.dll
 0001:0000a970       ??0CWnd@@QAE@XZ            1000b970 f   mfc140:mfc140.dll
 0001:0000a976       ?GetThisMessageMap@CDialog@@KGPBUAFX_MSGMAP@@XZ 1000b976 f   mfc140:mfc140.dll
 0001:0000a97c       ?PreInitDialog@CDialog@@MAEXXZ 1000b97c f   mfc140:mfc140.dll
 0001:0000a982       ?GetOccDialogInfo@CDialog@@MAEPAU_AFX_OCC_DIALOG_INFO@@XZ 1000b982 f   mfc140:mfc140.dll
 0001:0000a988       ?SetOccDialogInfo@CDialog@@MAEHPAU_AFX_OCC_DIALOG_INFO@@@Z 1000b988 f   mfc140:mfc140.dll
 0001:0000a98e       ?CheckAutoCenter@CDialog@@UAEHXZ 1000b98e f   mfc140:mfc140.dll
 0001:0000a994       ?OnCmdMsg@CDialog@@UAEHIHPAXPAUAFX_CMDHANDLERINFO@@@Z 1000b994 f   mfc140:mfc140.dll
 0001:0000a99a       ?OnCancel@CDialog@@MAEXXZ  1000b99a f   mfc140:mfc140.dll
 0001:0000a9a0       ?OnOK@CDialog@@MAEXXZ      1000b9a0 f   mfc140:mfc140.dll
 0001:0000a9a6       ?OnSetFont@CDialog@@UAEXPAVCFont@@@Z 1000b9a6 f   mfc140:mfc140.dll
 0001:0000a9ac       ?DoModal@CDialog@@UAEHXZ   1000b9ac f   mfc140:mfc140.dll
 0001:0000a9b2       ?CreateIndirect@CDialog@@UAEHPBUDLGTEMPLATE@@PAVCWnd@@PAX@Z 1000b9b2 f   mfc140:mfc140.dll
 0001:0000a9b8       ?CreateIndirect@CDialog@@UAEHPAXPAVCWnd@@@Z 1000b9b8 f   mfc140:mfc140.dll
 0001:0000a9be       ?Create@CDialog@@UAEHPBDPAVCWnd@@@Z 1000b9be f   mfc140:mfc140.dll
 0001:0000a9c4       ?GetRuntimeClass@CDialog@@UBEPAUCRuntimeClass@@XZ 1000b9c4 f   mfc140:mfc140.dll
 0001:0000a9ca       ??1CEdit@@UAE@XZ           1000b9ca f   mfc140:mfc140.dll
 0001:0000a9d0       ?GetRuntimeClass@CEdit@@UBEPAUCRuntimeClass@@XZ 1000b9d0 f   mfc140:mfc140.dll
 0001:0000a9d6       ?GetMessageMap@CListCtrl@@MBEPBUAFX_MSGMAP@@XZ 1000b9d6 f   mfc140:mfc140.dll
 0001:0000a9dc       ?OnChildNotify@CListCtrl@@MAEHIIJPAJ@Z 1000b9dc f   mfc140:mfc140.dll
 0001:0000a9e2       ?DrawItem@CListCtrl@@UAEXPAUtagDRAWITEMSTRUCT@@@Z 1000b9e2 f   mfc140:mfc140.dll
 0001:0000a9e8       ?GetRuntimeClass@CListCtrl@@UBEPAUCRuntimeClass@@XZ 1000b9e8 f   mfc140:mfc140.dll
 0001:0000a9ee       ?GetConnectionHook@CCmdTarget@@MAEPAUIConnectionPoint@@ABU_GUID@@@Z 1000b9ee f   mfc140:mfc140.dll
 0001:0000a9f4       ?GetExtraConnectionPoints@CCmdTarget@@MAEHPAVCPtrArray@@@Z 1000b9f4 f   mfc140:mfc140.dll
 0001:0000a9fa       ?GetInterfaceHook@CCmdTarget@@UAEPAUIUnknown@@PBX@Z 1000b9fa f   mfc140:mfc140.dll
 0001:0000aa00       ?OnCreateAggregates@CCmdTarget@@UAEHXZ 1000ba00 f   mfc140:mfc140.dll
 0001:0000aa06       ?GetEventSinkMap@CCmdTarget@@MBEPBUAFX_EVENTSINKMAP@@XZ 1000ba06 f   mfc140:mfc140.dll
 0001:0000aa0c       ?GetConnectionMap@CCmdTarget@@MBEPBUAFX_CONNECTIONMAP@@XZ 1000ba0c f   mfc140:mfc140.dll
 0001:0000aa12       ?GetDispatchMap@CCmdTarget@@MBEPBUAFX_DISPMAP@@XZ 1000ba12 f   mfc140:mfc140.dll
 0001:0000aa18       ?GetCommandMap@CCmdTarget@@MBEPBUAFX_OLECMDMAP@@XZ 1000ba18 f   mfc140:mfc140.dll
 0001:0000aa1e       ?GetTypeLib@CCmdTarget@@UAEJKPAPAUITypeLib@@@Z 1000ba1e f   mfc140:mfc140.dll
 0001:0000aa24       ?GetTypeLibCache@CCmdTarget@@UAEPAVCTypeLibCache@@XZ 1000ba24 f   mfc140:mfc140.dll
 0001:0000aa2a       ?GetTypeInfoCount@CCmdTarget@@UAEIXZ 1000ba2a f   mfc140:mfc140.dll
 0001:0000aa30       ?GetDispatchIID@CCmdTarget@@UAEHPAU_GUID@@@Z 1000ba30 f   mfc140:mfc140.dll
 0001:0000aa36       ?IsInvokeAllowed@CCmdTarget@@UAEHJ@Z 1000ba36 f   mfc140:mfc140.dll
 0001:0000aa3c       ?OnCmdMsg@CCmdTarget@@UAEHIHPAXPAUAFX_CMDHANDLERINFO@@@Z 1000ba3c f   mfc140:mfc140.dll
 0001:0000aa42       ?Delete@CWinThread@@UAEXXZ 1000ba42 f   mfc140:mfc140.dll
 0001:0000aa48       ?GetMainWnd@CWinThread@@UAEPAVCWnd@@XZ 1000ba48 f   mfc140:mfc140.dll
 0001:0000aa4e       ?ProcessMessageFilter@CWinThread@@UAEHHPAUtagMSG@@@Z 1000ba4e f   mfc140:mfc140.dll
 0001:0000aa54       ?IsIdleMessage@CWinThread@@UAEHPAUtagMSG@@@Z 1000ba54 f   mfc140:mfc140.dll
 0001:0000aa5a       ?PumpMessage@CWinThread@@UAEHXZ 1000ba5a f   mfc140:mfc140.dll
 0001:0000aa60       ?PreTranslateMessage@CWinThread@@UAEHPAUtagMSG@@@Z 1000ba60 f   mfc140:mfc140.dll
 0001:0000aa66       ?LoadSysPolicies@CWinApp@@UAEHXZ 1000ba66 f   mfc140:mfc140.dll
 0001:0000aa6c       ?GetThisMessageMap@CWinApp@@KGPBUAFX_MSGMAP@@XZ 1000ba6c f   mfc140:mfc140.dll
 0001:0000aa72       ?LoadAppLangResourceDLL@CWinApp@@UAEPAUHINSTANCE__@@XZ 1000ba72 f   mfc140:mfc140.dll
 0001:0000aa78       ?ProcessWndProcException@CWinApp@@UAEJPAVCException@@PBUtagMSG@@@Z 1000ba78 f   mfc140:mfc140.dll
 0001:0000aa7e       ?OnIdle@CWinApp@@UAEHJ@Z   1000ba7e f   mfc140:mfc140.dll
 0001:0000aa84       ?Run@CWinApp@@UAEHXZ       1000ba84 f   mfc140:mfc140.dll
 0001:0000aa8a       ?RestartInstance@CWinApp@@UAEHXZ 1000ba8a f   mfc140:mfc140.dll
 0001:0000aa90       ?IsTaskbarInteractionEnabled@CWinApp@@UAEHXZ 1000ba90 f   mfc140:mfc140.dll
 0001:0000aa96       ?GetDataRecoveryHandler@CWinApp@@UAEPAVCDataRecoveryHandler@@XZ 1000ba96 f   mfc140:mfc140.dll
 0001:0000aa9c       ?ApplicationRecoveryCallback@CWinApp@@UAEKPAX@Z 1000ba9c f   mfc140:mfc140.dll
 0001:0000aaa2       ?RegisterWithRestartManager@CWinApp@@UAEJHABV?$CStringT@DV?$StrTraitMFC_DLL@DV?$ChTraitsCRT@D@ATL@@@@@ATL@@@Z 1000baa2 f   mfc140:mfc140.dll
 0001:0000aaa8       ?RegisterWithRestartManager@CWinApp@@UAEJPB_WKP6GKPAX@Z1KK@Z 1000baa8 f   mfc140:mfc140.dll
 0001:0000aaae       ?WinHelpInternal@CWinApp@@UAEXKI@Z 1000baae f   mfc140:mfc140.dll
 0001:0000aab4       ?HtmlHelpA@CWinApp@@UAEXKI@Z 1000bab4 f   mfc140:mfc140.dll
 0001:0000aaba       ?WinHelpA@CWinApp@@UAEXKI@Z 1000baba f   mfc140:mfc140.dll
 0001:0000aac0       ?OnDDECommand@CWinApp@@UAEHPAD@Z 1000bac0 f   mfc140:mfc140.dll
 0001:0000aac6       ?DoWaitCursor@CWinApp@@UAEXH@Z 1000bac6 f   mfc140:mfc140.dll
 0001:0000aacc       ?DoMessageBox@CWinApp@@UAEHPBDII@Z 1000bacc f   mfc140:mfc140.dll
 0001:0000aad2       ?SaveAllModified@CWinApp@@UAEHXZ 1000bad2 f   mfc140:mfc140.dll
 0001:0000aad8       ?InitApplication@CWinApp@@UAEHXZ 1000bad8 f   mfc140:mfc140.dll
 0001:0000aade       ?AddToRecentFileList@CWinApp@@UAEXPBD@Z 1000bade f   mfc140:mfc140.dll
 0001:0000aae4       ?OpenDocumentFile@CWinApp@@UAEPAVCDocument@@PBD@Z 1000bae4 f   mfc140:mfc140.dll
 0001:0000aaea       ?OpenDocumentFile@CWinApp@@UAEPAVCDocument@@PBDH@Z 1000baea f   mfc140:mfc140.dll
 0001:0000aaf0       ?Unregister@CWinApp@@UAEHXZ 1000baf0 f   mfc140:mfc140.dll
 0001:0000aaf6       ?Register@CWinApp@@UAEHXZ  1000baf6 f   mfc140:mfc140.dll
 0001:0000aafc       ?InitLibId@CWinApp@@UAEXXZ 1000bafc f   mfc140:mfc140.dll
 0001:0000ab02       ?WriteProfileBinary@CWinApp@@UAEHPBD0PAEI@Z 1000bb02 f   mfc140:mfc140.dll
 0001:0000ab08       ?GetProfileBinary@CWinApp@@UAEHPBD0PAPAEPAI@Z 1000bb08 f   mfc140:mfc140.dll
 0001:0000ab0e       ?WriteProfileStringA@CWinApp@@UAEHPBD00@Z 1000bb0e f   mfc140:mfc140.dll
 0001:0000ab14       ?GetProfileStringA@CWinApp@@UAE?AV?$CStringT@DV?$StrTraitMFC_DLL@DV?$ChTraitsCRT@D@ATL@@@@@ATL@@PBD00@Z 1000bb14 f   mfc140:mfc140.dll
 0001:0000ab1a       ?WriteProfileInt@CWinApp@@UAEHPBD0H@Z 1000bb1a f   mfc140:mfc140.dll
 0001:0000ab20       ?GetProfileIntA@CWinApp@@UAEIPBD0H@Z 1000bb20 f   mfc140:mfc140.dll
 0001:0000ab26       ?GetRuntimeClass@CWinApp@@UBEPAUCRuntimeClass@@XZ 1000bb26 f   mfc140:mfc140.dll
 0001:0000ab2c       ?AfxGetModuleState@@YGPAVAFX_MODULE_STATE@@XZ 1000bb2c f   mfc140:mfc140.dll
 0001:0000ab32       ?GetInterfaceMap@CCmdTarget@@MBEPBUAFX_INTERFACEMAP@@XZ 1000bb32 f   mfc140:mfc140.dll
 0001:0000ab38       ?OnFinalRelease@CCmdTarget@@UAEXXZ 1000bb38 f   mfc140:mfc140.dll
 0001:0000ab3e       ?PreTranslateMessage@CDialog@@UAEHPAUtagMSG@@@Z 1000bb3e f   mfc140:mfc140.dll
 0001:0000ab44       ?OnChildNotify@CComboBox@@MAEHIIJPAJ@Z 1000bb44 f   mfc140:mfc140.dll
 0001:0000ab4a       ?DeleteItem@CComboBox@@UAEXPAUtagDELETEITEMSTRUCT@@@Z 1000bb4a f   mfc140:mfc140.dll
 0001:0000ab50       ?CompareItem@CComboBox@@UAEHPAUtagCOMPAREITEMSTRUCT@@@Z 1000bb50 f   mfc140:mfc140.dll
 0001:0000ab56       ?MeasureItem@CComboBox@@UAEXPAUtagMEASUREITEMSTRUCT@@@Z 1000bb56 f   mfc140:mfc140.dll
 0001:0000ab5c       ?DrawItem@CComboBox@@UAEXPAUtagDRAWITEMSTRUCT@@@Z 1000bb5c f   mfc140:mfc140.dll
 0001:0000ab62       ?Create@CComboBox@@UAEHKABUtagRECT@@PAVCWnd@@I@Z 1000bb62 f   mfc140:mfc140.dll
 0001:0000ab68       ?GetRuntimeClass@CComboBox@@UBEPAUCRuntimeClass@@XZ 1000bb68 f   mfc140:mfc140.dll
 0001:0000ab6e       ??1AFX_MAINTAIN_STATE2@@QAE@XZ 1000bb6e f   mfc140:mfc140.dll
 0001:0000ab74       ??0AFX_MAINTAIN_STATE2@@QAE@PAVAFX_MODULE_STATE@@@Z 1000bb74 f   mfc140:mfc140.dll
 0001:0000ab7a       ?Default@CWnd@@IAEJXZ      1000bb7a f   mfc140:mfc140.dll
 0001:0000ab80       ?GetThisMessageMap@CWnd@@KGPBUAFX_MSGMAP@@XZ 1000bb80 f   mfc140:mfc140.dll
 0001:0000ab86       _RawDllMain@12             1000bb86 f   mfcs140:dllmodul.obj
 0001:0000abd9       ??_E_AFX_DLL_MODULE_STATE@@UAEPAXI@Z 1000bbd9 f i mfcs140:dllmodul.obj
 0001:0000abd9       ??_G_AFX_DLL_MODULE_STATE@@UAEPAXI@Z 1000bbd9 f i mfcs140:dllmodul.obj
 0001:0000ac0c       ?AfxGetStaticModuleState@@YGPAVAFX_MODULE_STATE@@XZ 1000bc0c f   mfcs140:dllmodul.obj
 0001:0000ac12       ?AfxWndProcDllStatic@@YGJPAUHWND__@@IIJ@Z 1000bc12 f   mfcs140:dllmodul.obj
 0001:0000ac5c       _DllMain@12                1000bc5c f   mfcs140:dllmodul.obj
 0001:0000aca5       _InternalDllMain@12        1000bca5 f   mfcs140:dllmodul.obj
 0001:0000ae2b       ?AfxGetApp@@YGPAVCWinApp@@XZ 1000be2b f i mfcs140:dllmodulx.obj
 0001:0000ae34       @__security_check_cookie@4 1000be34 f   msvcrt:secchk.obj
 0001:0000ae42       ??_M@YGXPAXIIP6EX0@Z@Z     1000be42 f   msvcrt:ehvecdtr.obj
 0001:0000aeca       ?__ArrayUnwind@@YGXPAXIIP6EX0@Z@Z 1000beca f   msvcrt:ehvecdtr.obj
 0001:0000af9c       ___scrt_acquire_startup_lock 1000bf9c f   msvcrt:utility.obj
 0001:0000afce       ___scrt_dllmain_after_initialize_c 1000bfce f   msvcrt:utility.obj
 0001:0000aff9       ___scrt_dllmain_before_initialize_c 1000bff9 f   msvcrt:utility.obj
 0001:0000b007       ___scrt_dllmain_crt_thread_attach 1000c007 f   msvcrt:utility.obj
 0001:0000b026       ___scrt_dllmain_crt_thread_detach 1000c026 f   msvcrt:utility.obj
 0001:0000b033       ___scrt_dllmain_exception_filter 1000c033 f   msvcrt:utility.obj
 0001:0000b067       ___scrt_dllmain_uninitialize_c 1000c067 f   msvcrt:utility.obj
 0001:0000b08a       ___scrt_dllmain_uninitialize_critical 1000c08a f   msvcrt:utility.obj
 0001:0000b097       ___scrt_initialize_crt     1000c097 f   msvcrt:utility.obj
 0001:0000b0d0       ___scrt_initialize_onexit_tables 1000c0d0 f   msvcrt:utility.obj
 0001:0000b157       ___scrt_is_nonwritable_in_current_image 1000c157 f   msvcrt:utility.obj
 0001:0000b1ee       ___scrt_release_startup_lock 1000c1ee f   msvcrt:utility.obj
 0001:0000b20b       ___scrt_uninitialize_crt   1000c20b f   msvcrt:utility.obj
 0001:0000b233       __onexit                   1000c233 f   msvcrt:utility.obj
 0001:0000b261       _atexit                    1000c261 f   msvcrt:utility.obj
 0001:0000b276       ??3@YAXPAXI@Z              1000c276 f   msvcrt:delete_scalar_size.obj
 0001:0000b284       ??_Etype_info@@UAEPAXI@Z   1000c284 f i msvcrt:std_type_info_static.obj
 0001:0000b284       ??_Gtype_info@@UAEPAXI@Z   1000c284 f i msvcrt:std_type_info_static.obj
 0001:0000b2a7       ??_L@YGXPAXIIP6EX0@Z1@Z    1000c2a7 f   msvcrt:ehvecctr.obj
 0001:0000b668       __DllMainCRTStartup@12     1000c668 f   msvcrt:dll_dllmain.obj
 0001:0000b690       __dtol3                    1000c690 f   msvcrt:ftol3.obj
 0001:0000b740       __allshl                   1000c740 f   msvcrt:llshl.obj
 0001:0000b75f       __EH_epilog3               1000c75f f   msvcrt:ehprolg3.obj
 0001:0000b773       __EH_prolog3               1000c773 f   msvcrt:ehprolg3.obj
 0001:0000b7a6       __EH_prolog3_catch         1000c7a6 f   msvcrt:ehprolg3.obj
 0001:0000b7e0       __SEH_prolog4              1000c7e0 f   msvcrt:sehprolg4.obj
 0001:0000b830       __except_handler4          1000c830 f   msvcrt:chandler4gs.obj
 0001:0000b85f       ___raise_securityfailure   1000c85f f   msvcrt:gs_report.obj
 0001:0000b887       ___report_gsfailure        1000c887 f   msvcrt:gs_report.obj
 0001:0000b982       ___isa_available_init      1000c982 f   msvcrt:cpu_disp.obj
 0001:0000bc9c       __get_startup_argv_mode    1000cc9c f   msvcrt:argv_mode.obj
 0001:0000bca0       ___scrt_is_ucrt_dll_in_use 1000cca0 f   msvcrt:ucrt_detection.obj
 0001:0000bcac       ___scrt_fastfail           1000ccac f   msvcrt:utility_desktop.obj
 0001:0000bdc1       __crt_debugger_hook        1000cdc1 f   msvcrt:utility_desktop.obj
 0001:0000be19       ___security_init_cookie    1000ce19 f   msvcrt:gs_support.obj
 0001:0000be64       ?__scrt_initialize_type_info@@YAXXZ 1000ce64 f   msvcrt:tncleanup.obj
 0001:0000be70       ?__scrt_uninitialize_type_info@@YAXXZ 1000ce70 f   msvcrt:tncleanup.obj
 0001:0000be7c       ___scrt_initialize_default_local_stdio_options 1000ce7c f   msvcrt:default_local_stdio_options.obj
 0001:0000be99       ___scrt_get_dyn_tls_init_callback 1000ce99 f   msvcrt:dyn_tls_init.obj
 0001:0000be9f       __RTC_Initialize           1000ce9f f   msvcrt:initsect.obj
 0001:0000becb       __RTC_Terminate            1000cecb f   msvcrt:initsect.obj
 0001:0000bef7       ??0CAtlBaseModule@ATL@@QAE@XZ 1000cef7 f   atls:atlbase.obj
 0001:0000bf4a       ??0_ATL_BASE_MODULE70@ATL@@QAE@XZ 1000cf4a f i atls:atlbase.obj
 0001:0000bf6d       ??1CAtlBaseModule@ATL@@QAE@XZ 1000cf6d f   atls:atlbase.obj
 0001:0000bf83       ?RemoveAll@?$CSimpleArray@PAUHINSTANCE__@@V?$CSimpleArrayEqualHelper@PAUHINSTANCE__@@@ATL@@@ATL@@QAEXXZ 1000cf83 f i atls:atlbase.obj
 0001:0000bfa9       ?_Lock@?$basic_streambuf@DU?$char_traits@D@std@@@std@@UAEXXZ 1000cfa9 f   msvcprt:MSVCP140.dll
 0001:0000bfaf       ?_Unlock@?$basic_streambuf@DU?$char_traits@D@std@@@std@@UAEXXZ 1000cfaf f   msvcprt:MSVCP140.dll
 0001:0000bfb5       ?showmanyc@?$basic_streambuf@DU?$char_traits@D@std@@@std@@MAE_JXZ 1000cfb5 f   msvcprt:MSVCP140.dll
 0001:0000bfbb       ?uflow@?$basic_streambuf@DU?$char_traits@D@std@@@std@@MAEHXZ 1000cfbb f   msvcprt:MSVCP140.dll
 0001:0000bfc1       ?xsgetn@?$basic_streambuf@DU?$char_traits@D@std@@@std@@MAE_JPAD_J@Z 1000cfc1 f   msvcprt:MSVCP140.dll
 0001:0000bfc7       ?xsputn@?$basic_streambuf@DU?$char_traits@D@std@@@std@@MAE_JPBD_J@Z 1000cfc7 f   msvcprt:MSVCP140.dll
 0001:0000bfcd       ?setbuf@?$basic_streambuf@DU?$char_traits@D@std@@@std@@MAEPAV12@PAD_J@Z 1000cfcd f   msvcprt:MSVCP140.dll
 0001:0000bfd3       ?sync@?$basic_streambuf@DU?$char_traits@D@std@@@std@@MAEHXZ 1000cfd3 f   msvcprt:MSVCP140.dll
 0001:0000bfd9       ?imbue@?$basic_streambuf@DU?$char_traits@D@std@@@std@@MAEXABVlocale@2@@Z 1000cfd9 f   msvcprt:MSVCP140.dll
 0001:0000bfdf       ___CxxFrameHandler3        1000cfdf f   vcruntime:VCRUNTIME140.dll
 0001:0000bfe5       ___std_terminate           1000cfe5 f   vcruntime:VCRUNTIME140.dll
 0001:0000bfeb       __purecall                 1000cfeb f   vcruntime:VCRUNTIME140.dll
 0001:0000bff1       __CxxThrowException@8      1000cff1 f   vcruntime:VCRUNTIME140.dll
 0001:0000bff7       _memcpy                    1000cff7 f   vcruntime:VCRUNTIME140.dll
 0001:0000bffd       _memmove                   1000cffd f   vcruntime:VCRUNTIME140.dll
 0001:0000c003       _memset                    1000d003 f   vcruntime:VCRUNTIME140.dll
 0001:0000c009       ___current_exception       1000d009 f   vcruntime:VCRUNTIME140.dll
 0001:0000c00f       ___current_exception_context 1000d00f f   vcruntime:VCRUNTIME140.dll
 0001:0000c015       __except_handler4_common   1000d015 f   vcruntime:VCRUNTIME140.dll
 0001:0000c01b       ___std_type_info_destroy_list 1000d01b f   vcruntime:VCRUNTIME140.dll
 0001:0000c021       _free                      1000d021 f   ucrt:api-ms-win-crt-heap-l1-1-0.dll
 0001:0000c027       _terminate                 1000d027 f   ucrt:api-ms-win-crt-runtime-l1-1-0.dll
 0001:0000c02d       __seh_filter_dll           1000d02d f   ucrt:api-ms-win-crt-runtime-l1-1-0.dll
 0001:0000c033       __configure_narrow_argv    1000d033 f   ucrt:api-ms-win-crt-runtime-l1-1-0.dll
 0001:0000c039       __initialize_narrow_environment 1000d039 f   ucrt:api-ms-win-crt-runtime-l1-1-0.dll
 0001:0000c03f       __initialize_onexit_table  1000d03f f   ucrt:api-ms-win-crt-runtime-l1-1-0.dll
 0001:0000c045       __register_onexit_function 1000d045 f   ucrt:api-ms-win-crt-runtime-l1-1-0.dll
 0001:0000c04b       __execute_onexit_table     1000d04b f   ucrt:api-ms-win-crt-runtime-l1-1-0.dll
 0001:0000c051       __crt_atexit               1000d051 f   ucrt:api-ms-win-crt-runtime-l1-1-0.dll
 0001:0000c057       __cexit                    1000d057 f   ucrt:api-ms-win-crt-runtime-l1-1-0.dll
 0001:0000c05d       __initterm                 1000d05d f   ucrt:api-ms-win-crt-runtime-l1-1-0.dll
 0001:0000c063       __initterm_e               1000d063 f   ucrt:api-ms-win-crt-runtime-l1-1-0.dll
 0001:0000c069       ?Delete@CException@@QAEXXZ 1000d069 f   mfc140:mfc140.dll
 0001:0000c06f       ??3CNoTrackObject@@SGXPAX@Z 1000d06f f   mfc140:mfc140.dll
 0001:0000c075       ??0AFX_MODULE_STATE@@QAE@HP6GJPAUHWND__@@IIJ@ZKH@Z 1000d075 f   mfc140:mfc140.dll
 0001:0000c07b       ??1AFX_MODULE_STATE@@UAE@XZ 1000d07b f   mfc140:mfc140.dll
 0001:0000c081       ?AfxSetModuleState@@YGPAVAFX_MODULE_STATE@@PAV1@@Z 1000d081 f   mfc140:mfc140.dll
 0001:0000c087       ?AfxWinInit@@YGHPAUHINSTANCE__@@0PADH@Z 1000d087 f   mfc140:mfc140.dll
 0001:0000c08d       ?AfxWndProc@@YGJPAUHWND__@@IIJ@Z 1000d08d f   mfc140:mfc140.dll
 0001:0000c093       ?AfxTermThread@@YGXPAUHINSTANCE__@@@Z 1000d093 f   mfc140:mfc140.dll
 0001:0000c099       ?AfxWinTerm@@YGXXZ         1000d099 f   mfc140:mfc140.dll
 0001:0000c09f       ??0CDynLinkLibrary@@QAE@AAUAFX_EXTENSION_MODULE@@H@Z 1000d09f f   mfc140:mfc140.dll
 0001:0000c0a5       ?AfxInitExtensionModule@@YGHAAUAFX_EXTENSION_MODULE@@PAUHINSTANCE__@@@Z 1000d0a5 f   mfc140:mfc140.dll
 0001:0000c0ab       ?AfxTermExtensionModule@@YGXAAUAFX_EXTENSION_MODULE@@H@Z 1000d0ab f   mfc140:mfc140.dll
 0001:0000c0b1       ?AfxCoreInitModule@@YGXXZ  1000d0b1 f   mfc140:mfc140.dll
 0001:0000c0b7       ?AfxLockTempMaps@@YGXXZ    1000d0b7 f   mfc140:mfc140.dll
 0001:0000c0bd       ?AfxUnlockTempMaps@@YGHH@Z 1000d0bd f   mfc140:mfc140.dll
 0001:0000c0c3       __RawDllMainProxy@12       1000d0c3 f   mfcs140:rawdllmainproxy.obj
 0001:0000c1e4       ___acrt_initialize         1000d1e4 f   msvcrt:ucrt_stubs.obj
 0001:0000c1e4       ___acrt_thread_attach      1000d1e4 f   msvcrt:ucrt_stubs.obj
 0001:0000c1e4       ___acrt_thread_detach      1000d1e4 f   msvcrt:ucrt_stubs.obj
 0001:0000c1e4       ___acrt_uninitialize       1000d1e4 f   msvcrt:ucrt_stubs.obj
 0001:0000c1e4       ___acrt_uninitialize_critical 1000d1e4 f   msvcrt:ucrt_stubs.obj
 0001:0000c1e4       ___scrt_stub_for_acrt_initialize 1000d1e4 f   msvcrt:ucrt_stubs.obj
 0001:0000c1e4       ___scrt_stub_for_acrt_thread_attach 1000d1e4 f   msvcrt:ucrt_stubs.obj
 0001:0000c1e4       ___scrt_stub_for_acrt_thread_detach 1000d1e4 f   msvcrt:ucrt_stubs.obj
 0001:0000c1e4       ___scrt_stub_for_acrt_uninitialize 1000d1e4 f   msvcrt:ucrt_stubs.obj
 0001:0000c1e4       ___scrt_stub_for_acrt_uninitialize_critical 1000d1e4 f   msvcrt:ucrt_stubs.obj
 0001:0000c1e4       ___vcrt_initialize         1000d1e4 f   msvcrt:ucrt_stubs.obj
 0001:0000c1e4       ___vcrt_thread_attach      1000d1e4 f   msvcrt:ucrt_stubs.obj
 0001:0000c1e4       ___vcrt_thread_detach      1000d1e4 f   msvcrt:ucrt_stubs.obj
 0001:0000c1e4       ___vcrt_uninitialize       1000d1e4 f   msvcrt:ucrt_stubs.obj
 0001:0000c1e4       ___vcrt_uninitialize_critical 1000d1e4 f   msvcrt:ucrt_stubs.obj
 0001:0000c1e7       __filter_x86_sse2_floating_point_exception 1000d1e7 f   msvcrt:x86_exception_filter.obj
 0001:0000c1e7       __filter_x86_sse2_floating_point_exception_default 1000d1e7 f   msvcrt:x86_exception_filter.obj
 0001:0000c260       __alldiv                   1000d260 f   msvcrt:lldiv.obj
 0001:0000c310       __allmul                   1000d310 f   msvcrt:llmul.obj
 0001:0000c350       __aulldiv                  1000d350 f   msvcrt:ulldiv.obj
 0001:0000c3c0       __alloca_probe             1000d3c0 f   msvcrt:chkstk.obj
 0001:0000c3c0       __chkstk                   1000d3c0 f   msvcrt:chkstk.obj
 0002:00000000       __imp__RegQueryValueExA@24 1000f000     advapi32:ADVAPI32.dll
 0002:00000004       __imp__RegOpenKeyExA@20    1000f004     advapi32:ADVAPI32.dll
 0002:00000008       __imp__RegCloseKey@4       1000f008     advapi32:ADVAPI32.dll
 0002:0000000c       \177ADVAPI32_NULL_THUNK_DATA 1000f00c     advapi32:ADVAPI32.dll
 0002:00000010       __imp__DeleteCriticalSection@4 1000f010     kernel32:KERNEL32.dll
 0002:00000014       __imp__GetModuleFileNameA@12 1000f014     kernel32:KERNEL32.dll
 0002:00000018       __imp__OutputDebugStringA@4 1000f018     kernel32:KERNEL32.dll
 0002:0000001c       __imp__GetLocalTime@4      1000f01c     kernel32:KERNEL32.dll
 0002:00000020       __imp__WaitForSingleObject@8 1000f020     kernel32:KERNEL32.dll
 0002:00000024       __imp__SetEvent@4          1000f024     kernel32:KERNEL32.dll
 0002:00000028       __imp__CreateEventA@16     1000f028     kernel32:KERNEL32.dll
 0002:0000002c       __imp__EnumResourceLanguagesA@20 1000f02c     kernel32:KERNEL32.dll
 0002:00000030       __imp__GetUserDefaultLangID@0 1000f030     kernel32:KERNEL32.dll
 0002:00000034       __imp__lstrlenA@4          1000f034     kernel32:KERNEL32.dll
 0002:00000038       __imp__lstrcatA@8          1000f038     kernel32:KERNEL32.dll
 0002:0000003c       __imp__GetModuleHandleA@4  1000f03c     kernel32:KERNEL32.dll
 0002:00000040       __imp__GetLocaleInfoA@16   1000f040     kernel32:KERNEL32.dll
 0002:00000044       __imp__GetSystemDefaultLangID@0 1000f044     kernel32:KERNEL32.dll
 0002:00000048       __imp__GetVersion@0        1000f048     kernel32:KERNEL32.dll
 0002:0000004c       __imp__ConvertDefaultLocale@4 1000f04c     kernel32:KERNEL32.dll
 0002:00000050       __imp__LoadLibraryA@4      1000f050     kernel32:KERNEL32.dll
 0002:00000054       __imp__lstrcpyA@8          1000f054     kernel32:KERNEL32.dll
 0002:00000058       __imp__GetProcAddress@8    1000f058     kernel32:KERNEL32.dll
 0002:0000005c       __imp__FreeLibrary@4       1000f05c     kernel32:KERNEL32.dll
 0002:00000060       __imp__LocalAlloc@8        1000f060     kernel32:KERNEL32.dll
 0002:00000064       __imp__LocalFree@4         1000f064     kernel32:KERNEL32.dll
 0002:00000068       __imp__UnhandledExceptionFilter@4 1000f068     kernel32:KERNEL32.dll
 0002:0000006c       __imp__SetUnhandledExceptionFilter@4 1000f06c     kernel32:KERNEL32.dll
 0002:00000070       __imp__GetCurrentProcess@0 1000f070     kernel32:KERNEL32.dll
 0002:00000074       __imp__TerminateProcess@8  1000f074     kernel32:KERNEL32.dll
 0002:00000078       __imp__IsProcessorFeaturePresent@4 1000f078     kernel32:KERNEL32.dll
 0002:0000007c       __imp__IsDebuggerPresent@0 1000f07c     kernel32:KERNEL32.dll
 0002:00000080       __imp__QueryPerformanceCounter@4 1000f080     kernel32:KERNEL32.dll
 0002:00000084       __imp__GetCurrentProcessId@0 1000f084     kernel32:KERNEL32.dll
 0002:00000088       __imp__GetCurrentThreadId@0 1000f088     kernel32:KERNEL32.dll
 0002:0000008c       __imp__GetSystemTimeAsFileTime@4 1000f08c     kernel32:KERNEL32.dll
 0002:00000090       __imp__InitializeSListHead@4 1000f090     kernel32:KERNEL32.dll
 0002:00000094       __imp__GetLastError@0      1000f094     kernel32:KERNEL32.dll
 0002:00000098       __imp__InitializeCriticalSectionEx@12 1000f098     kernel32:KERNEL32.dll
 0002:0000009c       __imp__lstrcpynA@12        1000f09c     kernel32:KERNEL32.dll
 0002:000000a0       __imp__OutputDebugStringW@4 1000f0a0     kernel32:KERNEL32.dll
 0002:000000a4       \177KERNEL32_NULL_THUNK_DATA 1000f0a4     kernel32:KERNEL32.dll
 0002:000000a8       __imp_?_Osfx@?$basic_ostream@DU?$char_traits@D@std@@@std@@QAEXXZ 1000f0a8     msvcprt:MSVCP140.dll
 0002:000000ac       __imp_??0?$basic_streambuf@DU?$char_traits@D@std@@@std@@IAE@XZ 1000f0ac     msvcprt:MSVCP140.dll
 0002:000000b0       __imp_?uncaught_exception@std@@YA_NXZ 1000f0b0     msvcprt:MSVCP140.dll
 0002:000000b4       __imp_?_Xlength_error@std@@YAXPBD@Z 1000f0b4     msvcprt:MSVCP140.dll
 0002:000000b8       __imp_?setstate@?$basic_ios@DU?$char_traits@D@std@@@std@@QAEXH_N@Z 1000f0b8     msvcprt:MSVCP140.dll
 0002:000000bc       __imp_?good@ios_base@std@@QBE_NXZ 1000f0bc     msvcprt:MSVCP140.dll
 0002:000000c0       __imp_??0?$basic_ios@DU?$char_traits@D@std@@@std@@IAE@XZ 1000f0c0     msvcprt:MSVCP140.dll
 0002:000000c4       __imp_?sputc@?$basic_streambuf@DU?$char_traits@D@std@@@std@@QAEHD@Z 1000f0c4     msvcprt:MSVCP140.dll
 0002:000000c8       __imp_?sputn@?$basic_streambuf@DU?$char_traits@D@std@@@std@@QAE_JPBD_J@Z 1000f0c8     msvcprt:MSVCP140.dll
 0002:000000cc       __imp_??6?$basic_ostream@DU?$char_traits@D@std@@@std@@QAEAAV01@H@Z 1000f0cc     msvcprt:MSVCP140.dll
 0002:000000d0       __imp_??1?$basic_ostream@DU?$char_traits@D@std@@@std@@UAE@XZ 1000f0d0     msvcprt:MSVCP140.dll
 0002:000000d4       __imp_?imbue@?$basic_streambuf@DU?$char_traits@D@std@@@std@@MAEXABVlocale@2@@Z 1000f0d4     msvcprt:MSVCP140.dll
 0002:000000d8       __imp_?sync@?$basic_streambuf@DU?$char_traits@D@std@@@std@@MAEHXZ 1000f0d8     msvcprt:MSVCP140.dll
 0002:000000dc       __imp_?setbuf@?$basic_streambuf@DU?$char_traits@D@std@@@std@@MAEPAV12@PAD_J@Z 1000f0dc     msvcprt:MSVCP140.dll
 0002:000000e0       __imp_?flush@?$basic_ostream@DU?$char_traits@D@std@@@std@@QAEAAV12@XZ 1000f0e0     msvcprt:MSVCP140.dll
 0002:000000e4       __imp_??0?$basic_ostream@DU?$char_traits@D@std@@@std@@QAE@PAV?$basic_streambuf@DU?$char_traits@D@std@@@1@_N@Z 1000f0e4     msvcprt:MSVCP140.dll
 0002:000000e8       __imp_??1?$basic_ios@DU?$char_traits@D@std@@@std@@UAE@XZ 1000f0e8     msvcprt:MSVCP140.dll
 0002:000000ec       __imp_??1?$basic_streambuf@DU?$char_traits@D@std@@@std@@UAE@XZ 1000f0ec     msvcprt:MSVCP140.dll
 0002:000000f0       __imp_?_Lock@?$basic_streambuf@DU?$char_traits@D@std@@@std@@UAEXXZ 1000f0f0     msvcprt:MSVCP140.dll
 0002:000000f4       __imp_?_Unlock@?$basic_streambuf@DU?$char_traits@D@std@@@std@@UAEXXZ 1000f0f4     msvcprt:MSVCP140.dll
 0002:000000f8       __imp_?showmanyc@?$basic_streambuf@DU?$char_traits@D@std@@@std@@MAE_JXZ 1000f0f8     msvcprt:MSVCP140.dll
 0002:000000fc       __imp_?uflow@?$basic_streambuf@DU?$char_traits@D@std@@@std@@MAEHXZ 1000f0fc     msvcprt:MSVCP140.dll
 0002:00000100       __imp_?xsgetn@?$basic_streambuf@DU?$char_traits@D@std@@@std@@MAE_JPAD_J@Z 1000f100     msvcprt:MSVCP140.dll
 0002:00000104       __imp_?xsputn@?$basic_streambuf@DU?$char_traits@D@std@@@std@@MAE_JPBD_J@Z 1000f104     msvcprt:MSVCP140.dll
 0002:00000108       \177MSVCP140_NULL_THUNK_DATA 1000f108     msvcprt:MSVCP140.dll
 0002:0000010c       __imp__EnableWindow@8      1000f10c     user32:USER32.dll
 0002:00000110       __imp__PostMessageA@16     1000f110     user32:USER32.dll
 0002:00000114       __imp__GetFocus@0          1000f114     user32:USER32.dll
 0002:00000118       __imp__SendMessageA@16     1000f118     user32:USER32.dll
 0002:0000011c       __imp__GetParent@4         1000f11c     user32:USER32.dll
 0002:00000120       \177USER32_NULL_THUNK_DATA 1000f120     user32:USER32.dll
 0002:00000124       __imp____std_exception_destroy 1000f124     vcruntime:VCRUNTIME140.dll
 0002:00000128       __imp____std_exception_copy 1000f128     vcruntime:VCRUNTIME140.dll
 0002:0000012c       __imp____std_terminate     1000f12c     vcruntime:VCRUNTIME140.dll
 0002:00000130       __imp___purecall           1000f130     vcruntime:VCRUNTIME140.dll
 0002:00000134       __imp___CxxThrowException@8 1000f134     vcruntime:VCRUNTIME140.dll
 0002:00000138       __imp__memcpy              1000f138     vcruntime:VCRUNTIME140.dll
 0002:0000013c       __imp__memmove             1000f13c     vcruntime:VCRUNTIME140.dll
 0002:00000140       __imp____CxxFrameHandler3  1000f140     vcruntime:VCRUNTIME140.dll
 0002:00000144       __imp____current_exception 1000f144     vcruntime:VCRUNTIME140.dll
 0002:00000148       __imp____current_exception_context 1000f148     vcruntime:VCRUNTIME140.dll
 0002:0000014c       __imp___except_handler4_common 1000f14c     vcruntime:VCRUNTIME140.dll
 0002:00000150       __imp____std_type_info_destroy_list 1000f150     vcruntime:VCRUNTIME140.dll
 0002:00000154       __imp__memset              1000f154     vcruntime:VCRUNTIME140.dll
 0002:00000158       \177VCRUNTIME140_NULL_THUNK_DATA 1000f158     vcruntime:VCRUNTIME140.dll
 0002:0000015c       __imp___strtoui64          1000f15c     ucrt:api-ms-win-crt-convert-l1-1-0.dll
 0002:00000160       __imp__atof                1000f160     ucrt:api-ms-win-crt-convert-l1-1-0.dll
 0002:00000164       __imp__strtoul             1000f164     ucrt:api-ms-win-crt-convert-l1-1-0.dll
 0002:00000168       __imp__atol                1000f168     ucrt:api-ms-win-crt-convert-l1-1-0.dll
 0002:0000016c       __imp___atoi64             1000f16c     ucrt:api-ms-win-crt-convert-l1-1-0.dll
 0002:00000170       __imp__strtod              1000f170     ucrt:api-ms-win-crt-convert-l1-1-0.dll
 0002:00000174       \177api-ms-win-crt-convert-l1-1-0_NULL_THUNK_DATA 1000f174     ucrt:api-ms-win-crt-convert-l1-1-0.dll
 0002:00000178       __imp__free                1000f178     ucrt:api-ms-win-crt-heap-l1-1-0.dll
 0002:0000017c       \177api-ms-win-crt-heap-l1-1-0_NULL_THUNK_DATA 1000f17c     ucrt:api-ms-win-crt-heap-l1-1-0.dll
 0002:00000180       __imp___initialize_narrow_environment 1000f180     ucrt:api-ms-win-crt-runtime-l1-1-0.dll
 0002:00000184       __imp___beginthread        1000f184     ucrt:api-ms-win-crt-runtime-l1-1-0.dll
 0002:00000188       __imp___initterm_e         1000f188     ucrt:api-ms-win-crt-runtime-l1-1-0.dll
 0002:0000018c       __imp___initterm           1000f18c     ucrt:api-ms-win-crt-runtime-l1-1-0.dll
 0002:00000190       __imp___cexit              1000f190     ucrt:api-ms-win-crt-runtime-l1-1-0.dll
 0002:00000194       __imp___crt_atexit         1000f194     ucrt:api-ms-win-crt-runtime-l1-1-0.dll
 0002:00000198       __imp___execute_onexit_table 1000f198     ucrt:api-ms-win-crt-runtime-l1-1-0.dll
 0002:0000019c       __imp___register_onexit_function 1000f19c     ucrt:api-ms-win-crt-runtime-l1-1-0.dll
 0002:000001a0       __imp___initialize_onexit_table 1000f1a0     ucrt:api-ms-win-crt-runtime-l1-1-0.dll
 0002:000001a4       __imp___invoke_watson      1000f1a4     ucrt:api-ms-win-crt-runtime-l1-1-0.dll
 0002:000001a8       __imp___configure_narrow_argv 1000f1a8     ucrt:api-ms-win-crt-runtime-l1-1-0.dll
 0002:000001ac       __imp___seh_filter_dll     1000f1ac     ucrt:api-ms-win-crt-runtime-l1-1-0.dll
 0002:000001b0       __imp__terminate           1000f1b0     ucrt:api-ms-win-crt-runtime-l1-1-0.dll
 0002:000001b4       \177api-ms-win-crt-runtime-l1-1-0_NULL_THUNK_DATA 1000f1b4     ucrt:api-ms-win-crt-runtime-l1-1-0.dll
 0002:000001b8       __imp____stdio_common_vsnprintf_s 1000f1b8     ucrt:api-ms-win-crt-stdio-l1-1-0.dll
 0002:000001bc       __imp____stdio_common_vsscanf 1000f1bc     ucrt:api-ms-win-crt-stdio-l1-1-0.dll
 0002:000001c0       \177api-ms-win-crt-stdio-l1-1-0_NULL_THUNK_DATA 1000f1c0     ucrt:api-ms-win-crt-stdio-l1-1-0.dll
 0002:000001c4       __imp__toupper             1000f1c4     ucrt:api-ms-win-crt-string-l1-1-0.dll
 0002:000001c8       __imp__tolower             1000f1c8     ucrt:api-ms-win-crt-string-l1-1-0.dll
 0002:000001cc       \177api-ms-win-crt-string-l1-1-0_NULL_THUNK_DATA 1000f1cc     ucrt:api-ms-win-crt-string-l1-1-0.dll
 0002:000001d0       __imp_?OpenDocumentFile@CWinApp@@UAEPAVCDocument@@PBD@Z 1000f1d0     mfc140:mfc140.dll
 0002:000001d4       __imp_?OpenDocumentFile@CWinApp@@UAEPAVCDocument@@PBDH@Z 1000f1d4     mfc140:mfc140.dll
 0002:000001d8       __imp_?Unregister@CWinApp@@UAEHXZ 1000f1d8     mfc140:mfc140.dll
 0002:000001dc       __imp_?Register@CWinApp@@UAEHXZ 1000f1dc     mfc140:mfc140.dll
 0002:000001e0       __imp_?InitLibId@CWinApp@@UAEXXZ 1000f1e0     mfc140:mfc140.dll
 0002:000001e4       __imp_?WriteProfileBinary@CWinApp@@UAEHPBD0PAEI@Z 1000f1e4     mfc140:mfc140.dll
 0002:000001e8       __imp_?GetProfileBinary@CWinApp@@UAEHPBD0PAPAEPAI@Z 1000f1e8     mfc140:mfc140.dll
 0002:000001ec       __imp_?WriteProfileStringA@CWinApp@@UAEHPBD00@Z 1000f1ec     mfc140:mfc140.dll
 0002:000001f0       __imp_?GetProfileStringA@CWinApp@@UAE?AV?$CStringT@DV?$StrTraitMFC_DLL@DV?$ChTraitsCRT@D@ATL@@@@@ATL@@PBD00@Z 1000f1f0     mfc140:mfc140.dll
 0002:000001f4       __imp_?WriteProfileInt@CWinApp@@UAEHPBD0H@Z 1000f1f4     mfc140:mfc140.dll
 0002:000001f8       __imp_?GetProfileIntA@CWinApp@@UAEIPBD0H@Z 1000f1f8     mfc140:mfc140.dll
 0002:000001fc       __imp_??0CWinApp@@QAE@PBD@Z 1000f1fc     mfc140:mfc140.dll
 0002:00000200       __imp_?GetRuntimeClass@CWinApp@@UBEPAUCRuntimeClass@@XZ 1000f200     mfc140:mfc140.dll
 0002:00000204       __imp_?AfxGetModuleState@@YGPAVAFX_MODULE_STATE@@XZ 1000f204     mfc140:mfc140.dll
 0002:00000208       __imp_?GetInterfaceMap@CCmdTarget@@MBEPBUAFX_INTERFACEMAP@@XZ 1000f208     mfc140:mfc140.dll
 0002:0000020c       __imp_?OnFinalRelease@CCmdTarget@@UAEXXZ 1000f20c     mfc140:mfc140.dll
 0002:00000210       __imp_?GetWindowTextA@CWnd@@QBEHPADH@Z 1000f210     mfc140:mfc140.dll
 0002:00000214       __imp_?PreTranslateMessage@CDialog@@UAEHPAUtagMSG@@@Z 1000f214     mfc140:mfc140.dll
 0002:00000218       __imp_?GetThisClass@CDialog@@SGPAUCRuntimeClass@@XZ 1000f218     mfc140:mfc140.dll
 0002:0000021c       __imp_?OnChildNotify@CComboBox@@MAEHIIJPAJ@Z 1000f21c     mfc140:mfc140.dll
 0002:00000220       __imp_??1CComboBox@@UAE@XZ 1000f220     mfc140:mfc140.dll
 0002:00000224       __imp_?DeleteItem@CComboBox@@UAEXPAUtagDELETEITEMSTRUCT@@@Z 1000f224     mfc140:mfc140.dll
 0002:00000228       __imp_?Delete@CWinThread@@UAEXXZ 1000f228     mfc140:mfc140.dll
 0002:0000022c       __imp_?MeasureItem@CComboBox@@UAEXPAUtagMEASUREITEMSTRUCT@@@Z 1000f22c     mfc140:mfc140.dll
 0002:00000230       __imp_?DrawItem@CComboBox@@UAEXPAUtagDRAWITEMSTRUCT@@@Z 1000f230     mfc140:mfc140.dll
 0002:00000234       __imp_?Create@CComboBox@@UAEHKABUtagRECT@@PAVCWnd@@I@Z 1000f234     mfc140:mfc140.dll
 0002:00000238       __imp_?GetRuntimeClass@CComboBox@@UBEPAUCRuntimeClass@@XZ 1000f238     mfc140:mfc140.dll
 0002:0000023c       __imp_?Detach@CWnd@@QAEPAUHWND__@@XZ 1000f23c     mfc140:mfc140.dll
 0002:00000240       __imp_?Attach@CWnd@@QAEHPAUHWND__@@@Z 1000f240     mfc140:mfc140.dll
 0002:00000244       __imp_??1AFX_MAINTAIN_STATE2@@QAE@XZ 1000f244     mfc140:mfc140.dll
 0002:00000248       __imp_??0AFX_MAINTAIN_STATE2@@QAE@PAVAFX_MODULE_STATE@@@Z 1000f248     mfc140:mfc140.dll
 0002:0000024c       __imp_?ReverseFind@?$CStringT@DV?$StrTraitMFC_DLL@DV?$ChTraitsCRT@D@ATL@@@@@ATL@@QBEHD@Z 1000f24c     mfc140:mfc140.dll
 0002:00000250       __imp_?Right@?$CStringT@DV?$StrTraitMFC_DLL@DV?$ChTraitsCRT@D@ATL@@@@@ATL@@QBE?AV12@H@Z 1000f250     mfc140:mfc140.dll
 0002:00000254       __imp_?Left@?$CStringT@DV?$StrTraitMFC_DLL@DV?$ChTraitsCRT@D@ATL@@@@@ATL@@QBE?AV12@H@Z 1000f254     mfc140:mfc140.dll
 0002:00000258       __imp_?GetAt@?$CSimpleStringT@D$00@ATL@@QBEDH@Z 1000f258     mfc140:mfc140.dll
 0002:0000025c       __imp_?SetAt@?$CSimpleStringT@D$00@ATL@@QAEXHD@Z 1000f25c     mfc140:mfc140.dll
 0002:00000260       __imp_?Find@?$CStringT@DV?$StrTraitMFC_DLL@DV?$ChTraitsCRT@D@ATL@@@@@ATL@@QBEHDH@Z 1000f260     mfc140:mfc140.dll
 0002:00000264       __imp_?Default@CWnd@@IAEJXZ 1000f264     mfc140:mfc140.dll
 0002:00000268       __imp_?GetThisMessageMap@CWnd@@KGPBUAFX_MSGMAP@@XZ 1000f268     mfc140:mfc140.dll
 0002:0000026c       __imp_??4?$CStringT@DV?$StrTraitMFC_DLL@DV?$ChTraitsCRT@D@ATL@@@@@ATL@@QAEAAV01@PBD@Z 1000f26c     mfc140:mfc140.dll
 0002:00000270       __imp_??4?$CStringT@DV?$StrTraitMFC_DLL@DV?$ChTraitsCRT@D@ATL@@@@@ATL@@QAEAAV01@ABV01@@Z 1000f270     mfc140:mfc140.dll
 0002:00000274       __imp_??1?$CStringT@DV?$StrTraitMFC_DLL@DV?$ChTraitsCRT@D@ATL@@@@@ATL@@QAE@XZ 1000f274     mfc140:mfc140.dll
 0002:00000278       __imp_??0?$CStringT@DV?$StrTraitMFC_DLL@DV?$ChTraitsCRT@D@ATL@@@@@ATL@@QAE@PBD@Z 1000f278     mfc140:mfc140.dll
 0002:0000027c       __imp_??0?$CStringT@DV?$StrTraitMFC_DLL@DV?$ChTraitsCRT@D@ATL@@@@@ATL@@QAE@XZ 1000f27c     mfc140:mfc140.dll
 0002:00000280       __imp_?GetBuffer@?$CSimpleStringT@D$00@ATL@@QAEPADH@Z 1000f280     mfc140:mfc140.dll
 0002:00000284       __imp_?OnCmdMsg@CCmdTarget@@UAEHIHPAXPAUAFX_CMDHANDLERINFO@@@Z 1000f284     mfc140:mfc140.dll
 0002:00000288       __imp_?IsInvokeAllowed@CCmdTarget@@UAEHJ@Z 1000f288     mfc140:mfc140.dll
 0002:0000028c       __imp_?GetDispatchIID@CCmdTarget@@UAEHPAU_GUID@@@Z 1000f28c     mfc140:mfc140.dll
 0002:00000290       __imp_?GetTypeInfoCount@CCmdTarget@@UAEIXZ 1000f290     mfc140:mfc140.dll
 0002:00000294       __imp_?GetTypeLibCache@CCmdTarget@@UAEPAVCTypeLibCache@@XZ 1000f294     mfc140:mfc140.dll
 0002:00000298       __imp_?GetTypeLib@CCmdTarget@@UAEJKPAPAUITypeLib@@@Z 1000f298     mfc140:mfc140.dll
 0002:0000029c       __imp_?GetCommandMap@CCmdTarget@@MBEPBUAFX_OLECMDMAP@@XZ 1000f29c     mfc140:mfc140.dll
 0002:000002a0       __imp_?GetDispatchMap@CCmdTarget@@MBEPBUAFX_DISPMAP@@XZ 1000f2a0     mfc140:mfc140.dll
 0002:000002a4       __imp_?GetConnectionMap@CCmdTarget@@MBEPBUAFX_CONNECTIONMAP@@XZ 1000f2a4     mfc140:mfc140.dll
 0002:000002a8       __imp_?GetEventSinkMap@CCmdTarget@@MBEPBUAFX_EVENTSINKMAP@@XZ 1000f2a8     mfc140:mfc140.dll
 0002:000002ac       __imp_?OnCreateAggregates@CCmdTarget@@UAEHXZ 1000f2ac     mfc140:mfc140.dll
 0002:000002b0       __imp_?GetInterfaceHook@CCmdTarget@@UAEPAUIUnknown@@PBX@Z 1000f2b0     mfc140:mfc140.dll
 0002:000002b4       __imp_?GetExtraConnectionPoints@CCmdTarget@@MAEHPAVCPtrArray@@@Z 1000f2b4     mfc140:mfc140.dll
 0002:000002b8       __imp_?GetConnectionHook@CCmdTarget@@MAEPAUIConnectionPoint@@ABU_GUID@@@Z 1000f2b8     mfc140:mfc140.dll
 0002:000002bc       __imp_?AfxMessageBox@@YGHPBDII@Z 1000f2bc     mfc140:mfc140.dll
 0002:000002c0       __imp_?GetRuntimeClass@CListCtrl@@UBEPAUCRuntimeClass@@XZ 1000f2c0     mfc140:mfc140.dll
 0002:000002c4       __imp_?SetItem@CListCtrl@@QAEHHHIPBDHIIJ@Z 1000f2c4     mfc140:mfc140.dll
 0002:000002c8       __imp_?SetItemState@CListCtrl@@QAEHHII@Z 1000f2c8     mfc140:mfc140.dll
 0002:000002cc       __imp_?GetItemText@CListCtrl@@QBE?AV?$CStringT@DV?$StrTraitMFC_DLL@DV?$ChTraitsCRT@D@ATL@@@@@ATL@@HH@Z 1000f2cc     mfc140:mfc140.dll
 0002:000002d0       __imp_?SetItemText@CListCtrl@@QAEHHHPBD@Z 1000f2d0     mfc140:mfc140.dll
 0002:000002d4       __imp_?GetItemData@CListCtrl@@QBEKH@Z 1000f2d4     mfc140:mfc140.dll
 0002:000002d8       __imp_?InsertItem@CListCtrl@@QAEHIHPBDIIHJ@Z 1000f2d8     mfc140:mfc140.dll
 0002:000002dc       __imp_?InsertColumn@CListCtrl@@QAEHHPBDHHH@Z 1000f2dc     mfc140:mfc140.dll
 0002:000002e0       __imp_?DrawItem@CListCtrl@@UAEXPAUtagDRAWITEMSTRUCT@@@Z 1000f2e0     mfc140:mfc140.dll
 0002:000002e4       __imp_??1CListCtrl@@UAE@XZ 1000f2e4     mfc140:mfc140.dll
 0002:000002e8       __imp_?OnChildNotify@CListCtrl@@MAEHIIJPAJ@Z 1000f2e8     mfc140:mfc140.dll
 0002:000002ec       __imp_?AddToRecentFileList@CWinApp@@UAEXPBD@Z 1000f2ec     mfc140:mfc140.dll
 0002:000002f0       __imp_?DDX_Control@@YGXPAVCDataExchange@@HAAVCWnd@@@Z 1000f2f0     mfc140:mfc140.dll
 0002:000002f4       __imp_??0CImageList@@QAE@XZ 1000f2f4     mfc140:mfc140.dll
 0002:000002f8       __imp_?Create@CImageList@@QAEHIHHK@Z 1000f2f8     mfc140:mfc140.dll
 0002:000002fc       __imp_?FromHandle@CImageList@@SGPAV1@PAU_IMAGELIST@@@Z 1000f2fc     mfc140:mfc140.dll
 0002:00000300       __imp_??1CImageList@@UAE@XZ 1000f300     mfc140:mfc140.dll
 0002:00000304       __imp_?GetRuntimeClass@CEdit@@UBEPAUCRuntimeClass@@XZ 1000f304     mfc140:mfc140.dll
 0002:00000308       __imp_??1CEdit@@UAE@XZ     1000f308     mfc140:mfc140.dll
 0002:0000030c       __imp_?Format@?$CStringT@DV?$StrTraitMFC_DLL@DV?$ChTraitsCRT@D@ATL@@@@@ATL@@QAAXPBDZZ 1000f30c     mfc140:mfc140.dll
 0002:00000310       __imp_?DDV_MaxChars@@YGXPAVCDataExchange@@ABV?$CStringT@DV?$StrTraitMFC_DLL@DV?$ChTraitsCRT@D@ATL@@@@@ATL@@H@Z 1000f310     mfc140:mfc140.dll
 0002:00000314       __imp_?GetRuntimeClass@CDialog@@UBEPAUCRuntimeClass@@XZ 1000f314     mfc140:mfc140.dll
 0002:00000318       __imp_??0CDialog@@QAE@IPAVCWnd@@@Z 1000f318     mfc140:mfc140.dll
 0002:0000031c       __imp_?Create@CDialog@@UAEHPBDPAVCWnd@@@Z 1000f31c     mfc140:mfc140.dll
 0002:00000320       __imp_?SaveAllModified@CWinApp@@UAEHXZ 1000f320     mfc140:mfc140.dll
 0002:00000324       __imp_?CreateIndirect@CDialog@@UAEHPBUDLGTEMPLATE@@PAVCWnd@@PAX@Z 1000f324     mfc140:mfc140.dll
 0002:00000328       __imp_?DoModal@CDialog@@UAEHXZ 1000f328     mfc140:mfc140.dll
 0002:0000032c       __imp_?OnInitDialog@CDialog@@UAEHXZ 1000f32c     mfc140:mfc140.dll
 0002:00000330       __imp_?OnSetFont@CDialog@@UAEXPAVCFont@@@Z 1000f330     mfc140:mfc140.dll
 0002:00000334       __imp_?OnOK@CDialog@@MAEXXZ 1000f334     mfc140:mfc140.dll
 0002:00000338       __imp_?OnCancel@CDialog@@MAEXXZ 1000f338     mfc140:mfc140.dll
 0002:0000033c       __imp_??1CDialog@@UAE@XZ   1000f33c     mfc140:mfc140.dll
 0002:00000340       __imp_?OnCmdMsg@CDialog@@UAEHIHPAXPAUAFX_CMDHANDLERINFO@@@Z 1000f340     mfc140:mfc140.dll
 0002:00000344       __imp_?CheckAutoCenter@CDialog@@UAEHXZ 1000f344     mfc140:mfc140.dll
 0002:00000348       __imp_?SetOccDialogInfo@CDialog@@MAEHPAU_AFX_OCC_DIALOG_INFO@@@Z 1000f348     mfc140:mfc140.dll
 0002:0000034c       __imp_?GetOccDialogInfo@CDialog@@MAEPAU_AFX_OCC_DIALOG_INFO@@XZ 1000f34c     mfc140:mfc140.dll
 0002:00000350       __imp_?PreInitDialog@CDialog@@MAEXXZ 1000f350     mfc140:mfc140.dll
[...]
 0002:0000525c       __unwindtable$??__Fsg_HardwareList@@YAXXZ 1001425c     DIL_CAN_IXXAT_VCI.obj
 0002:0000525c       __unwindtable$??__Fsg_SelectedChannels@@YAXXZ 1001425c     DIL_CAN_IXXAT_VCI.obj
 0002:0000525c       __unwindtable$??__Fsg_HardwareList@@YAXXZ 1001425c     HardwareListingCAN.obj
 0002:0000525c       __unwindtable$??__Fsg_SelectedChannels@@YAXXZ 1001425c     HardwareListingCAN.obj
 0002:0000525c       __unwindtable$??__Fsg_HardwareList@@YAXXZ 1001425c     IxxatCanChannel.obj
 0002:0000525c       __unwindtable$??__Fsg_SelectedChannels@@YAXXZ 1001425c     IxxatCanChannel.obj
 0002:00005264       __ehfuncinfo$??__Esg_SelectedChannels@@YAXXZ 10014264     HardwareListingCAN.obj
 0002:00005288       __unwindtable$??__Esg_SelectedChannels@@YAXXZ 10014288     HardwareListingCAN.obj
 0002:00005290       __ehfuncinfo$??__Em_omDialType@@YAXXZ 10014290     HardwareListingCAN.obj
 0002:000052b8       __unwindtable$??__Em_omDialType@@YAXXZ 100142b8     HardwareListingCAN.obj
 0002:00005310       __ehfuncinfo$??0CHardwareListingCAN@@QAE@PAVINTERFACE_HW@@HPAHW4ETYPE_BUS@@HPAVCWnd@@PAVSCONTROLLER_DETAILS@@PAVIChangeRegisters@@@Z 10014310     HardwareListingCAN.obj
 0002:00005338       __unwindtable$??0CHardwareListingCAN@@QAE@PAVINTERFACE_HW@@HPAHW4ETYPE_BUS@@HPAVCWnd@@PAVSCONTROLLER_DETAILS@@PAVIChangeRegisters@@@Z 10014338     HardwareListingCAN.obj
 0002:000053c8       __ehfuncinfo$??1_Sentry_base@?$basic_ostream@DU?$char_traits@D@std@@@std@@QAE@XZ 100143c8     DIL_CAN_IXXAT_VCI.obj
 0002:000053c8       __ehfuncinfo$??0SCONTROLLER_DETAILS@@QAE@XZ 100143c8     HardwareListingCAN.obj
 0002:000053c8       __ehfuncinfo$??1CHardwareListingCAN@@UAE@XZ 100143c8     HardwareListingCAN.obj
 0002:000053c8       __ehfuncinfo$??1SCONTROLLER_DETAILS@@QAE@XZ 100143c8     HardwareListingCAN.obj
 0002:000053ec       __ehfuncinfo$?PreTranslateMessage@CHardwareListingCAN@@MAEHPAUtagMSG@@@Z 100143ec     HardwareListingCAN.obj
 0002:00005410       __unwindtable$?PreTranslateMessage@CHardwareListingCAN@@MAEHPAUtagMSG@@@Z 10014410     HardwareListingCAN.obj
 0002:00005418       __ehfuncinfo$?vCalculateConfigParams@CHardwareListingCAN@@AAEXXZ 10014418     HardwareListingCAN.obj
 0002:0000543c       __unwindtable$?vCalculateConfigParams@CHardwareListingCAN@@AAEXXZ 1001443c     HardwareListingCAN.obj
 0002:0000546c       __ehfuncinfo$?vSetHardwareList@CHardwareListingCAN@@QAEXPAVINTERFACE_HW@@H@Z 1001446c     HardwareListingCAN.obj
 0002:00005490       __unwindtable$?vSetHardwareList@CHardwareListingCAN@@QAEXPAVINTERFACE_HW@@H@Z 10014490     HardwareListingCAN.obj
 0002:000054a0       __ehfuncinfo$?vUpdateHwDetails@CHardwareListingCAN@@QAEXH@Z 100144a0     HardwareListingCAN.obj
 0002:000054c4       __unwindtable$?vUpdateHwDetails@CHardwareListingCAN@@QAEXH@Z 100144c4     HardwareListingCAN.obj
 0002:000054cc       __ehfuncinfo$?vMoveItemToSelectedList@CHardwareListingCAN@@IAEXXZ 100144cc     HardwareListingCAN.obj
 0002:000054f0       __unwindtable$?vMoveItemToSelectedList@CHardwareListingCAN@@IAEXXZ 100144f0     HardwareListingCAN.obj
 0002:00005508       __ehfuncinfo$?vMoveItemFromSelectedList@CHardwareListingCAN@@IAEXXZ 10014508     HardwareListingCAN.obj
 0002:0000552c       __unwindtable$?vMoveItemFromSelectedList@CHardwareListingCAN@@IAEXXZ 1001452c     HardwareListingCAN.obj
 0002:0000553c       __ehfuncinfo$?OnOK@CHardwareListingCAN@@MAEXXZ 1001453c     HardwareListingCAN.obj
 0002:0000553c       __ehfuncinfo$?nFillChannelDetails@CHardwareListingCAN@@QAEHXZ 1001453c     HardwareListingCAN.obj
 0002:00005560       __unwindtable$?OnOK@CHardwareListingCAN@@MAEXXZ 10014560     HardwareListingCAN.obj
 0002:00005560       __unwindtable$?nFillChannelDetails@CHardwareListingCAN@@QAEHXZ 10014560     HardwareListingCAN.obj
 0002:00005568       __ehfuncinfo$?vSetSelectedList@CHardwareListingCAN@@QAEXXZ 10014568     HardwareListingCAN.obj
 0002:0000558c       __unwindtable$?vSetSelectedList@CHardwareListingCAN@@QAEXXZ 1001458c     HardwareListingCAN.obj
 0002:000055a4       __ehfuncinfo$?vSortHardwareItems@CHardwareListingCAN@@QAEXXZ 100145a4     HardwareListingCAN.obj
 0002:000055c8       __unwindtable$?vSortHardwareItems@CHardwareListingCAN@@QAEXXZ 100145c8     HardwareListingCAN.obj
 0002:000055d0       __ehfuncinfo$?OnEnKillfocusCanEditBaudRate@CHardwareListingCAN@@QAEXXZ 100145d0     HardwareListingCAN.obj
 0002:000055f4       __unwindtable$?OnEnKillfocusCanEditBaudRate@CHardwareListingCAN@@QAEXXZ 100145f4     HardwareListingCAN.obj
 0002:000055fc       __ehfuncinfo$?vUpdateControllerDetails@CHardwareListingCAN@@AAEXXZ 100145fc     HardwareListingCAN.obj
 0002:00005620       __unwindtable$?vUpdateControllerDetails@CHardwareListingCAN@@AAEXXZ 10014620     HardwareListingCAN.obj
 0002:00005638       __ehfuncinfo$?vValidateBaudRate@CHardwareListingCAN@@AAEXXZ 10014638     HardwareListingCAN.obj
 0002:0000565c       __unwindtable$?vValidateBaudRate@CHardwareListingCAN@@AAEXXZ 1001465c     HardwareListingCAN.obj
 0002:00005664       __ehfuncinfo$??A?$map@KPAVCClientBuffer@@U?$less@K@std@@V?$allocator@U?$pair@$$CBKPAVCClientBuffer@@@std@@@3@@std@@QAEAAPAVCClientBuffer@@ABK@Z 10014664     ClientList.obj
 0002:00005664       __ehfuncinfo$??$emplace@U?$pair@HPAUtagHardwareContainer@CHardwareListingCAN@@@std@@@?$_Tree@V?$_Tmap_traits@HPAUtagHardwareContainer@CHardwareListingCAN@@U?$less@H@std@@V?$allocator@U?$pair@$$CBHPAUtagHardwareContainer@CHardwareListingCAN@@@std@@@4@$0A@@std@@@std@@QAE?AU?$pair@V?$_Tree_iterator@V?$_Tree_val@U?$_Tree_simple_types@U?$pair@$$CBHPAUtagHardwareContainer@CHardwareListingCAN@@@std@@@std@@@std@@@std@@_N@1@$$QAU?$pair@HPAUtagHardwareContainer@CHardwareListingCAN@@@1@@Z 10014664     HardwareListingCAN.obj
 0002:00005688       __unwindtable$??A?$map@KPAVCClientBuffer@@U?$less@K@std@@V?$allocator@U?$pair@$$CBKPAVCClientBuffer@@@std@@@3@@std@@QAEAAPAVCClientBuffer@@ABK@Z 10014688     ClientList.obj
 0002:00005688       __unwindtable$??$emplace@U?$pair@HPAUtagHardwareContainer@CHardwareListingCAN@@@std@@@?$_Tree@V?$_Tmap_traits@HPAUtagHardwareContainer@CHardwareListingCAN@@U?$less@H@std@@V?$allocator@U?$pair@$$CBHPAUtagHardwareContainer@CHardwareListingCAN@@@std@@@4@$0A@@std@@@std@@QAE?AU?$pair@V?$_Tree_iterator@V?$_Tree_val@U?$_Tree_simple_types@U?$pair@$$CBHPAUtagHardwareContainer@CHardwareListingCAN@@@std@@@std@@@std@@@std@@_N@1@$$QAU?$pair@HPAUtagHardwareContainer@CHardwareListingCAN@@@1@@Z 10014688     HardwareListingCAN.obj
 0002:00005690       __ehfuncinfo$??__Esg_HardwareList@@YAXXZ 10014690     CAN_IXXAT_VCI.obj
 0002:000056b4       __unwindtable$??__Esg_HardwareList@@YAXXZ 100146b4     CAN_IXXAT_VCI.obj
 0002:000056bc       __ehfuncinfo$??__Esg_SelectedChannels@@YAXXZ 100146bc     CAN_IXXAT_VCI.obj
 0002:000056e0       __unwindtable$??__Esg_SelectedChannels@@YAXXZ 100146e0     CAN_IXXAT_VCI.obj
 0002:000056e8       __ehfuncinfo$??__Esg_HardwareList@@YAXXZ 100146e8     CANControllerConfigDlg.obj
 0002:0000570c       __unwindtable$??__Esg_HardwareList@@YAXXZ 1001470c     CANControllerConfigDlg.obj
 0002:00005714       __ehfuncinfo$??__Esg_SelectedChannels@@YAXXZ 10014714     CANControllerConfigDlg.obj
 0002:00005738       __unwindtable$??__Esg_SelectedChannels@@YAXXZ 10014738     CANControllerConfigDlg.obj
 0002:00005740       __ehfuncinfo$??0CCANControllerConfigDlg@@QAE@V?$basic_string@DU?$char_traits@D@std@@V?$allocator@D@2@@std@@HPAVCWnd@@@Z 10014740     CANControllerConfigDlg.obj
 0002:00005768       __unwindtable$??0CCANControllerConfigDlg@@QAE@V?$basic_string@DU?$char_traits@D@std@@V?$allocator@D@2@@std@@HPAVCWnd@@@Z 10014768     CANControllerConfigDlg.obj
 0002:000057a8       __ehfuncinfo$??_GCCANControllerConfigDlg@@UAEPAXI@Z 100147a8     CANControllerConfigDlg.obj
 0002:000057a8       __ehfuncinfo$??1sentry@?$basic_ostream@DU?$char_traits@D@std@@@std@@QAE@XZ 100147a8     DIL_CAN_IXXAT_VCI.obj
 0002:000057a8       __ehfuncinfo$??_GCDIL_CAN_IXXAT_VCI@@UAEPAXI@Z 100147a8     DIL_CAN_IXXAT_VCI.obj
 0002:000057cc       __unwindtable$??_GCCANControllerConfigDlg@@UAEPAXI@Z 100147cc     CANControllerConfigDlg.obj
 0002:000057cc       __unwindtable$??1sentry@?$basic_ostream@DU?$char_traits@D@std@@@std@@QAE@XZ 100147cc     DIL_CAN_IXXAT_VCI.obj
 0002:000057cc       __unwindtable$??_GCDIL_CAN_IXXAT_VCI@@UAEPAXI@Z 100147cc     DIL_CAN_IXXAT_VCI.obj
 0002:000057d4       __ehfuncinfo$?FillBaudStruct@CCANControllerConfigDlg@@IAEXXZ 100147d4     CANControllerConfigDlg.obj
 0002:000057f8       __unwindtable$?FillBaudStruct@CCANControllerConfigDlg@@IAEXXZ 100147f8     CANControllerConfigDlg.obj
 0002:00005800       __ehfuncinfo$?InvokeAdavancedSettings@CCANControllerConfigDlg@@UAEHPAVSCONTROLLER_DETAILS@@II@Z 10014800     CANControllerConfigDlg.obj
 0002:00005800       __ehfuncinfo$?UpdateBTRFields@CCANControllerConfigDlg@@IAEXH@Z 10014800     CANControllerConfigDlg.obj
 0002:00005824       __unwindtable$?InvokeAdavancedSettings@CCANControllerConfigDlg@@UAEHPAVSCONTROLLER_DETAILS@@II@Z 10014824     CANControllerConfigDlg.obj
 0002:00005824       __unwindtable$?UpdateBTRFields@CCANControllerConfigDlg@@IAEXH@Z 10014824     CANControllerConfigDlg.obj
 0002:0000582c       __ehfuncinfo$?UpdateComboBoxIndexFromEditFields@CCANControllerConfigDlg@@IAEXXZ 1001482c     CANControllerConfigDlg.obj
 0002:00005850       __unwindtable$?UpdateComboBoxIndexFromEditFields@CCANControllerConfigDlg@@IAEXXZ 10014850     CANControllerConfigDlg.obj
 0002:00005858       __ehfuncinfo$??__Esg_HardwareList@@YAXXZ 10014858     ClientBuffer.obj
 0002:0000587c       __unwindtable$??__Esg_HardwareList@@YAXXZ 1001487c     ClientBuffer.obj
 0002:00005884       __ehfuncinfo$??__Esg_SelectedChannels@@YAXXZ 10014884     ClientBuffer.obj
 0002:000058a8       __unwindtable$??__Esg_SelectedChannels@@YAXXZ 100148a8     ClientBuffer.obj
 0002:000058b0       __ehfuncinfo$??__Esg_HardwareList@@YAXXZ 100148b0     ClientList.obj
 0002:000058d4       __unwindtable$??__Esg_HardwareList@@YAXXZ 100148d4     ClientList.obj
 0002:000058dc       __ehfuncinfo$??__Esg_SelectedChannels@@YAXXZ 100148dc     ClientList.obj
 0002:00005900       __unwindtable$??__Esg_SelectedChannels@@YAXXZ 10014900     ClientList.obj
 0002:00005908       __ehfuncinfo$?RegisterClient@CClientList@@QAEJAAKV?$basic_string@DU?$char_traits@D@std@@V?$allocator@D@2@@std@@@Z 10014908     ClientList.obj
 0002:0000592c       __unwindtable$?RegisterClient@CClientList@@QAEJAAKV?$basic_string@DU?$char_traits@D@std@@V?$allocator@D@2@@std@@@Z 1001492c     ClientList.obj
 0002:00005954       __ehfuncinfo$??__Esg_HardwareList@@YAXXZ 10014954     DIL_CAN_IXXAT_VCI.obj
 0002:00005978       __unwindtable$??__Esg_HardwareList@@YAXXZ 10014978     DIL_CAN_IXXAT_VCI.obj
 0002:00005980       __ehfuncinfo$??__Esg_SelectedChannels@@YAXXZ 10014980     DIL_CAN_IXXAT_VCI.obj
 0002:000059a4       __unwindtable$??__Esg_SelectedChannels@@YAXXZ 100149a4     DIL_CAN_IXXAT_VCI.obj
 0002:000059ac       __ehfuncinfo$?ListHardwareInterfaces@@YAHPAUHWND__@@PAVINTERFACE_HW@@PAHAAHPAVSCONTROLLER_DETAILS@@@Z 100149ac     DIL_CAN_IXXAT_VCI.obj
 0002:000059d0       __unwindtable$?ListHardwareInterfaces@@YAHPAUHWND__@@PAVINTERFACE_HW@@PAHAAHPAVSCONTROLLER_DETAILS@@@Z 100149d0     DIL_CAN_IXXAT_VCI.obj
 0002:000059f0       __ehfuncinfo$?VciDeviceInfoAddToArray@CDIL_CAN_IXXAT_VCI@@IAEHHPAU_VCIDEVICEINFO@@AAY0BA@VINTERFACE_HW@@@Z 100149f0     DIL_CAN_IXXAT_VCI.obj
 0002:00005a14       __unwindtable$?VciDeviceInfoAddToArray@CDIL_CAN_IXXAT_VCI@@IAEHHPAU_VCIDEVICEINFO@@AAY0BA@VINTERFACE_HW@@@Z 10014a14     DIL_CAN_IXXAT_VCI.obj
 0002:00005a34       __ehfuncinfo$??$?6U?$char_traits@D@std@@@std@@YAAAV?$basic_ostream@DU?$char_traits@D@std@@@0@AAV10@PBD@Z 10014a34     DIL_CAN_IXXAT_VCI.obj
 0002:00005a58       __unwindtable$??$?6U?$char_traits@D@std@@@std@@YAAAV?$basic_ostream@DU?$char_traits@D@std@@@0@AAV10@PBD@Z 10014a58     DIL_CAN_IXXAT_VCI.obj
 0002:00005a80       __tryblocktable$??$?6U?$char_traits@D@std@@@std@@YAAAV?$basic_ostream@DU?$char_traits@D@std@@@0@AAV10@PBD@Z 10014a80     DIL_CAN_IXXAT_VCI.obj
 0002:00005a94       __catchsym$??$?6U?$char_traits@D@std@@@std@@YAAAV?$basic_ostream@DU?$char_traits@D@std@@@0@AAV10@PBD@Z$19 10014a94     DIL_CAN_IXXAT_VCI.obj
 0002:00005aa4       __ehfuncinfo$??__Esg_HardwareList@@YAXXZ 10014aa4     IxxatCanChannel.obj
 0002:00005ac8       __unwindtable$??__Esg_HardwareList@@YAXXZ 10014ac8     IxxatCanChannel.obj
 0002:00005ad0       __ehfuncinfo$??__Esg_SelectedChannels@@YAXXZ 10014ad0     IxxatCanChannel.obj
 0002:00005af4       __unwindtable$??__Esg_SelectedChannels@@YAXXZ 10014af4     IxxatCanChannel.obj
 0002:00005afc       __ehfuncinfo$?LoadLangResourceDLL@CMultiLanguage@@SAPAUHINSTANCE__@@PBDG@Z 10014afc     MultiLanguage.obj
 0002:00005b20       __unwindtable$?LoadLangResourceDLL@CMultiLanguage@@SAPAUHINSTANCE__@@PBDG@Z 10014b20     MultiLanguage.obj
 0002:00005b38       __unwindtable$?OnChar@CRadixEdit@@IAEXIII@Z 10014b38     Utils:RadixEdit.obj
 0002:00005b48       __ehfuncinfo$?OnChar@CRadixEdit@@IAEXIII@Z 10014b48     Utils:RadixEdit.obj
 0002:00005b6c       __unwindtable$?OnChange@CRadixEdit@@IAEXXZ 10014b6c     Utils:RadixEdit.obj
 0002:00005b74       __ehfuncinfo$?OnChange@CRadixEdit@@IAEXXZ 10014b74     Utils:RadixEdit.obj
 0002:00005b98       __unwindtable$?AfxWndProcDllStatic@@YGJPAUHWND__@@IIJ@Z 10014b98     mfcs140:dllmodul.obj
 0002:00005ba0       __ehfuncinfo$?AfxWndProcDllStatic@@YGJPAUHWND__@@IIJ@Z 10014ba0     mfcs140:dllmodul.obj
 0002:00005bc4       __catchsym$_InternalDllMain@12$7 10014bc4     mfcs140:dllmodul.obj
 0002:00005bd4       __tryblocktable$_InternalDllMain@12 10014bd4     mfcs140:dllmodul.obj
 0002:00005be8       __unwindtable$_InternalDllMain@12 10014be8     mfcs140:dllmodul.obj
 0002:00005c08       __ehfuncinfo$_InternalDllMain@12 10014c08     mfcs140:dllmodul.obj
 0002:00005c30       __sehtable$??_M@YGXPAXIIP6EX0@Z@Z 10014c30     msvcrt:ehvecdtr.obj
 0002:00005c50       __sehtable$?__ArrayUnwind@@YGXPAXIIP6EX0@Z@Z 10014c50     msvcrt:ehvecdtr.obj
 0002:00005c70       __sehtable$___scrt_is_nonwritable_in_current_image 10014c70     msvcrt:utility.obj
 0002:00005c90       __sehtable$??_L@YGXPAXIIP6EX0@Z1@Z 10014c90     msvcrt:ehvecctr.obj
 0002:00005cb0       __sehtable$?dllmain_crt_process_attach@@YAHQAUHINSTANCE__@@QAX@Z 10014cb0     msvcrt:dll_dllmain.obj
 0002:00005cd0       __sehtable$?dllmain_crt_process_detach@@YAH_N@Z 10014cd0     msvcrt:dll_dllmain.obj
 0002:00005cf8       __sehtable$?dllmain_dispatch@@YAHQAUHINSTANCE__@@KQAX@Z 10014cf8     msvcrt:dll_dllmain.obj
 0002:00005d18       __sehtable$__IsNonwritableInCurrentImage 10014d18     mfcs140:rawdllmainproxy.obj
 0002:00005db0       .edata                     10014db0     CAN_IXXAT_VCI.exp
 0002:00005dd8       rgpv                       10014dd8     CAN_IXXAT_VCI.exp
 0002:00005ddc       rgszName                   10014ddc     CAN_IXXAT_VCI.exp
 0002:00005de0       rgwOrd                     10014de0     CAN_IXXAT_VCI.exp
 0002:00005de2       szName                     10014de2     CAN_IXXAT_VCI.exp
 0002:00005df4       $N00001                    10014df4     CAN_IXXAT_VCI.exp
 0002:00006464       .idata$6                   10015464     mfc140:mfc140.dll
 0002:0000673e       .idata$6                   1001573e     kernel32:KERNEL32.dll
 0002:00006794       .idata$6                   10015794     user32:USER32.dll
 0002:000067d2       .idata$6                   100157d2     advapi32:ADVAPI32.dll
 0002:000067f0       .idata$6                   100157f0     ole32:ole32.dll
 0002:00006dce       .idata$6                   10015dce     msvcprt:MSVCP140.dll
 0002:00006ee4       .idata$6                   10015ee4     vcruntime:VCRUNTIME140.dll
 0002:00007084       .idata$6                   10016084     ucrt:api-ms-win-crt-runtime-l1-1-0.dll
 0002:000070a6       .idata$6                   100160a6     ucrt:api-ms-win-crt-convert-l1-1-0.dll
 0002:000070c8       .idata$6                   100160c8     ucrt:api-ms-win-crt-heap-l1-1-0.dll
 0002:000070e8       .idata$6                   100160e8     ucrt:api-ms-win-crt-stdio-l1-1-0.dll
 0002:00007108       .idata$6                   10016108     ucrt:api-ms-win-crt-string-l1-1-0.dll
 0003:00000518       ?g_hLibIntl@@3PAUHINSTANCE__@@A 10017518     Utils:MultiLanguageSupport.obj
 0003:0000051c       ?g_pfGetText@@3P6APADPBD@ZA 1001751c     Utils:MultiLanguageSupport.obj
 0003:00000520       ?g_pfTextDomain@@3P6APADPBD@ZA 10017520     Utils:MultiLanguageSupport.obj
 0003:00000524       ?g_pfBindTextDomain@@3P6APADPBD0@ZA 10017524     Utils:MultiLanguageSupport.obj
 0003:00000534       ?pafxModuleStatePrev@@3PAVAFX_MODULE_STATE@@A 10017534     mfcs140:dllmodul.obj
 0003:00000538       ?afxModuleState@@3V_AFX_DLL_MODULE_STATE@@A 10017538     mfcs140:dllmodul.obj
 0003:000005d4       ?controlDLL@@3UAFX_EXTENSION_MODULE@@A 100175d4     mfcs140:dllmodul.obj
 0003:000005f0       ?g_tss_cv@@3U_RTL_CONDITION_VARIABLE@@A 100175f0     msvcrt:thread_safe_statics.obj
 0003:000005f4       ?g_tss_srw@@3U_RTL_SRWLOCK@@A 100175f4     msvcrt:thread_safe_statics.obj
 0003:00000600       ?is_initialized_as_dll@@3_NA 10017600     msvcrt:utility.obj
 0003:00000601       ?module_local_atexit_table_initialized@@3_NA 10017601     msvcrt:utility.obj
 0003:00000604       ?module_local_atexit_table@@3U_onexit_table_t@@A 10017604     msvcrt:utility.obj
 0003:00000610       ?module_local_at_quick_exit_table@@3U_onexit_table_t@@A 10017610     msvcrt:utility.obj
 0003:0000061c       ?__proc_attached@@3HA      1001761c     msvcrt:dll_dllmain.obj
 0003:00000628       _GS_ExceptionRecord        10017628     msvcrt:gs_report.obj
 0003:00000678       _GS_ContextRecord          10017678     msvcrt:gs_report.obj
 0003:00000a88       ?sg_HardwareList@@3VSELECTED_CHANNELS@@A 10017a88     HardwareListingCAN.obj
 0003:0000148c       ?ghLangInst@@3PAUHINSTANCE__@@A 1001848c     CAN_IXXAT_VCI.obj
 0003:00001490       ?m_omDialType@@3QBV?$basic_string@DU?$char_traits@D@std@@V?$allocator@D@2@@std@@B 10018490     HardwareListingCAN.obj
 0003:000015b0       ?sg_SelectedChannels@@3VSELECTED_CHANNELS@@A 100185b0     HardwareListingCAN.obj
 0003:00001fb4       ?g_pouDIL_CAN_IXXAT_VCI@@3PAVCDIL_CAN_IXXAT_VCI@@A 10018fb4     CAN_IXXAT_VCI.obj
 0003:00001fb8       ?sg_HardwareList@@3VSELECTED_CHANNELS@@A 10018fb8     CAN_IXXAT_VCI.obj
 0003:000029bc       ?g_dwInstanceCounter@@3KA  100199bc     vcinpldynl.obj
 0003:00002a8c       ?g_hInstVciNplLib@@3PAUHINSTANCE__@@A 10019a8c     vcinpldynl.obj
 0003:00002a90       ?sg_SelectedChannels@@3VSELECTED_CHANNELS@@A 10019a90     CAN_IXXAT_VCI.obj
 0003:00003498       ?sg_HardwareList@@3VSELECTED_CHANNELS@@A 1001a498     CANControllerConfigDlg.obj
 0003:00003ea0       ?sg_SelectedChannels@@3VSELECTED_CHANNELS@@A 1001aea0     CANControllerConfigDlg.obj
 0003:000048a8       ?sg_HardwareList@@3VSELECTED_CHANNELS@@A 1001b8a8     ClientBuffer.obj
 0003:000052b0       ?sg_SelectedChannels@@3VSELECTED_CHANNELS@@A 1001c2b0     ClientBuffer.obj
 0003:00005cb8       ?sg_HardwareList@@3VSELECTED_CHANNELS@@A 1001ccb8     ClientList.obj
 0003:000066c0       ?sg_SelectedChannels@@3VSELECTED_CHANNELS@@A 1001d6c0     ClientList.obj
 0003:000070c8       ?sg_HardwareList@@3VSELECTED_CHANNELS@@A 1001e0c8     DIL_CAN_IXXAT_VCI.obj
 0003:00007ad0       ?sg_SelectedChannels@@3VSELECTED_CHANNELS@@A 1001ead0     DIL_CAN_IXXAT_VCI.obj
 0003:000084d8       ?sg_HardwareList@@3VSELECTED_CHANNELS@@A 1001f4d8     IxxatCanChannel.obj
 0003:00008ee0       ?sg_SelectedChannels@@3VSELECTED_CHANNELS@@A 1001fee0     IxxatCanChannel.obj
 0004:00000190       $R000000                   10021190     CAN_IXXAT_VCI.res
 0004:00000850       $R0006C0                   10021850     CAN_IXXAT_VCI.res
 0004:00000bb0       $R000A20                   10021bb0     CAN_IXXAT_VCI.res
 0004:00000ea0       $R000D10                   10021ea0     CAN_IXXAT_VCI.res
 0004:00000f70       $R000DE0                   10021f70     CAN_IXXAT_VCI.res
 0004:00001130       $R000FA0                   10022130     CAN_IXXAT_VCI.res
