c:\users\jackf\onedrive\documents\github\busmaster\sources\busmaster\utility\release\utils.pdb
c:\users\jackf\onedrive\documents\github\busmaster\sources\busmaster\bin\dumpfiles\release\obj\utils\radixedit.obj
c:\users\jackf\onedrive\documents\github\busmaster\sources\busmaster\bin\dumpfiles\release\obj\utils\offscreendc.obj
c:\users\jackf\onedrive\documents\github\busmaster\sources\busmaster\bin\dumpfiles\release\obj\utils\numspinctrl.obj
c:\users\jackf\onedrive\documents\github\busmaster\sources\busmaster\bin\dumpfiles\release\obj\utils\numedit.obj
c:\users\jackf\onedrive\documents\github\busmaster\sources\busmaster\bin\dumpfiles\release\obj\utils\multilanguagesupport.obj
c:\users\jackf\onedrive\documents\github\busmaster\sources\busmaster\bin\dumpfiles\release\obj\utils\msginterpretation.obj
c:\users\jackf\onedrive\documents\github\busmaster\sources\busmaster\bin\dumpfiles\release\obj\utils\keynumedit.obj
c:\users\jackf\onedrive\documents\github\busmaster\sources\busmaster\bin\dumpfiles\release\obj\utils\baseimportlogfile.obj
c:\users\jackf\onedrive\documents\github\busmaster\sources\busmaster\bin\dumpfiles\release\obj\utils\flickerfreetree.obj
c:\users\jackf\onedrive\documents\github\busmaster\sources\busmaster\bin\dumpfiles\release\obj\utils\flickerfreelistctrl.obj
c:\users\jackf\onedrive\documents\github\busmaster\sources\busmaster\bin\dumpfiles\release\obj\utils\flexlistctrl.obj
c:\users\jackf\onedrive\documents\github\busmaster\sources\busmaster\bin\dumpfiles\release\obj\utils\fflistctrl.obj
c:\users\jackf\onedrive\documents\github\busmaster\sources\busmaster\bin\dumpfiles\release\obj\utils\edititem.obj
c:\users\jackf\onedrive\documents\github\busmaster\sources\busmaster\bin\dumpfiles\release\obj\utils\directorywatcher.obj
c:\users\jackf\onedrive\documents\github\busmaster\sources\busmaster\bin\dumpfiles\release\obj\utils\comboitem.obj
c:\users\jackf\onedrive\documents\github\busmaster\sources\busmaster\bin\dumpfiles\release\obj\utils\columntreewnd.obj
c:\users\jackf\onedrive\documents\github\busmaster\sources\busmaster\bin\dumpfiles\release\obj\utils\columntreectrl.obj
c:\users\jackf\onedrive\documents\github\busmaster\sources\busmaster\bin\dumpfiles\release\obj\utils\colorselector.obj
c:\users\jackf\onedrive\documents\github\busmaster\sources\busmaster\bin\dumpfiles\release\obj\utils\buttonitem.obj
c:\users\jackf\onedrive\documents\github\busmaster\sources\busmaster\bin\dumpfiles\release\obj\utils\alphanumiricedit.obj
c:\users\jackf\onedrive\documents\github\busmaster\sources\busmaster\bin\dumpfiles\release\obj\utils\alphachar.obj
c:\users\jackf\onedrive\documents\github\busmaster\sources\busmaster\bin\dumpfiles\release\obj\utils\waitindicator.obj
c:\users\jackf\onedrive\documents\github\busmaster\sources\busmaster\bin\dumpfiles\release\obj\utils\utility_thread.obj
c:\users\jackf\onedrive\documents\github\busmaster\sources\busmaster\bin\dumpfiles\release\obj\utils\utility_structs.obj
c:\users\jackf\onedrive\documents\github\busmaster\sources\busmaster\bin\dumpfiles\release\obj\utils\utility.obj
c:\users\jackf\onedrive\documents\github\busmaster\sources\busmaster\bin\dumpfiles\release\obj\utils\utilfunctions.obj
c:\users\jackf\onedrive\documents\github\busmaster\sources\busmaster\bin\dumpfiles\release\obj\utils\timemanager.obj
c:\users\jackf\onedrive\documents\github\busmaster\sources\busmaster\bin\dumpfiles\release\obj\utils\sortdata.obj
c:\users\jackf\onedrive\documents\github\busmaster\sources\busmaster\bin\dumpfiles\release\obj\utils\signalmatrix.obj
c:\users\jackf\onedrive\documents\github\busmaster\sources\busmaster\bin\dumpfiles\release\obj\utils\signaldetailsdlg.obj
c:\users\jackf\onedrive\documents\github\busmaster\sources\busmaster\bin\dumpfiles\release\obj\utils\readfile.obj
c:\users\jackf\onedrive\documents\github\busmaster\sources\busmaster\bin\libs\release\utils.lib
c:\users\jackf\onedrive\documents\github\busmaster\sources\busmaster\utility\release\signaldetails.res
c:\users\jackf\onedrive\documents\github\busmaster\sources\busmaster\utility\release\utils.tlog\cl.command.1.tlog
c:\users\jackf\onedrive\documents\github\busmaster\sources\busmaster\utility\release\utils.tlog\cl.items.tlog
c:\users\jackf\onedrive\documents\github\busmaster\sources\busmaster\utility\release\utils.tlog\cl.read.1.tlog
c:\users\jackf\onedrive\documents\github\busmaster\sources\busmaster\utility\release\utils.tlog\cl.write.1.tlog
c:\users\jackf\onedrive\documents\github\busmaster\sources\busmaster\utility\release\utils.tlog\lib-link-cvtres.write.1.tlog
c:\users\jackf\onedrive\documents\github\busmaster\sources\busmaster\utility\release\utils.tlog\lib.command.1.tlog
c:\users\jackf\onedrive\documents\github\busmaster\sources\busmaster\utility\release\utils.tlog\lib.read.1.tlog
c:\users\jackf\onedrive\documents\github\busmaster\sources\busmaster\utility\release\utils.tlog\rc.command.1.tlog
c:\users\jackf\onedrive\documents\github\busmaster\sources\busmaster\utility\release\utils.tlog\rc.read.1.tlog
c:\users\jackf\onedrive\documents\github\busmaster\sources\busmaster\utility\release\utils.tlog\rc.write.1.tlog
