c:\users\jackf\onedrive\documents\github\busmaster\sources\busmaster\signalwatch\release\vc143.pdb
c:\users\jackf\onedrive\documents\github\busmaster\sources\busmaster\bin\dumpfiles\release\obj\signalwatch\sigwatchdlg.obj
c:\users\jackf\onedrive\documents\github\busmaster\sources\busmaster\bin\dumpfiles\release\obj\signalwatch\signalwatch_lin.obj
c:\users\jackf\onedrive\documents\github\busmaster\sources\busmaster\bin\dumpfiles\release\obj\signalwatch\msgsignalselect.obj
c:\users\jackf\onedrive\documents\github\busmaster\sources\busmaster\bin\dumpfiles\release\obj\signalwatch\signalwatchlistbox.obj
c:\users\jackf\onedrive\documents\github\busmaster\sources\busmaster\bin\dumpfiles\release\obj\signalwatch\signalwatch_j1939.obj
c:\users\jackf\onedrive\documents\github\busmaster\sources\busmaster\bin\dumpfiles\release\obj\signalwatch\signalwatch_can.obj
c:\users\jackf\onedrive\documents\github\busmaster\sources\busmaster\bin\dumpfiles\release\obj\signalwatch\signalwatch.obj
c:\users\jackf\onedrive\documents\github\busmaster\sources\busmaster\bin\dumpfiles\release\obj\signalwatch\checkboxtree.obj
c:\users\jackf\onedrive\documents\github\busmaster\sources\busmaster\bin\dumpfiles\release\obj\signalwatch\basesignalwatchimp.obj
c:\users\jackf\onedrive\documents\github\busmaster\sources\busmaster\bin\dumpfiles\release\obj\signalwatch\multilanguage.obj
c:\users\jackf\onedrive\documents\github\busmaster\sources\busmaster\bin\release\signalwatch.dll
c:\users\jackf\onedrive\documents\github\busmaster\sources\busmaster\bin\dumpfiles\release\pdb\signalwatch.pdb
c:\users\jackf\onedrive\documents\github\busmaster\sources\busmaster\signalwatch\release\signalwatch.res
c:\users\jackf\onedrive\documents\github\busmaster\sources\busmaster\bin\libs\release\signalwatch.lib
c:\users\jackf\onedrive\documents\github\busmaster\sources\busmaster\bin\libs\release\signalwatch.exp
c:\users\jackf\onedrive\documents\github\busmaster\sources\busmaster\signalwatch\release\signalwatch.tlog\cl.command.1.tlog
c:\users\jackf\onedrive\documents\github\busmaster\sources\busmaster\signalwatch\release\signalwatch.tlog\cl.items.tlog
c:\users\jackf\onedrive\documents\github\busmaster\sources\busmaster\signalwatch\release\signalwatch.tlog\cl.read.1.tlog
c:\users\jackf\onedrive\documents\github\busmaster\sources\busmaster\signalwatch\release\signalwatch.tlog\cl.write.1.tlog
c:\users\jackf\onedrive\documents\github\busmaster\sources\busmaster\signalwatch\release\signalwatch.tlog\link.command.1.tlog
c:\users\jackf\onedrive\documents\github\busmaster\sources\busmaster\signalwatch\release\signalwatch.tlog\link.read.1.tlog
c:\users\jackf\onedrive\documents\github\busmaster\sources\busmaster\signalwatch\release\signalwatch.tlog\link.secondary.1.tlog
c:\users\jackf\onedrive\documents\github\busmaster\sources\busmaster\signalwatch\release\signalwatch.tlog\link.write.1.tlog
c:\users\jackf\onedrive\documents\github\busmaster\sources\busmaster\signalwatch\release\signalwatch.tlog\rc.command.1.tlog
c:\users\jackf\onedrive\documents\github\busmaster\sources\busmaster\signalwatch\release\signalwatch.tlog\rc.read.1.tlog
c:\users\jackf\onedrive\documents\github\busmaster\sources\busmaster\signalwatch\release\signalwatch.tlog\rc.write.1.tlog
