c:\users\jackf\onedrive\documents\github\busmaster\sources\busmaster\replay\release\vc143.pdb
c:\users\jackf\onedrive\documents\github\busmaster\sources\busmaster\bin\dumpfiles\release\obj\replay\utility_replay.obj
c:\users\jackf\onedrive\documents\github\busmaster\sources\busmaster\bin\dumpfiles\release\obj\replay\replayprocess.obj
c:\users\jackf\onedrive\documents\github\busmaster\sources\busmaster\bin\dumpfiles\release\obj\replay\replaymanager.obj
c:\users\jackf\onedrive\documents\github\busmaster\sources\busmaster\bin\dumpfiles\release\obj\replay\replayfileconfigdlg.obj
c:\users\jackf\onedrive\documents\github\busmaster\sources\busmaster\bin\dumpfiles\release\obj\replay\replayfile.obj
c:\users\jackf\onedrive\documents\github\busmaster\sources\busmaster\bin\dumpfiles\release\obj\replay\replay.obj
c:\users\jackf\onedrive\documents\github\busmaster\sources\busmaster\bin\dumpfiles\release\obj\replay\ownerdatalistctrl.obj
c:\users\jackf\onedrive\documents\github\busmaster\sources\busmaster\bin\dumpfiles\release\obj\replay\multilanguage.obj
c:\users\jackf\onedrive\documents\github\busmaster\sources\busmaster\bin\dumpfiles\release\obj\replay\msgreplaywnd.obj
c:\users\jackf\onedrive\documents\github\busmaster\sources\busmaster\bin\release\replay.dll
c:\users\jackf\onedrive\documents\github\busmaster\sources\busmaster\bin\dumpfiles\release\pdb\replay.pdb
c:\users\jackf\onedrive\documents\github\busmaster\sources\busmaster\replay\release\replay.res
c:\users\jackf\onedrive\documents\github\busmaster\sources\busmaster\bin\libs\release\replay.lib
c:\users\jackf\onedrive\documents\github\busmaster\sources\busmaster\bin\libs\release\replay.exp
c:\users\jackf\onedrive\documents\github\busmaster\sources\busmaster\replay\release\replay.tlog\cl.command.1.tlog
c:\users\jackf\onedrive\documents\github\busmaster\sources\busmaster\replay\release\replay.tlog\cl.items.tlog
c:\users\jackf\onedrive\documents\github\busmaster\sources\busmaster\replay\release\replay.tlog\cl.read.1.tlog
c:\users\jackf\onedrive\documents\github\busmaster\sources\busmaster\replay\release\replay.tlog\cl.write.1.tlog
c:\users\jackf\onedrive\documents\github\busmaster\sources\busmaster\replay\release\replay.tlog\link.command.1.tlog
c:\users\jackf\onedrive\documents\github\busmaster\sources\busmaster\replay\release\replay.tlog\link.read.1.tlog
c:\users\jackf\onedrive\documents\github\busmaster\sources\busmaster\replay\release\replay.tlog\link.secondary.1.tlog
c:\users\jackf\onedrive\documents\github\busmaster\sources\busmaster\replay\release\replay.tlog\link.write.1.tlog
c:\users\jackf\onedrive\documents\github\busmaster\sources\busmaster\replay\release\replay.tlog\rc.command.1.tlog
c:\users\jackf\onedrive\documents\github\busmaster\sources\busmaster\replay\release\replay.tlog\rc.read.1.tlog
c:\users\jackf\onedrive\documents\github\busmaster\sources\busmaster\replay\release\replay.tlog\rc.write.1.tlog
