c:\users\jackf\onedrive\documents\github\busmaster\sources\busmaster\bin\dumpfiles\release\obj\signaldefiner\signaldefinerdlg.obj
c:\users\jackf\onedrive\documents\github\busmaster\sources\busmaster\bin\dumpfiles\release\obj\signaldefiner\signaldefiner.obj
c:\users\jackf\onedrive\documents\github\busmaster\sources\busmaster\bin\dumpfiles\release\obj\signaldefiner\multilanguage.obj
c:\users\jackf\onedrive\documents\github\busmaster\sources\busmaster\signaldefiner\bin\release\signaldefiner.dll
c:\users\jackf\onedrive\documents\github\busmaster\sources\busmaster\signaldefiner\bin\dumpfiles\release\pdb\signaldefiner.pdb
c:\users\jackf\onedrive\documents\github\busmaster\sources\busmaster\bin\release\signaldefiner.dll
c:\users\jackf\onedrive\documents\github\busmaster\sources\busmaster\bin\dumpfiles\release\pdb\signaldefiner.pdb
c:\users\jackf\onedrive\documents\github\busmaster\sources\busmaster\signaldefiner\release\signaldefiner.res
c:\users\jackf\onedrive\documents\github\busmaster\sources\busmaster\bin\libs\release\signaldefiner.lib
c:\users\jackf\onedrive\documents\github\busmaster\sources\busmaster\bin\libs\release\signaldefiner.exp
c:\users\jackf\onedrive\documents\github\busmaster\sources\busmaster\signaldefiner\release\signaldefiner.ipdb
c:\users\jackf\onedrive\documents\github\busmaster\sources\busmaster\signaldefiner\release\signaldefiner.iobj
c:\users\jackf\onedrive\documents\github\busmaster\sources\busmaster\signaldefiner\release\signaldefiner.tlog\cl.command.1.tlog
c:\users\jackf\onedrive\documents\github\busmaster\sources\busmaster\signaldefiner\release\signaldefiner.tlog\cl.items.tlog
c:\users\jackf\onedrive\documents\github\busmaster\sources\busmaster\signaldefiner\release\signaldefiner.tlog\cl.read.1.tlog
c:\users\jackf\onedrive\documents\github\busmaster\sources\busmaster\signaldefiner\release\signaldefiner.tlog\cl.write.1.tlog
c:\users\jackf\onedrive\documents\github\busmaster\sources\busmaster\signaldefiner\release\signaldefiner.tlog\link.command.1.tlog
c:\users\jackf\onedrive\documents\github\busmaster\sources\busmaster\signaldefiner\release\signaldefiner.tlog\link.read.1.tlog
c:\users\jackf\onedrive\documents\github\busmaster\sources\busmaster\signaldefiner\release\signaldefiner.tlog\link.secondary.1.tlog
c:\users\jackf\onedrive\documents\github\busmaster\sources\busmaster\signaldefiner\release\signaldefiner.tlog\link.write.1.tlog
c:\users\jackf\onedrive\documents\github\busmaster\sources\busmaster\signaldefiner\release\signaldefiner.tlog\rc.command.1.tlog
c:\users\jackf\onedrive\documents\github\busmaster\sources\busmaster\signaldefiner\release\signaldefiner.tlog\rc.read.1.tlog
c:\users\jackf\onedrive\documents\github\busmaster\sources\busmaster\signaldefiner\release\signaldefiner.tlog\rc.write.1.tlog
